--Date and time: Mon Aug 24 23:51:07 2026
read constant: l
l=0.999
read constant: l2
l2=0.998001
read constant: Ts
Ts=6.487012987012986e-06
read constant: fcc_flag
fcc_flag=2
closed file sim_consts.h5
a2 (double): 0.24950025
a2 (Real): 0.2495002448558807
a1 (double): -0.9940033569129691
a1 (Real): -0.9940033555030823
sl2 (double): 0.2495002797427474
sl2 (Real): 0.2495002746582031
l2=0.998001
NN=12
read constant: Nx
Nx=1348
read constant: Ny
Ny=526
read constant: Nz
Nz=868
Npts=615453664
read constant: Nb
Nb=6880804
read and closed dataset: bn_ixyz
read and closed dataset: adj_bn
read and closed dataset: mat_bn
read and closed dataset: saf_bn
closed file vox_out.h5
read constant: Nt
Nt=77078
read constant: Ns
Ns=8
read constant: Nr
Nr=40
read constant: Nr
Nr=40
read constant: diff
diff=1
read and closed dataset: in_ixyz
read and closed dataset: out_ixyz
read and closed dataset: out_reorder
read and closed dataset: in_sigs
closed file comms_out.h5
read constant: Nmat
Nm=1
read and closed dataset: Mb
Mb[0]=11
read and closed dataset: mat_00_DEF
DEF[0,0]=[0.4873760197509073, 33.83366566591938, 4697.469247577117]
DEF[0,1]=[0.347227381991873, 48.20908159728406, 13386.70663080361]
DEF[0,2]=[0.1633136284193689, 45.34895832957184, 25185.01415321368]
DEF[0,3]=[0.06721559583826109, 37.32887799099483, 41461.95878169657]
DEF[0,4]=[234.061429287882, 259976.882666023, 577523428.1562364]
DEF[0,5]=[0.05540309110583785, 123.0747240976802, 546806.5918121318]
DEF[0,6]=[0.02678122949463829, 118.985867584632, 1057280.561947464]
DEF[0,7]=[0.01516768352339887, 134.7764846749892, 2395184.576909889]
DEF[0,8]=[0.01402013695346875, 249.1593090448397, 8855885.144309167]
DEF[0,9]=[0.005853946682843732, 208.0671987047614, 14790691.31385266]
DEF[0,10]=[0.00213043914318709, 151.4446675208104, 21531229.7409048]
closed file sim_mats.h5
bn_ixyz checked
checked adj_bn against mat_bn.
adj_bn filled
adj_bn double checked
K_bn calculated
bn_mask_raw filled
bn_mask double checked
Nbl = 6880804
separated non-rigid bn
ABC nodes
sorted ABC nodes for FCC/GPU
max_in = 7.2467876249999776e+07, pow2 = 2, norm1 = 4.0000000000000000e+00, inv_infac = 5.5196870765203529e-08, infac = 1.8116969062499944e+07
gid=0, Nx[0]=1348, Nx=1348
Nxcc[0]=1348
gid=0, Nb[0]=6880804, Nb=6880804
gid=0, Nbl[0]=6880804, Nbl=6880804
gid=0, Nba[0]=3477296, Nbl=3477296
gid=0, Ns[0]=8, Ns=8
gid=0, Nr[0]=40, Nr=40
Device Number: 0 [NVIDIA GeForce RTX 4090]
  Compute: 8.9
  Peak Memory Bandwidth: 1008.096 GB/s
  Total global memory: [ 25.251 GB | 23.516 GiB | 24080 MiB ]
  Registers per block: 65536
  Concurrent Kernels: 1
  Async Engine: 2
a1 = -0.9940033555030823
a2 = 0.2495002448558807
GPU 0 -- Nx=1348 Ns=8 Nr=40 Nb=6880804 Nbl=6880804 Nba=3477296
---------
GPU 0
---------
Nx to read = 1348
Nb to read = 6880804
Nbl to read = 6880804
Nba to read = 3477296
Ns to read = 8
Nr to read = 40
Nx=1348 Ns=8 Nr=40 Nb=6880804, Npts=615453664
Nx_read = 1348
Nb_read = 6880804
Nbl_read = 6880804
Ns_read = 8
Nr_read = 40
Global memory allocation done
Constant memory loaded
Boundary loop: 219.575888s, 2415.38 Mvox/s
Air update: 724.628555s, 65465.18 Mvox/s
Combined (total): 946.067383s, 50142.24 Mvox/s
wrote output dataset
RAW OUTPUTS
receiver 0
sample 77073: 2.3028760180186400e+04
sample 77074: -2.3064962757822723e+04
sample 77075: 2.3319874038968010e+04
sample 77076: -2.1557305199429728e+04
sample 77077: 1.8804831552656629e+04
receiver 1
sample 77073: 3.6265804019799361e+04
sample 77074: -4.1381328421718950e+04
sample 77075: 4.2849062962804761e+04
sample 77076: -4.1106635959353101e+04
sample 77077: 3.7924639239852360e+04
receiver 2
sample 77073: 3.4007961139994120e+04
sample 77074: -3.5016584145686393e+04
sample 77075: 3.6903079059023396e+04
sample 77076: -3.8543198189711722e+04
sample 77077: 3.7724448370986385e+04
receiver 3
sample 77073: 5.5398181899987372e+04
sample 77074: -4.1412201321890258e+04
sample 77075: 2.6595653678199404e+04
sample 77076: -8.5418663749912794e+03
sample 77077: -1.1601572094874045e+04
receiver 4
sample 77073: 4.0868114438231809e+04
sample 77074: -4.2524047546614107e+04
sample 77075: 4.4560958739116111e+04
sample 77076: -4.9791846298131633e+04
sample 77077: 5.3596531571162683e+04
receiver 5
sample 77073: 6.7113762059843662e+04
sample 77074: -5.5544658393831967e+04
sample 77075: 3.7561706553592041e+04
sample 77076: -1.8698507967232668e+04
sample 77077: 4.7895203484864705e+03
receiver 6
sample 77073: 6.2140588766283283e+04
sample 77074: -4.6412847658054234e+04
sample 77075: 2.8542898900085005e+04
sample 77076: -9.0346258493865844e+03
sample 77077: -1.1668097099465067e+04
receiver 7
sample 77073: 6.8892410622766693e+04
sample 77074: -5.5228277603498769e+04
sample 77075: 3.8237033844823920e+04
sample 77076: -1.9036441576724952e+04
sample 77077: 6.8175989240459353e+02
receiver 8
sample 77073: 2.7408152145913144e+04
sample 77074: -3.2791366822155913e+04
sample 77075: 3.6695641347351804e+04
sample 77076: -3.5983286823205090e+04
sample 77077: 3.0340390097939759e+04
receiver 9
sample 77073: 5.7897224848749502e+04
sample 77074: -6.3450660185398468e+04
sample 77075: 6.6398918806211892e+04
sample 77076: -6.5464506339215310e+04
sample 77077: 6.1644002870304714e+04
receiver 10
sample 77073: 3.3036839913093070e+04
sample 77074: -2.7904286696035946e+04
sample 77075: 2.1760018543265294e+04
sample 77076: -1.3914095314195703e+04
sample 77077: 4.4557717063507198e+03
receiver 11
sample 77073: 4.1826344362764221e+03
sample 77074: -6.0511754336535423e+03
sample 77075: 7.0858984625470712e+03
sample 77076: -8.0274428267925423e+03
sample 77077: 9.5387369884182481e+03
receiver 12
sample 77073: 6.8052253512284384e+04
sample 77074: -6.6140263885375112e+04
sample 77075: 6.1555787955523658e+04
sample 77076: -5.6253052041730451e+04
sample 77077: 5.2145467299441138e+04
receiver 13
sample 77073: 7.5054175809272920e+03
sample 77074: -1.5161422277535083e+04
sample 77075: 2.3476024941412543e+04
sample 77076: -2.9473382127225104e+04
sample 77077: 3.3177708329225177e+04
receiver 14
sample 77073: 1.0548348104079800e+04
sample 77074: -6.7578438436547613e+03
sample 77075: 4.5237061121946090e+03
sample 77076: -3.6936365288612728e+03
sample 77077: 1.7811308333114371e+03
receiver 15
sample 77073: 3.6331270259812845e+04
sample 77074: -4.1332515578327453e+04
sample 77075: 4.4277150777738068e+04
sample 77076: -4.7220617539746381e+04
sample 77077: 4.9208829779867221e+04
receiver 16
sample 77073: 4.3871049180376074e+04
sample 77074: -3.9864291727715776e+04
sample 77075: 3.9207136379910320e+04
sample 77076: -4.0331738397791436e+04
sample 77077: 4.2973566928026281e+04
receiver 17
sample 77073: 3.9741951691690578e+04
sample 77074: -3.8811074064199885e+04
sample 77075: 4.0016888808819371e+04
sample 77076: -4.1490431791432144e+04
sample 77077: 4.5157203487321392e+04
receiver 18
sample 77073: 6.6308497780378835e+04
sample 77074: -6.1259696637771951e+04
sample 77075: 5.6330797419932031e+04
sample 77076: -5.1454583339834920e+04
sample 77077: 4.7796458924359831e+04
receiver 19
sample 77073: 2.3685795309703171e+04
sample 77074: -2.6787020102857376e+04
sample 77075: 3.0588687264114611e+04
sample 77076: -3.7598885641187328e+04
sample 77077: 4.3328598952717963e+04
receiver 20
sample 77073: 5.9238278840860767e+04
sample 77074: -5.9515569705536436e+04
sample 77075: 6.3349406859027098e+04
sample 77076: -6.7422512152484574e+04
sample 77077: 6.9931024927846593e+04
receiver 21
sample 77073: 1.1793780047552809e+04
sample 77074: -1.5141082186726770e+04
sample 77075: 2.0655419161347061e+04
sample 77076: -2.8878527271164443e+04
sample 77077: 3.8334727022576000e+04
receiver 22
sample 77073: 5.5848481645729596e+04
sample 77074: -5.9238270404489631e+04
sample 77075: 5.8139247463892134e+04
sample 77076: -5.4102486057287511e+04
sample 77077: 4.7879903071263616e+04
receiver 23
sample 77073: 3.2633916718556473e+04
sample 77074: -4.1348249410495642e+04
sample 77075: 4.7497845131638533e+04
sample 77076: -5.2943100881213672e+04
sample 77077: 5.7202692158627076e+04
receiver 24
sample 77073: -1.0040364670696823e+04
sample 77074: 7.2566891052781239e+03
sample 77075: -3.8811694137478362e+03
sample 77076: 1.4463141663626442e+02
sample 77077: 3.7347467017692247e+03
receiver 25
sample 77073: 3.5419593813027132e+04
sample 77074: -3.4120021457790397e+04
sample 77075: 2.8778279982051012e+04
sample 77076: -2.2869184111060753e+04
sample 77077: 1.9118544340618151e+04
receiver 26
sample 77073: 1.3842637141583049e+04
sample 77074: -1.7241153326283020e+04
sample 77075: 1.9219829303381281e+04
sample 77076: -2.2345045026952797e+04
sample 77077: 2.7110386208490989e+04
receiver 27
sample 77073: -1.6168050081453754e+04
sample 77074: 7.8393855687125715e+03
sample 77075: 6.0131300361972535e+03
sample 77076: -1.8172211281206746e+04
sample 77077: 2.6085672933950038e+04
receiver 28
sample 77073: 5.5853864050514210e+04
sample 77074: -5.9434095451292851e+04
sample 77075: 5.8263418192453792e+04
sample 77076: -5.5518370661372945e+04
sample 77077: 5.2073517708209823e+04
receiver 29
sample 77073: 2.2619885125813529e+04
sample 77074: -2.6646951032890382e+04
sample 77075: 3.1603165111375103e+04
sample 77076: -3.2363434005387364e+04
sample 77077: 2.9687003698939207e+04
receiver 30
sample 77073: 2.2235469220456001e+04
sample 77074: -2.6787956540053445e+04
sample 77075: 2.9734645995835617e+04
sample 77076: -3.1505476151808591e+04
sample 77077: 3.3958591496107663e+04
receiver 31
sample 77073: 4.8777026777840139e+04
sample 77074: -5.1197240274709751e+04
sample 77075: 5.1855416423422634e+04
sample 77076: -5.1383755785964662e+04
sample 77077: 4.8839337815048850e+04
receiver 32
sample 77073: -3.2728422002565630e+03
sample 77074: -2.8941669406271036e+01
sample 77075: 4.4505575017156252e+03
sample 77076: -7.4136066629496190e+03
sample 77077: 5.7865733984392500e+03
receiver 33
sample 77073: 1.6151881776172073e+04
sample 77074: -1.5576836574084562e+04
sample 77075: 1.5006919631101200e+04
sample 77076: -1.5291836975283593e+04
sample 77077: 1.3821612650166348e+04
receiver 34
sample 77073: 6.8827701547062652e+03
sample 77074: -1.1245486578336788e+04
sample 77075: 1.5165434826556528e+04
sample 77076: -1.7580973519270538e+04
sample 77077: 1.6512945806225820e+04
receiver 35
sample 77073: -7.5366453359594962e+03
sample 77074: 8.6252925946063988e+03
sample 77075: -1.2226252686538790e+04
sample 77076: 1.7218534360721660e+04
sample 77077: -2.1757924214130842e+04
receiver 36
sample 77073: 2.9522049443214510e+04
sample 77074: -2.8760219820542137e+04
sample 77075: 2.7849260465302963e+04
sample 77076: -2.7871148630214688e+04
sample 77077: 2.8239065102723456e+04
receiver 37
sample 77073: 1.9058724141987273e+04
sample 77074: -1.7113567976504164e+04
sample 77075: 1.1972709152063890e+04
sample 77076: -5.2721419411425741e+03
sample 77077: -1.6423160772790506e+00
receiver 38
sample 77073: 4.0205991649646980e+03
sample 77074: -7.3736140455805571e+03
sample 77075: 8.0246920425290891e+03
sample 77076: -4.4547171599587500e+03
sample 77077: -2.3713227159088331e+02
receiver 39
sample 77073: 1.8562486246318054e+04
sample 77074: -2.3003410994016231e+04
sample 77075: 2.8118986014162641e+04
sample 77076: -3.0643312767218646e+04
sample 77077: 2.8913993775419167e+04
sim data freed
--Date and time: Tue Aug 25 00:06:55 2026
