--Date and time: Sun Aug 23 21:17:15 2026
read constant: l
l=0.999
read constant: l2
l2=0.998001
read constant: Ts
Ts=0.0001297402597402598
read constant: fcc_flag
fcc_flag=2
closed file sim_consts.h5
a2 (double): 0.24950025
a2 (Real): 0.24950025
a1 (double): -0.9940030000000001
a1 (Real): -0.9940030000000001
sl2 (double): 0.24950025
sl2 (Real): 0.24950025
l2=0.998001
NN=12
read constant: Nx
Nx=76
read constant: Ny
Ny=32
read constant: Nz
Nz=52
Npts=126464
read constant: Nb
Nb=17206
read and closed dataset: bn_ixyz
read and closed dataset: adj_bn
read and closed dataset: mat_bn
read and closed dataset: saf_bn
closed file vox_out.h5
read constant: Nt
Nt=15416
read constant: Ns
Ns=8
read constant: Nr
Nr=40
read constant: Nr
Nr=40
read constant: diff
diff=1
read and closed dataset: in_ixyz
read and closed dataset: out_ixyz
read and closed dataset: out_reorder
read and closed dataset: in_sigs
closed file comms_out.h5
read constant: Nmat
Nm=0
read and closed dataset: Mb
closed file sim_mats.h5
bn_ixyz checked
checked adj_bn against mat_bn.
adj_bn filled
adj_bn double checked
K_bn calculated
bn_mask_raw filled
bn_mask double checked
Nbl = 0
separated non-rigid bn
ABC nodes
sorted ABC nodes for FCC/GPU
max_in = 1.1682782942451921e+05, pow2 = 2, norm1 = 4.0000000000000000e+00, inv_infac = 3.4238417504660929e-05, infac = 2.9206957356129806e+04
ENGINE: fcc_flag=2
fcc=true
Air update: 4.705741s, 414.30 Mvox/s
Boundary loop: 0.676085s, 392.33 Mvox/s
Combined (total): 8.581629s, 227.18 Mvox/s
wrote output dataset
RAW OUTPUTS
receiver 0
sample 15411: 1.5025658591290726e+03
sample 15412: 1.7929856151168940e+02
sample 15413: -1.6631015582640937e+03
sample 15414: 3.1448515650409049e+03
sample 15415: -4.7728763012420523e+03
receiver 1
sample 15411: -2.0714856610948277e+03
sample 15412: 2.2101228968816649e+03
sample 15413: -2.8115846853992407e+03
sample 15414: 3.5248217794677666e+03
sample 15415: -4.4672215791819763e+03
receiver 2
sample 15411: 3.5522581339547228e+03
sample 15412: -2.4530934903253174e+03
sample 15413: 1.6689264349644441e+03
sample 15414: -1.0353792497150878e+03
sample 15415: 1.0115539981866846e+02
receiver 3
sample 15411: -4.1951555034910880e+03
sample 15412: 5.7679261634003551e+03
sample 15413: -7.9460778326233594e+03
sample 15414: 9.8266230368328052e+03
sample 15415: -1.1560611568030901e+04
receiver 4
sample 15411: -5.6460359080270709e+03
sample 15412: 4.9365145477267815e+03
sample 15413: -4.0049743165115019e+03
sample 15414: 2.9887981895291723e+03
sample 15415: -2.2512850516027061e+03
receiver 5
sample 15411: -1.0723759401140991e+04
sample 15412: 1.1943795904138735e+04
sample 15413: -1.3781971142955901e+04
sample 15414: 1.5453171752526621e+04
sample 15415: -1.6720378424626553e+04
receiver 6
sample 15411: -2.8114789958949045e+03
sample 15412: 3.4418368511198673e+03
sample 15413: -4.5939829159328701e+03
sample 15414: 5.4902907945577454e+03
sample 15415: -6.5103690530575595e+03
receiver 7
sample 15411: -1.1483462153080078e+04
sample 15412: 1.2063892100542591e+04
sample 15413: -1.2825233865084527e+04
sample 15414: 1.3253564815244988e+04
sample 15415: -1.3534447654808480e+04
receiver 8
sample 15411: -1.9369664093073055e+02
sample 15412: 3.0068879626321625e+01
sample 15413: -1.1498118179294787e+02
sample 15414: 5.9309897594734776e-02
sample 15415: 3.6448214899743772e+02
receiver 9
sample 15411: -1.0324807493133329e+04
sample 15412: 9.7820749208009584e+03
sample 15413: -8.9570771656856177e+03
sample 15414: 8.1126944701142502e+03
sample 15415: -7.0467263883173009e+03
receiver 10
sample 15411: 3.4544674473591103e+03
sample 15412: -3.2939510316286132e+03
sample 15413: 3.0794166797468956e+03
sample 15414: -2.8876267876997299e+03
sample 15415: 2.3806054340384758e+03
receiver 11
sample 15411: -4.8108131014737464e+03
sample 15412: 2.4425557737482768e+03
sample 15413: -1.8590436304613905e+02
sample 15414: -2.0145613742511830e+03
sample 15415: 3.9884722318177210e+03
receiver 12
sample 15411: -2.5281766165166850e+03
sample 15412: 3.1171420571668086e+03
sample 15413: -4.3217109668205894e+03
sample 15414: 4.9723739942201282e+03
sample 15415: -5.0672664821024218e+03
receiver 13
sample 15411: -1.8088419330253495e+04
sample 15412: 1.7510479518122673e+04
sample 15413: -1.6249083020867052e+04
sample 15414: 1.4404933972435989e+04
sample 15415: -1.1232919965978208e+04
receiver 14
sample 15411: 2.5980969293815397e+03
sample 15412: -3.0300040416044649e+03
sample 15413: 3.7807315317660646e+03
sample 15414: -4.3389587988186950e+03
sample 15415: 4.3274911021218677e+03
receiver 15
sample 15411: -9.8523072898628689e+03
sample 15412: 9.6813822135654627e+03
sample 15413: -8.8321898670886094e+03
sample 15414: 7.8944025663053899e+03
sample 15415: -7.0082751251297050e+03
receiver 16
sample 15411: -1.4350265427980887e+03
sample 15412: 1.4369454890463200e+02
sample 15413: 1.5741261679158567e+03
sample 15414: -3.5612398155434034e+03
sample 15415: 5.8600576464312644e+03
receiver 17
sample 15411: -6.7753258708966368e+03
sample 15412: 5.2136199157420251e+03
sample 15413: -3.6849713791257109e+03
sample 15414: 2.0816698446980799e+03
sample 15415: -1.3084677981741865e+02
receiver 18
sample 15411: 1.6617064363363863e+03
sample 15412: -4.1258018245468920e+03
sample 15413: 5.9696550871253594e+03
sample 15414: -7.1689274875642677e+03
sample 15415: 8.1246427886071269e+03
receiver 19
sample 15411: 2.2716223372606673e+03
sample 15412: -4.4174256217558413e+03
sample 15413: 5.8181279039711708e+03
sample 15414: -6.5331311410941016e+03
sample 15415: 7.2895212378275719e+03
receiver 20
sample 15411: -5.2371655865589628e+03
sample 15412: 3.6369081532038058e+03
sample 15413: -1.9200980699933893e+03
sample 15414: -3.3598917417813709e+02
sample 15415: 2.8192430512314927e+03
receiver 21
sample 15411: -5.9840074736644765e+03
sample 15412: 4.5552684697809573e+03
sample 15413: -2.8933147876585572e+03
sample 15414: 1.5758171790634838e+03
sample 15415: -5.8937825962104000e+02
receiver 22
sample 15411: 6.3381753951876653e+03
sample 15412: -8.3342448096475928e+03
sample 15413: 9.1078124024670742e+03
sample 15414: -9.0456385763036942e+03
sample 15415: 9.2250005047692121e+03
receiver 23
sample 15411: -2.3621018968866351e+03
sample 15412: 9.3068185319385998e+02
sample 15413: 1.4179157043402219e+02
sample 15414: -9.5668866424233033e+02
sample 15415: 2.0076611387372798e+03
receiver 24
sample 15411: -9.8419160184524662e+02
sample 15412: -1.3813156066567526e+03
sample 15413: 3.6972787292009684e+03
sample 15414: -6.0243128607181734e+03
sample 15415: 7.6943687050631997e+03
receiver 25
sample 15411: 3.3921911608205448e+02
sample 15412: -1.5489252896538233e+03
sample 15413: 3.4741585231396057e+03
sample 15414: -5.7465820766550905e+03
sample 15415: 7.4767315338803073e+03
receiver 26
sample 15411: 1.7415431445677625e+03
sample 15412: -4.8322606595481939e+03
sample 15413: 7.5713433456274552e+03
sample 15414: -1.0102509555284299e+04
sample 15415: 1.2076114830940242e+04
receiver 27
sample 15411: -1.8568246285778443e+02
sample 15412: 1.3714163900927153e+02
sample 15413: -1.2888868123949979e+02
sample 15414: 9.1649244224215579e+01
sample 15415: -3.6120142634656878e+02
receiver 28
sample 15411: 4.1387018554242313e+03
sample 15412: -7.0027024242132393e+03
sample 15413: 9.6267862254512038e+03
sample 15414: -1.2163929009824818e+04
sample 15415: 1.4392973484873453e+04
receiver 29
sample 15411: -1.4070228877277314e+03
sample 15412: 1.4634303581035351e+03
sample 15413: -1.2459463774725316e+03
sample 15414: 1.3495513831770222e+03
sample 15415: -2.0003181727104657e+03
receiver 30
sample 15411: -3.2240828347708009e+02
sample 15412: -1.5893346689077332e+03
sample 15413: 3.0225806375874736e+03
sample 15414: -3.9980877345403742e+03
sample 15415: 4.5831814085507913e+03
receiver 31
sample 15411: -3.5861982578552454e+02
sample 15412: -2.3411240311971965e+03
sample 15413: 4.2097535129698244e+03
sample 15414: -5.3616884174224424e+03
sample 15415: 6.2625388539165160e+03
receiver 32
sample 15411: -8.5433901233336128e+03
sample 15412: 8.4042874054436616e+03
sample 15413: -8.3458312607696389e+03
sample 15414: 8.3605966977033258e+03
sample 15415: -7.8693649728288092e+03
receiver 33
sample 15411: -1.2502461274736957e+04
sample 15412: 1.1914719783770124e+04
sample 15413: -1.1407651278639805e+04
sample 15414: 1.1196144673575604e+04
sample 15415: -1.0723868651287039e+04
receiver 34
sample 15411: 3.5881458471349225e+02
sample 15412: 8.8913066032161123e+02
sample 15413: -1.7406409591829597e+03
sample 15414: 2.7611536244476943e+03
sample 15415: -3.0605629634633879e+03
receiver 35
sample 15411: -6.4093722659804334e+03
sample 15412: 6.6492741109581057e+03
sample 15413: -6.6788043728090133e+03
sample 15414: 6.5260083334465862e+03
sample 15415: -6.2326996781999078e+03
receiver 36
sample 15411: -5.0814705395457231e+03
sample 15412: 5.1834667122844912e+03
sample 15413: -5.0806029890693926e+03
sample 15414: 5.1056195648134180e+03
sample 15415: -4.9017918988306747e+03
receiver 37
sample 15411: -1.1524939123849203e+04
sample 15412: 9.9983176834337173e+03
sample 15413: -7.9895286191747055e+03
sample 15414: 6.4922404144069069e+03
sample 15415: -5.5574625976757188e+03
receiver 38
sample 15411: 5.9290702777238266e+03
sample 15412: -5.0021281084151715e+03
sample 15413: 4.4977286987457082e+03
sample 15414: -3.9438443951639765e+03
sample 15415: 3.7545466801601879e+03
receiver 39
sample 15411: 3.0146547950649319e+03
sample 15412: -3.6870557211054393e+03
sample 15413: 4.6305074851441186e+03
sample 15414: -5.8010051288166997e+03
sample 15415: 7.0534680595531954e+03
sim data freed
--Date and time: Sun Aug 23 21:17:24 2026
