--Date and time: Sun Aug 23 21:17:24 2026
read constant: l
l=0.999
read constant: l2
l2=0.998001
read constant: Ts
Ts=0.0001297402597402598
read constant: fcc_flag
fcc_flag=2
closed file sim_consts.h5
a2 (double): 0.24950025
a2 (Real): 0.2495002448558807
a1 (double): -0.9940033569129693
a1 (Real): -0.9940033555030823
sl2 (double): 0.2495002797427474
sl2 (Real): 0.2495002746582031
l2=0.998001
NN=12
read constant: Nx
Nx=76
read constant: Ny
Ny=32
read constant: Nz
Nz=52
Npts=126464
read constant: Nb
Nb=17206
read and closed dataset: bn_ixyz
read and closed dataset: adj_bn
read and closed dataset: mat_bn
read and closed dataset: saf_bn
closed file vox_out.h5
read constant: Nt
Nt=15416
read constant: Ns
Ns=8
read constant: Nr
Nr=40
read constant: Nr
Nr=40
read constant: diff
diff=1
read and closed dataset: in_ixyz
read and closed dataset: out_ixyz
read and closed dataset: out_reorder
read and closed dataset: in_sigs
closed file comms_out.h5
read constant: Nmat
Nm=0
read and closed dataset: Mb
closed file sim_mats.h5
bn_ixyz checked
checked adj_bn against mat_bn.
adj_bn filled
adj_bn double checked
K_bn calculated
bn_mask_raw filled
bn_mask double checked
Nbl = 0
separated non-rigid bn
ABC nodes
sorted ABC nodes for FCC/GPU
max_in = 1.1682782942451921e+05, pow2 = 2, norm1 = 4.0000000000000000e+00, inv_infac = 3.4238417504660929e-05, infac = 2.9206957356129806e+04
ENGINE: fcc_flag=2
fcc=true
Air update: 4.588375s, 424.89 Mvox/s
Boundary loop: 0.677595s, 391.45 Mvox/s
Combined (total): 8.095295s, 240.83 Mvox/s
wrote output dataset
RAW OUTPUTS
receiver 0
sample 15411: 1.7516537041504987e+03
sample 15412: -7.5159852297691643e+01
sample 15413: -1.4142712956164896e+03
sample 15414: 2.8982590072564280e+03
sample 15415: -4.5396453326269029e+03
receiver 1
sample 15411: -1.9429435812354045e+03
sample 15412: 2.0831428314398818e+03
sample 15413: -2.6939892010791564e+03
sample 15414: 3.4118164039465169e+03
sample 15415: -4.3672900315577053e+03
receiver 2
sample 15411: 3.7180093798599751e+03
sample 15412: -2.6297304135032086e+03
sample 15413: 1.8474298607931846e+03
sample 15414: -1.2209987848479641e+03
sample 15415: 2.8536212970257236e+02
receiver 3
sample 15411: -3.9890890014557008e+03
sample 15412: 5.5702806010080240e+03
sample 15413: -7.7691299429282999e+03
sample 15414: 9.6696258831954692e+03
sample 15415: -1.1434252117739483e+04
receiver 4
sample 15411: -5.5832983940298100e+03
sample 15412: 4.8844447191515274e+03
sample 15413: -3.9679631049269815e+03
sample 15414: 2.9574790633051875e+03
sample 15415: -2.2297722037733542e+03
receiver 5
sample 15411: -1.0553217669716181e+04
sample 15412: 1.1798566660530927e+04
sample 15413: -1.3672726714624639e+04
sample 15414: 1.5378792682970483e+04
sample 15415: -1.6690763039991740e+04
receiver 6
sample 15411: -2.6872143866271613e+03
sample 15412: 3.3219111148431102e+03
sample 15413: -4.4876259514317244e+03
sample 15414: 5.3942024487633935e+03
sample 15415: -6.4325484670013220e+03
receiver 7
sample 15411: -1.1377183777403996e+04
sample 15412: 1.1984446347884503e+04
sample 15413: -1.2781231376859381e+04
sample 15414: 1.3240681000798842e+04
sample 15415: -1.3559643260496166e+04
receiver 8
sample 15411: -2.1323176577362497e+02
sample 15412: 4.5489267827282909e+01
sample 15413: -1.3361836598581738e+02
sample 15414: 1.5318116837718692e+01
sample 15415: 3.4647497420587410e+02
receiver 9
sample 15411: -1.0257933857651611e+04
sample 15412: 9.7375624769273672e+03
sample 15413: -8.9395335961101482e+03
sample 15414: 8.1132077387060372e+03
sample 15415: -7.0700860779677550e+03
receiver 10
sample 15411: 3.5146761619138856e+03
sample 15412: -3.3670283804442765e+03
sample 15413: 3.1579361458768508e+03
sample 15414: -2.9780439643738728e+03
sample 15415: 2.4756697009989962e+03
receiver 11
sample 15411: -5.0633369882654988e+03
sample 15412: 2.7016176948134303e+03
sample 15413: -4.5314307640195739e+02
sample 15414: -1.7524011903433682e+03
sample 15415: 3.7297824506042612e+03
receiver 12
sample 15411: -2.3971211970250401e+03
sample 15412: 2.9883196690357322e+03
sample 15413: -4.2047414882084058e+03
sample 15414: 4.8639459711549325e+03
sample 15415: -4.9742292353766097e+03
receiver 13
sample 15411: -1.8221188249760395e+04
sample 15412: 1.7687118830937536e+04
sample 15413: -1.6474487756882703e+04
sample 15414: 1.4667889138967323e+04
sample 15415: -1.1535300064923204e+04
receiver 14
sample 15411: 2.4592996445707608e+03
sample 15412: -2.9008278790196955e+03
sample 15413: 3.6556435711462605e+03
sample 15414: -4.2276099959256253e+03
sample 15415: 4.2229692708749317e+03
receiver 15
sample 15411: -9.9154315495118281e+03
sample 15412: 9.7679780926914864e+03
sample 15413: -8.9478976075538540e+03
sample 15414: 8.0290401405625689e+03
sample 15415: -7.1672192430234636e+03
receiver 16
sample 15411: -1.7668147261427569e+03
sample 15412: 4.7532195466328835e+02
sample 15413: 1.2406982557597230e+03
sample 15414: -3.2368252076068011e+03
sample 15415: 5.5441688518880310e+03
receiver 17
sample 15411: -7.0440152393002390e+03
sample 15412: 5.4952068741891599e+03
sample 15413: -3.9812846798192904e+03
sample 15414: 2.3831354801063449e+03
sample 15415: -4.3884305078753391e+02
receiver 18
sample 15411: 1.3428902811556741e+03
sample 15412: -3.8170509740019911e+03
sample 15413: 5.6714765221687903e+03
sample 15414: -6.8905792816314643e+03
sample 15415: 7.8630995113982917e+03
receiver 19
sample 15411: 1.9707293947751193e+03
sample 15412: -4.1282654903482462e+03
sample 15413: 5.5394950503012924e+03
sample 15414: -6.2736531400147287e+03
sample 15415: 7.0441231732599663e+03
receiver 20
sample 15411: -5.4765982761405321e+03
sample 15412: 3.8851929904314338e+03
sample 15413: -2.1788702437136585e+03
sample 15414: -7.6960388225919559e+01
sample 15415: 2.5613973365563452e+03
receiver 21
sample 15411: -6.1626465441758473e+03
sample 15412: 4.7452847685270044e+03
sample 15413: -3.0960869404300565e+03
sample 15414: 1.7811717924611994e+03
sample 15415: -8.0082025756802989e+02
receiver 22
sample 15411: 6.0489237554230222e+03
sample 15412: -8.0672574666576202e+03
sample 15413: 8.8612501396421358e+03
sample 15414: -8.8251871405658330e+03
sample 15415: 9.0244941606835473e+03
receiver 23
sample 15411: -2.5248751829336234e+03
sample 15412: 1.0951475701971540e+03
sample 15413: -2.6293930178749406e+01
sample 15414: -7.9257843345978131e+02
sample 15415: 1.8442279650604683e+03
receiver 24
sample 15411: -1.0939721563191965e+03
sample 15412: -1.2757548141833252e+03
sample 15413: 3.5943418694145348e+03
sample 15414: -5.9378527473823679e+03
sample 15415: 7.6227149152527536e+03
receiver 25
sample 15411: 2.3548222372624184e+02
sample 15412: -1.4508870210188138e+03
sample 15413: 3.3780311160727670e+03
sample 15414: -5.6661002794086644e+03
sample 15415: 7.4101659650597867e+03
receiver 26
sample 15411: 1.4098898514388100e+03
sample 15412: -4.5129899967500578e+03
sample 15413: 7.2639950944463662e+03
sample 15414: -9.8216621811284258e+03
sample 15415: 1.1820309260369862e+04
receiver 27
sample 15411: -1.0143537923308722e+02
sample 15412: 4.9349923168976275e+01
sample 15413: -4.5101026545229580e+01
sample 15414: 4.3382836843175285e+00
sample 15415: -2.7775686570660662e+02
receiver 28
sample 15411: 3.7960334466505788e+03
sample 15412: -6.6779872448981232e+03
sample 15413: 9.3193436256037312e+03
sample 15414: -1.1888036949663578e+04
sample 15415: 1.4147541259992375e+04
receiver 29
sample 15411: -1.3177540722402325e+03
sample 15412: 1.3742573913530741e+03
sample 15413: -1.1638830057963071e+03
sample 15414: 1.2663210379290965e+03
sample 15415: -1.9249960786901063e+03
receiver 30
sample 15411: -4.4728167484503314e+02
sample 15412: -1.4700640132263281e+03
sample 15413: 2.9059125260015257e+03
sample 15414: -3.8942907787142535e+03
sample 15415: 4.4867759714988724e+03
receiver 31
sample 15411: -4.9717417493007173e+02
sample 15412: -2.2090593287276238e+03
sample 15413: 4.0831060086418638e+03
sample 15414: -5.2513679561147683e+03
sample 15415: 6.1634160088564831e+03
receiver 32
sample 15411: -8.4733676944831404e+03
sample 15412: 8.3424098543627333e+03
sample 15413: -8.2975293471248388e+03
sample 15414: 8.3202442230364795e+03
sample 15415: -7.8427113086669024e+03
receiver 33
sample 15411: -1.2496203902274381e+04
sample 15412: 1.1926721699439062e+04
sample 15413: -1.1442365443857370e+04
sample 15414: 1.1246720344453952e+04
sample 15415: -1.0796343266177697e+04
receiver 34
sample 15411: 4.6861672062182282e+02
sample 15412: 7.8389616916103284e+02
sample 15413: -1.6476868614651610e+03
sample 15414: 2.6770494448392956e+03
sample 15415: -2.9939801088753015e+03
receiver 35
sample 15411: -6.3788722124808137e+03
sample 15412: 6.6165236422268072e+03
sample 15413: -6.6503287325004258e+03
sample 15414: 6.4953468819891050e+03
sample 15415: -6.2054911035766263e+03
receiver 36
sample 15411: -5.0855805235384914e+03
sample 15412: 5.2037242524643398e+03
sample 15413: -5.1226049182480092e+03
sample 15414: 5.1632468414787081e+03
sample 15415: -4.9814264284895544e+03
receiver 37
sample 15411: -1.1613959549379942e+04
sample 15412: 1.0096295789478721e+04
sample 15413: -8.0975198858337390e+03
sample 15414: 6.5986218375273611e+03
sample 15415: -5.6660658972198808e+03
receiver 38
sample 15411: 6.0346803896972351e+03
sample 15412: -5.1060087662871993e+03
sample 15413: 4.5927588508170593e+03
sample 15414: -4.0348081729693786e+03
sample 15415: 3.8340140143823573e+03
receiver 39
sample 15411: 2.9531804192720165e+03
sample 15412: -3.6158141991365724e+03
sample 15413: 4.5456400195675633e+03
sample 15414: -5.7113176450531264e+03
sample 15415: 6.9561295773747142e+03
sim data freed
--Date and time: Sun Aug 23 21:17:32 2026
