--Date and time: Mon Aug 24 04:27:17 2026
read constant: l
l=0.999
read constant: l2
l2=0.998001
read constant: Ts
Ts=0.0001297402597402598
read constant: fcc_flag
fcc_flag=2
closed file sim_consts.h5
a2 (double): 0.24950025
a2 (Real): 0.2495002448558807
a1 (double): -0.9940033569129691
a1 (Real): -0.9940033555030823
sl2 (double): 0.2495002797427474
sl2 (Real): 0.2495002746582031
l2=0.998001
NN=12
read constant: Nx
Nx=76
read constant: Ny
Ny=32
read constant: Nz
Nz=52
Npts=126464
read constant: Nb
Nb=17206
read and closed dataset: bn_ixyz
read and closed dataset: adj_bn
read and closed dataset: mat_bn
read and closed dataset: saf_bn
closed file vox_out.h5
read constant: Nt
Nt=15416
read constant: Ns
Ns=8
read constant: Nr
Nr=40
read constant: Nr
Nr=40
read constant: diff
diff=1
read and closed dataset: in_ixyz
read and closed dataset: out_ixyz
read and closed dataset: out_reorder
read and closed dataset: in_sigs
closed file comms_out.h5
read constant: Nmat
Nm=0
read and closed dataset: Mb
closed file sim_mats.h5
bn_ixyz checked
checked adj_bn against mat_bn.
adj_bn filled
adj_bn double checked
K_bn calculated
bn_mask_raw filled
bn_mask double checked
Nbl = 0
separated non-rigid bn
ABC nodes
sorted ABC nodes for FCC/GPU
max_in = 1.1682782942451921e+05, pow2 = 2, norm1 = 4.0000000000000000e+00, inv_infac = 3.4238417504660929e-05, infac = 2.9206957356129806e+04
gid=0, Nx[0]=76, Nx=76
Nxcc[0]=76
gid=0, Nb[0]=17206, Nb=17206
gid=0, Nbl[0]=0, Nbl=0
gid=0, Nba[0]=10776, Nbl=10776
gid=0, Ns[0]=8, Ns=8
gid=0, Nr[0]=40, Nr=40
Device Number: 0 [NVIDIA GeForce RTX 4090]
  Compute: 8.9
  Peak Memory Bandwidth: 1008.096 GB/s
  Total global memory: [ 25.251 GB | 23.516 GiB | 24080 MiB ]
  Registers per block: 65536
  Concurrent Kernels: 1
  Async Engine: 2
a1 = -0.9940033555030823
a2 = 0.2495002448558807
GPU 0 -- Nx=76 Ns=8 Nr=40 Nb=17206 Nbl=0 Nba=10776
---------
GPU 0
---------
Nx to read = 76
Nb to read = 17206
Nbl to read = 0
Nba to read = 10776
Ns to read = 8
Nr to read = 40
Nx=76 Ns=8 Nr=40 Nb=17206, Npts=126464
Nx_read = 76
Nb_read = 17206
Nbl_read = 0
Ns_read = 8
Nr_read = 40
Global memory allocation done
Constant memory loaded
Boundary loop: 0.260450s, 1018.42 Mvox/s
Air update: 0.714167s, 2729.85 Mvox/s
Combined (total): 1.555202s, 1253.58 Mvox/s
wrote output dataset
RAW OUTPUTS
receiver 0
sample 15411: 1.6808487001562116e+03
sample 15412: 3.9575215887425724e-01
sample 15413: -1.4866786619342683e+03
sample 15414: 2.9726078791965592e+03
sample 15415: -4.6080336822063691e+03
receiver 1
sample 15411: -1.9746726836545915e+03
sample 15412: 2.1171139572200973e+03
sample 15413: -2.7234545192583373e+03
sample 15414: 3.4433366019275218e+03
sample 15415: -4.3930514305261640e+03
receiver 2
sample 15411: 3.6735549506324564e+03
sample 15412: -2.5790736985495869e+03
sample 15413: 1.7978767488168953e+03
sample 15414: -1.1663139135868587e+03
sample 15415: 2.3326538858262927e+02
receiver 3
sample 15411: -4.0429336851794938e+03
sample 15412: 5.6226041992913051e+03
sample 15413: -7.8123479190123289e+03
sample 15414: 9.7091558255104301e+03
sample 15415: -1.1461248664198691e+04
receiver 4
sample 15411: -5.5938149916219481e+03
sample 15412: 4.8949935228445520e+03
sample 15413: -3.9727135048077207e+03
sample 15414: 2.9639433500141772e+03
sample 15415: -2.2315922836910136e+03
receiver 5
sample 15411: -1.0596279837906734e+04
sample 15412: 1.1834928218866797e+04
sample 15413: -1.3694820099832688e+04
sample 15414: 1.5393055633487349e+04
sample 15415: -1.6689008242711014e+04
receiver 6
sample 15411: -2.7164982190756714e+03
sample 15412: 3.3508106501688817e+03
sample 15413: -4.5091735737950230e+03
sample 15414: 5.4152382552531471e+03
sample 15415: -6.4445400169705399e+03
receiver 7
sample 15411: -1.1399760254125340e+04
sample 15412: 1.2000722614924347e+04
sample 15413: -1.2784333607766383e+04
sample 15414: 1.3237147904488091e+04
sample 15415: -1.3541613066610755e+04
receiver 8
sample 15411: -2.0760380404592945e+02
sample 15412: 4.3254275950273673e+01
sample 15413: -1.2868342025080130e+02
sample 15414: 1.4441716137664264e+01
sample 15415: 3.4970777038673828e+02
receiver 9
sample 15411: -1.0278302040374341e+04
sample 15412: 9.7549354922676648e+03
sample 15413: -8.9477165570407633e+03
sample 15414: 8.1193982735574928e+03
sample 15415: -7.0683521711308458e+03
receiver 10
sample 15411: 3.4955703277806269e+03
sample 15412: -3.3416739099126930e+03
sample 15413: 3.1329533511581990e+03
sample 15414: -2.9468155797799532e+03
sample 15415: 2.4453067465620029e+03
receiver 11
sample 15411: -4.9785161285351332e+03
sample 15412: 2.6162502018031555e+03
sample 15413: -3.6296275698937677e+02
sample 15414: -1.8390810819647627e+03
sample 15415: 3.8171258314256729e+03
receiver 12
sample 15411: -2.4371248736753364e+03
sample 15412: 3.0297018973692388e+03
sample 15413: -4.2407857729287871e+03
sample 15414: 4.9014721717336661e+03
sample 15415: -5.0052576374927285e+03
receiver 13
sample 15411: -1.8172452585202889e+04
sample 15412: 1.7627897904453617e+04
sample 15413: -1.6398967061609648e+04
sample 15414: 1.4583601420771900e+04
sample 15415: -1.1439043863290279e+04
receiver 14
sample 15411: 2.5099200188564905e+03
sample 15412: -2.9463566428423223e+03
sample 15413: 3.7016447636514840e+03
sample 15414: -4.2675203184051097e+03
sample 15415: 4.2627516393860287e+03
receiver 15
sample 15411: -9.8880720315912786e+03
sample 15412: 9.7361802258947300e+03
sample 15413: -8.9055013222600064e+03
sample 15414: 7.9826546509346072e+03
sample 15415: -7.1115744993906710e+03
receiver 16
sample 15411: -1.6510856931526216e+03
sample 15412: 3.6290378500734835e+02
sample 15413: 1.3558925151489916e+03
sample 15414: -3.3459954028687903e+03
sample 15415: 5.6525941722626285e+03
receiver 17
sample 15411: -6.9509274216464064e+03
sample 15412: 5.4012168504929286e+03
sample 15413: -3.8801788486974901e+03
sample 15414: 2.2835929505302720e+03
sample 15415: -3.3534928961116208e+02
receiver 18
sample 15411: 1.4449958070576906e+03
sample 15412: -3.9134642891811318e+03
sample 15413: 5.7681335591924762e+03
sample 15414: -6.9785254388005469e+03
sample 15415: 7.9487964641162835e+03
receiver 19
sample 15411: 2.0743903883064313e+03
sample 15412: -4.2258952386622159e+03
sample 15413: 5.6366913219060352e+03
sample 15414: -6.3619326738497430e+03
sample 15415: 7.1292882900957529e+03
receiver 20
sample 15411: -5.4005740341279397e+03
sample 15412: 3.8095169224824785e+03
sample 15413: -2.0974973952572418e+03
sample 15414: -1.5488670106799233e+02
sample 15415: 2.6422457478294095e+03
receiver 21
sample 15411: -6.1005914808139278e+03
sample 15412: 4.6835439322575176e+03
sample 15413: -3.0283172526399148e+03
sample 15414: 1.7153798421569077e+03
sample 15415: -7.3096038294992343e+02
receiver 22
sample 15411: 6.1392496823170595e+03
sample 15412: -8.1483489469488604e+03
sample 15413: 8.9398878632198976e+03
sample 15414: -8.8930506177443676e+03
sample 15415: 9.0883823604905119e+03
receiver 23
sample 15411: -2.4767686253873485e+03
sample 15412: 1.0502244116364650e+03
sample 15413: 2.2770046540122106e+01
sample 15414: -8.3748059277225730e+02
sample 15415: 1.8916518838332258e+03
receiver 24
sample 15411: -1.0492991390623513e+03
sample 15412: -1.3162984870454427e+03
sample 15413: 3.6342796106015298e+03
sample 15414: -5.9691105091629070e+03
sample 15415: 7.6502311115019393e+03
receiver 25
sample 15411: 2.7729591588767045e+02
sample 15412: -1.4884669709686209e+03
sample 15413: 3.4156447953849888e+03
sample 15414: -5.6964127486064308e+03
sample 15415: 7.4377065334934277e+03
receiver 26
sample 15411: 1.5162122004690430e+03
sample 15412: -4.6128767834315513e+03
sample 15413: 7.3605206957610289e+03
sample 15414: -9.9068290388345304e+03
sample 15415: 1.1898369015001988e+04
receiver 27
sample 15411: -1.2215624460156731e+02
sample 15412: 7.3992999965556692e+01
sample 15413: -6.8148279482423462e+01
sample 15414: 3.1798937840017295e+01
sample 15415: -3.0309370992621865e+02
receiver 28
sample 15411: 3.9038133393547096e+03
sample 15412: -6.7784541766131506e+03
sample 15413: 9.4156955751041569e+03
sample 15414: -1.1972164507789728e+04
sample 15415: 1.4223688668579978e+04
receiver 29
sample 15411: -1.3422226573886514e+03
sample 15412: 1.4010482975059479e+03
sample 15413: -1.1871407068340354e+03
sample 15414: 1.2915186125232540e+03
sample 15415: -1.9460799767223994e+03
receiver 30
sample 15411: -4.1220191388422137e+02
sample 15412: -1.5004934471485974e+03
sample 15413: 2.9363183493701049e+03
sample 15414: -3.9177533584275529e+03
sample 15415: 4.5088919880210578e+03
receiver 31
sample 15411: -4.6131164795134862e+02
sample 15412: -2.2411094041117253e+03
sample 15413: 4.1158160914853461e+03
sample 15414: -5.2771167337734205e+03
sample 15415: 6.1874156470629423e+03
receiver 32
sample 15411: -8.4916955771929624e+03
sample 15412: 8.3615785774362357e+03
sample 15413: -8.3102115873927960e+03
sample 15414: 8.3339553176624813e+03
sample 15415: -7.8508202826089946e+03
receiver 33
sample 15411: -1.2489541591566698e+04
sample 15412: 1.1918382930614969e+04
sample 15413: -1.1425589547036208e+04
sample 15414: 1.1229015693318041e+04
sample 15415: -1.0771727359878603e+04
receiver 34
sample 15411: 4.3727765475720480e+02
sample 15412: 8.1764767327017034e+02
sample 15413: -1.6749278913996795e+03
sample 15414: 2.7044187551553855e+03
sample 15415: -3.0146940719649810e+03
receiver 35
sample 15411: -6.3835860540848716e+03
sample 15412: 6.6256893244520352e+03
sample 15413: -6.6566794274211543e+03
sample 15414: 6.5059979618133229e+03
sample 15415: -6.2138094171744806e+03
receiver 36
sample 15411: -5.0795122848268884e+03
sample 15412: 5.1967046281238499e+03
sample 15413: -5.1072204120286542e+03
sample 15414: 5.1467782082687054e+03
sample 15415: -4.9573567202527893e+03
receiver 37
sample 15411: -1.1575347045722665e+04
sample 15412: 1.0059834131099557e+04
sample 15413: -8.0573858615183690e+03
sample 15414: 6.5625405593127189e+03
sample 15415: -5.6288565350390563e+03
receiver 38
sample 15411: 6.0065792610211402e+03
sample 15412: -5.0746278379316491e+03
sample 15413: 4.5662144954229989e+03
sample 15414: -4.0060050383374764e+03
sample 15415: 3.8097428004062626e+03
receiver 39
sample 15411: 2.9799898221720209e+03
sample 15412: -3.6414920363297583e+03
sample 15413: 4.5762423436733070e+03
sample 15414: -5.7389435161323581e+03
sample 15415: 6.9870604907530142e+03
sim data freed
--Date and time: Mon Aug 24 04:27:19 2026
