--Date and time: Sun Aug 23 18:57:17 2026
read constant: l
l=0.5767729189204361
read constant: l2
l2=0.332667
read constant: Ts
Ts=0.0001098615083657974
read constant: fcc_flag
fcc_flag=0
closed file sim_consts.h5
a2 (double): 0.332667
a2 (Real): 0.332667
a1 (double): 0.003998000000000057
a1 (Real): 0.003998000000000057
sl2 (double): 0.332667
sl2 (Real): 0.332667
l2=0.332667
NN=6
read constant: Nx
Nx=784
read constant: Ny
Ny=307
read constant: Nz
Nz=238
Npts=57283744
read constant: Nb
Nb=2536873
read and closed dataset: bn_ixyz
read and closed dataset: adj_bn
read and closed dataset: mat_bn
read and closed dataset: saf_bn
closed file vox_out.h5
read constant: Nt
Nt=9103
read constant: Ns
Ns=8
read constant: Nr
Nr=128
read constant: Nr
Nr=128
read constant: diff
diff=1
read and closed dataset: in_ixyz
read and closed dataset: out_ixyz
read and closed dataset: out_reorder
read and closed dataset: in_sigs
closed file comms_out.h5
read constant: Nmat
Nm=5
read and closed dataset: Mb
Mb[0]=11
Mb[1]=11
Mb[2]=11
Mb[3]=11
Mb[4]=11
read and closed dataset: mat_00_DEF
DEF[0,0]=[0.4271373742170923, 29.65189612748257, 4116.871980901139]
DEF[0,1]=[0.285120870413817, 39.5862078273253, 10992.30545890092]
DEF[0,2]=[0.1365993679776873, 37.93093758445521, 21065.33942779075]
DEF[0,3]=[0.07547041093739447, 41.9132751361938, 46553.94374623318]
DEF[0,4]=[0.02869009653510876, 31.86668509748779, 70789.975757647]
DEF[0,5]=[0.01174090916491297, 26.0817425036295, 115878.1287668154]
DEF[0,6]=[0.005114619716574295, 22.72365667393631, 201917.0930584003]
DEF[0,7]=[0.002458316995630199, 21.84402927294029, 388201.8598295133]
DEF[0,8]=[0.00125070124395322, 22.22687686997281, 790011.2961131922]
DEF[0,9]=[0.0006207164355392051, 22.06216368713289, 1568313.769990716]
DEF[0,10]=[0.0002579931805014372, 18.33973599697675, 2607401.604841498]
read and closed dataset: mat_01_DEF
DEF[1,0]=[0.6652359768362153, 46.18071205210523, 6411.734301509461]
DEF[1,1]=[0.4831867257375252, 67.08568936637052, 18628.36654252748]
DEF[1,2]=[0.2366380125458162, 65.70968677871952, 36492.55578261291]
DEF[1,3]=[0.109355969171742, 60.73197120236311, 67456.25966392606]
DEF[1,4]=[0.05719228491401063, 63.52465670968748, 141116.306723919]
DEF[1,5]=[0.1865423402928111, 414.3928904655312, 1841099.102743437]
DEF[1,6]=[0.02373833896955609, 105.4666611880606, 937152.0590739271]
DEF[1,7]=[0.01248270419569683, 110.9183869862785, 1971189.636277536]
DEF[1,8]=[0.004061702779089292, 72.18267990834492, 2565593.575962659]
DEF[1,9]=[0.002950515268333448, 104.8703515556354, 7454827.130323238]
DEF[1,10]=[0.001053253577179163, 74.87171756165712, 10644680.84816955]
read and closed dataset: mat_02_DEF
DEF[2,0]=[0.6726678975691022, 46.69663633057224, 6483.365275702672]
DEF[2,1]=[0.4483785514930683, 62.25291925827236, 17286.40205144554]
DEF[2,2]=[0.210939198983727, 58.57363550959955, 32529.47572893837]
DEF[2,3]=[0.1014979289335951, 56.36792708968498, 62609.02538152904]
DEF[2,4]=[0.1013689034760175, 112.5925429283551, 250117.7439701263]
DEF[2,5]=[0.09069753948881958, 201.4792753639105, 895148.8349068293]
DEF[2,6]=[0.07171350797160277, 318.6147210025179, 2831135.815576349]
DEF[2,7]=[0.03034005543847438, 269.5946293007535, 4791109.514957789]
DEF[2,8]=[0.01054557849910362, 187.4110831467087, 6661164.029874329]
DEF[2,9]=[0.006412203317280798, 227.9093497147946, 16201192.98071407]
DEF[2,10]=[0.001940781692657767, 137.9626539039889, 19614461.47625855]
read and closed dataset: mat_03_DEF
DEF[3,0]=[0.2365401200038285, 16.42062598992096, 2279.841220140615]
DEF[3,1]=[0.1588402676738195, 22.05339734814127, 6123.791425405237]
DEF[3,2]=[0.07536900829470342, 20.92848006365338, 11622.84837454914]
DEF[3,3]=[0.03569480980087993, 19.82348268064218, 22018.35324417575]
DEF[3,4]=[0.03541107729858307, 39.33181778792044, 87373.33108835274]
DEF[3,5]=[0.02393783635436473, 53.17650235761705, 236256.9750355949]
DEF[3,6]=[0.02037355880299789, 90.51733679540551, 804315.8625116833]
DEF[3,7]=[0.01938458068085195, 172.2468455406228, 3061090.28481613]
DEF[3,8]=[0.02008467813706338, 356.9354952542449, 12686580.97510553]
DEF[3,9]=[0.006853024907587366, 243.5774994935537, 17314981.06590701]
DEF[3,10]=[0.002965610576455967, 210.8137701017314, 29971868.87404233]
read and closed dataset: mat_04_DEF
DEF[4,0]=[0.362709100428077, 25.17928240322926, 3495.893880761826]
DEF[4,1]=[0.2459023437939194, 34.14110399047366, 9480.308025572871]
DEF[4,2]=[0.1169756784167993, 32.48182786359359, 18039.11985191963]
DEF[4,3]=[0.05322883780403812, 29.561186912195, 32834.22324097539]
DEF[4,4]=[0.07209436498988685, 80.07670603773252, 177885.7154994824]
DEF[4,5]=[0.05307301439971381, 117.8985950765609, 523809.6564984942]
DEF[4,6]=[0.02310412702264262, 102.6489317499425, 912114.3749840045]
DEF[4,7]=[0.01382255870048944, 122.824020424194, 2182770.978954665]
DEF[4,8]=[0.008451034268542436, 150.1878238459954, 5338135.360676059]
DEF[4,9]=[0.003893270737619835, 138.3787690704192, 9836810.753701152]
DEF[4,10]=[0.001613673454454209, 114.7097961368588, 16308550.27507439]
closed file sim_mats.h5
bn_ixyz checked
checked adj_bn against mat_bn.
adj_bn filled
adj_bn double checked
K_bn calculated
bn_mask_raw filled
bn_mask double checked
Nbl = 1451527
separated non-rigid bn
ABC nodes
max_in = 7.8828517227844670e+04, pow2 = 2, norm1 = 4.0000000000000000e+00, inv_infac = 5.0743057724128752e-05, infac = 1.9707129306961167e+04
ENGINE: fcc_flag=0
fcc=false
Air update: 130.747830s, 3988.24 Mvox/s
Boundary loop: 31.245188s, 739.09 Mvox/s
Combined (total): 208.229488s, 2504.23 Mvox/s
wrote output dataset
RAW OUTPUTS
receiver 0
sample 9098: -2.0402481443064153e+00
sample 9099: -8.7045526969081166e-01
sample 9100: 1.4848513292867773e+00
sample 9101: -2.5999472359195717e+00
sample 9102: 5.1828573265111455e+00
receiver 1
sample 9098: -1.3987196355546369e-01
sample 9099: -2.2115125957041828e+00
sample 9100: 1.2077115477854654e+00
sample 9101: 2.3275857409747003e+00
sample 9102: -4.7304446072952340e+00
receiver 2
sample 9098: 8.3818220603152582e-01
sample 9099: -6.1665948357794376e-01
sample 9100: -2.0119384872922148e+00
sample 9101: 2.1552589965572455e+00
sample 9102: -2.2168020083004754e+00
receiver 3
sample 9098: -1.0766411078353025e-01
sample 9099: 1.0593906957662948e-01
sample 9100: -5.8364676087172540e-01
sample 9101: 1.8043776580475501e+00
sample 9102: -3.0029851034377746e+00
receiver 4
sample 9098: 6.5233115472298997e-01
sample 9099: -9.5221114989299083e-01
sample 9100: -3.8024830550590616e-01
sample 9101: -1.2148750755688225e+00
sample 9102: 5.0999138694212709e+00
receiver 5
sample 9098: -3.9460629062195171e-03
sample 9099: 5.0411911919431729e-01
sample 9100: 5.0915648569106475e-01
sample 9101: -1.5148508552253996e+00
sample 9102: 1.7821045192877782e+00
receiver 6
sample 9098: 1.2163708200626695e+00
sample 9099: -2.1332405868705470e-01
sample 9100: -1.2076221137958629e+00
sample 9101: -5.2056891282082818e-01
sample 9102: 2.8966048486877014e+00
receiver 7
sample 9098: 2.1771214309859593e-01
sample 9099: 3.0348442887140017e+00
sample 9100: 3.7553208838782204e-01
sample 9101: -1.0522129260356121e+00
sample 9102: -2.0607881605210263e+00
receiver 8
sample 9098: -2.1609100378342316e+00
sample 9099: 1.6290362302174324e+00
sample 9100: -6.4023415653352256e-01
sample 9101: 1.2016397162284385e+00
sample 9102: -1.3744363549334604e+00
receiver 9
sample 9098: -7.1077961401311618e-01
sample 9099: 2.3138630417812575e-01
sample 9100: 5.2154111539706651e+00
sample 9101: -3.9437277759817113e+00
sample 9102: 3.3464399258146305e-01
receiver 10
sample 9098: 2.6186410134790905e+00
sample 9099: -2.9386209586255924e-01
sample 9100: -1.2919330291939368e+00
sample 9101: 1.3289252638081792e+00
sample 9102: -2.4368261283109445e+00
receiver 11
sample 9098: 3.2733411867160958e+00
sample 9099: -4.2866873271437198e+00
sample 9100: 1.8292436494713227e+00
sample 9101: -2.0430529386401992e+00
sample 9102: 1.0869118150495327e+00
receiver 12
sample 9098: -1.9015488828782436e+00
sample 9099: 1.7968243313395040e+00
sample 9100: 8.8980227902914333e-01
sample 9101: -1.1942328279948468e-01
sample 9102: -2.9058276768752805e-01
receiver 13
sample 9098: -2.8767865487933610e+00
sample 9099: 3.6579475347654076e+00
sample 9100: -2.0095807917527404e+00
sample 9101: 4.0812776508449913e+00
sample 9102: -4.3987932206253983e+00
receiver 14
sample 9098: -3.0618226228676639e+00
sample 9099: 3.9966958571254163e+00
sample 9100: -9.3953270842518932e-01
sample 9101: -2.7526507453122795e+00
sample 9102: 2.3328234353438915e+00
receiver 15
sample 9098: 1.2860402587302537e+00
sample 9099: -1.9625901062357805e+00
sample 9100: 2.8408361642812023e+00
sample 9101: 4.1748361286876950e-01
sample 9102: -1.9513732868254678e+00
receiver 16
sample 9098: -3.3897854616763405e+00
sample 9099: -2.3658847419247833e-01
sample 9100: -7.4329068416225394e-03
sample 9101: 2.0729161886601921e+00
sample 9102: -3.3376579899350687e+00
receiver 17
sample 9098: 3.0838955326463577e+00
sample 9099: 9.1164705619776032e-01
sample 9100: -1.8227618247711792e+00
sample 9101: -2.7659122769870486e+00
sample 9102: 4.9094502903900166e+00
receiver 18
sample 9098: 6.4433789462107152e+00
sample 9099: -2.9816348757307600e+00
sample 9100: -1.9823239648505344e+00
sample 9101: 1.1237531252702500e+00
sample 9102: 1.1617110287709571e+00
receiver 19
sample 9098: 4.5310262428789878e+00
sample 9099: -3.0721612936884677e+00
sample 9100: -5.7007205550334505e-01
sample 9101: -3.2009990720952514e-01
sample 9102: 3.0484113305191385e+00
receiver 20
sample 9098: 8.3744487171234516e-01
sample 9099: -1.0587566067140792e+00
sample 9100: -1.8111083211732917e+00
sample 9101: -3.9068384766909887e-02
sample 9102: -1.6886133696014130e-01
receiver 21
sample 9098: -2.5572836392793818e-01
sample 9099: 1.2369141905186272e+00
sample 9100: -1.6683402026010417e+00
sample 9101: -3.8546829715042757e-01
sample 9102: -3.2841579556079408e+00
receiver 22
sample 9098: -5.5031964450117217e+00
sample 9099: 1.4869939085720196e+00
sample 9100: 1.4838552685804538e+00
sample 9101: -2.8360644670666662e+00
sample 9102: -8.1911143822254429e-01
receiver 23
sample 9098: 2.3642723123392972e+00
sample 9099: 1.4353081999881321e+00
sample 9100: -2.3622601944284707e+00
sample 9101: -1.5855542851521016e+00
sample 9102: 2.6815628756979639e+00
receiver 24
sample 9098: -1.4709483263129826e+00
sample 9099: -1.7797562873588906e+00
sample 9100: 3.6859849706893719e+00
sample 9101: -2.2549562257849014e+00
sample 9102: 1.1584174507832543e+00
receiver 25
sample 9098: -4.4339721252239190e+00
sample 9099: 5.9556724730369917e+00
sample 9100: 2.6429579379428216e-02
sample 9101: -2.2372720412876803e+00
sample 9102: -1.0572758262561750e+00
receiver 26
sample 9098: 3.2235590605581099e+00
sample 9099: 3.1855680054686364e-01
sample 9100: -5.3248322275310374e+00
sample 9101: 3.5534434481028176e+00
sample 9102: 8.9107516691858846e-01
receiver 27
sample 9098: 2.9253528786557909e-01
sample 9099: 1.0969464072140038e+00
sample 9100: -2.5267930846118296e+00
sample 9101: 4.5901697393889531e+00
sample 9102: -2.0052913283912468e+00
receiver 28
sample 9098: 1.8983620006077653e+00
sample 9099: -2.6723165378695919e+00
sample 9100: 2.3297975938175850e+00
sample 9101: -4.7210781519281025e-01
sample 9102: -1.2294795987325899e+00
receiver 29
sample 9098: 1.1875132642128949e+00
sample 9099: -1.6558384923846117e+00
sample 9100: 3.4568011050260399e+00
sample 9101: -2.3141830884594699e+00
sample 9102: 1.5663560201283349e+00
receiver 30
sample 9098: -2.5092493243555536e+00
sample 9099: 3.7097467113934426e-02
sample 9100: 3.9841641507650212e+00
sample 9101: -4.1993727154308162e+00
sample 9102: 1.3748216397335544e+00
receiver 31
sample 9098: -1.0450417643975096e+00
sample 9099: 2.2319089918379675e+00
sample 9100: -1.4325918748942610e+00
sample 9101: 2.0977496287889310e+00
sample 9102: -3.5976036637250628e+00
receiver 32
sample 9098: 1.6133465335911106e+00
sample 9099: -2.1436331879134243e+00
sample 9100: 9.6654130799621119e-01
sample 9101: 6.6400276247014767e-01
sample 9102: -2.2578547890554392e+00
receiver 33
sample 9098: -4.3651497718856564e+00
sample 9099: 2.4096075251467952e+00
sample 9100: 3.5919526369578059e-01
sample 9101: -3.2963084379342806e+00
sample 9102: 2.2163349486056609e+00
receiver 34
sample 9098: -5.3888159513615963e-01
sample 9099: 2.5546191479079777e-01
sample 9100: -1.0741774579244423e+00
sample 9101: 1.5692067310478947e-01
sample 9102: 1.1811486092779888e+00
receiver 35
sample 9098: -3.5721155739248500e+00
sample 9099: -8.7365146588182063e-01
sample 9100: 2.3307424002331225e+00
sample 9101: -1.6162533976263647e+00
sample 9102: 1.0045346978322460e-01
receiver 36
sample 9098: 2.8626099745252076e+00
sample 9099: -1.5438530334369609e+00
sample 9100: -1.2360199274808743e+00
sample 9101: 5.4267482147400314e-01
sample 9102: -5.1053427513309346e-01
receiver 37
sample 9098: 2.6426758015245180e+00
sample 9099: 2.5894629285306286e-01
sample 9100: -4.1938076975199126e+00
sample 9101: 1.7951853758156118e+00
sample 9102: 2.1607626857671467e+00
receiver 38
sample 9098: 2.5996497187284326e+00
sample 9099: -3.3744100674035118e+00
sample 9100: -4.3387739059423547e-03
sample 9101: 2.5184199868090196e+00
sample 9102: -1.5985913143969952e+00
receiver 39
sample 9098: -1.7928830844204497e+00
sample 9099: -9.0962030974456420e-01
sample 9100: -1.8777715647472086e+00
sample 9101: 3.1023564602019338e-01
sample 9102: 3.6752300204538226e+00
receiver 40
sample 9098: -3.8025044898950573e+00
sample 9099: 3.1078504511538796e+00
sample 9100: -1.7965344143847406e+00
sample 9101: 1.0585851569700515e+00
sample 9102: -2.5131736059802505e+00
receiver 41
sample 9098: 8.8929163791536425e-01
sample 9099: 4.8787557765306355e-01
sample 9100: -2.3620592365648022e-02
sample 9101: -2.8084157192462014e+00
sample 9102: 2.7906564675710892e+00
receiver 42
sample 9098: 2.4450933543859650e+00
sample 9099: -5.4745349439469226e+00
sample 9100: 3.1296794533736465e+00
sample 9101: 8.9844113725986996e-01
sample 9102: 5.7662781541239283e-01
receiver 43
sample 9098: 3.1515449611356834e+00
sample 9099: -9.1669406157102475e+00
sample 9100: 5.3892397969402861e+00
sample 9101: 1.8585830671498209e+00
sample 9102: -6.0461105992960340e-01
receiver 44
sample 9098: -5.9651511756767732e-04
sample 9099: 7.4732881838739884e-02
sample 9100: -1.3061404399849246e+00
sample 9101: 2.2224153814019085e+00
sample 9102: -1.1837157485008247e+00
receiver 45
sample 9098: -3.7856939668513623e+00
sample 9099: 2.8859438441282252e+00
sample 9100: -2.4819581733514990e+00
sample 9101: 1.7682637368779683e+00
sample 9102: 1.0156441407779919e+00
receiver 46
sample 9098: -1.9150641111182747e+00
sample 9099: 5.1605311367207705e+00
sample 9100: -4.1657725501599687e+00
sample 9101: 1.1787921423305940e+00
sample 9102: -6.3025533381561127e-01
receiver 47
sample 9098: -8.9177412144479962e-01
sample 9099: -4.1671852418396282e-01
sample 9100: 2.9657205151881687e+00
sample 9101: -2.3253636115978580e+00
sample 9102: 7.3645010262145288e-02
receiver 48
sample 9098: -1.4528671793872814e+00
sample 9099: 7.5793064843125957e-01
sample 9100: 1.9513106031382710e+00
sample 9101: -6.1499333617443286e-01
sample 9102: -1.9202498309099878e+00
receiver 49
sample 9098: -2.7220571854589872e+00
sample 9099: 1.4697653657859002e+00
sample 9100: 2.9966884803994911e+00
sample 9101: -1.6516376038061393e+00
sample 9102: 1.3208901358245256e-01
receiver 50
sample 9098: 4.0370992226466269e+00
sample 9099: -4.2442208921836331e+00
sample 9100: -4.4357436376851250e-01
sample 9101: 4.8923610502498134e+00
sample 9102: -2.7390040916796301e+00
receiver 51
sample 9098: -2.1967934165060479e+00
sample 9099: 1.0817851094831930e+00
sample 9100: -3.6643270772320868e-01
sample 9101: -1.5119755418555197e-01
sample 9102: 5.6035812013982644e+00
receiver 52
sample 9098: 7.3752206718718805e-01
sample 9099: 2.8299357563654284e+00
sample 9100: -1.7043530184438118e+00
sample 9101: 3.2188722845381962e-01
sample 9102: 1.7295233813667561e+00
receiver 53
sample 9098: 4.6602859018972781e-01
sample 9099: -1.0334704670019417e+00
sample 9100: 3.4629892103987470e-01
sample 9101: 2.0772795767866366e+00
sample 9102: -4.9245066165661964e+00
receiver 54
sample 9098: 9.2453135787737850e-01
sample 9099: 5.2753299766893003e-01
sample 9100: -1.1151620874811865e+00
sample 9101: 1.6421634557092510e+00
sample 9102: -1.9788036789118160e+00
receiver 55
sample 9098: -7.4507911658870551e-01
sample 9099: 4.2652632316207095e-01
sample 9100: 4.0443362612032063e-01
sample 9101: -4.0055705812669693e+00
sample 9102: 4.6213904155459637e+00
receiver 56
sample 9098: -3.1833269141919018e+00
sample 9099: 1.6504290156807131e+00
sample 9100: -9.2697014000174083e-01
sample 9101: 3.0011011872999274e+00
sample 9102: -3.0367869459633119e+00
receiver 57
sample 9098: 4.4317380580631758e+00
sample 9099: -3.3828210193121139e-01
sample 9100: -7.3652396995808334e-01
sample 9101: -2.5074388161247945e+00
sample 9102: 3.0191044079213731e+00
receiver 58
sample 9098: 2.0604137297033582e+00
sample 9099: -1.2545780035232177e+00
sample 9100: 8.1231241062964821e-01
sample 9101: -3.3619971492723919e+00
sample 9102: 3.9975420959957844e+00
receiver 59
sample 9098: 1.9139316598772880e+00
sample 9099: -2.7646386294802880e+00
sample 9100: 3.1091734220570677e+00
sample 9101: -2.6143788980769793e+00
sample 9102: 1.3611352256639233e+00
receiver 60
sample 9098: -1.1387828752260485e+00
sample 9099: 8.6484699832617828e-01
sample 9100: -2.2643437574693301e+00
sample 9101: 2.7488186618502093e+00
sample 9102: -8.2141221232366868e-01
receiver 61
sample 9098: -1.9597835110531844e-01
sample 9099: 1.9950654612133905e+00
sample 9100: -3.2102285185964203e+00
sample 9101: 2.2938999776948505e+00
sample 9102: -5.9449779666871716e-01
receiver 62
sample 9098: 4.8124922708517426e-01
sample 9099: 1.4198008095463830e+00
sample 9100: -3.5613893353477497e+00
sample 9101: 1.7732365288005218e+00
sample 9102: -4.6962307790882196e-01
receiver 63
sample 9098: -9.7214214046962966e-01
sample 9099: -1.4167949076782218e+00
sample 9100: 2.2198819727647874e+00
sample 9101: -1.8121922943731117e+00
sample 9102: 1.2878002501578261e+00
receiver 64
sample 9098: 2.1436183009425780e+00
sample 9099: 3.0646618102772699e-01
sample 9100: -1.8095791080829327e+00
sample 9101: 2.2889217974307687e+00
sample 9102: -3.9009507541660478e+00
receiver 65
sample 9098: -1.3945024040388510e-01
sample 9099: 3.5049872829582641e-02
sample 9100: -1.2457791310764679e+00
sample 9101: -8.3025516186264869e-01
sample 9102: 2.3567952920890245e+00
receiver 66
sample 9098: -5.3819136846272064e+00
sample 9099: -6.1541197683724569e-01
sample 9100: 7.1707122595943107e-01
sample 9101: -9.9917573010433347e-01
sample 9102: 4.5296960777595769e+00
receiver 67
sample 9098: -2.7081450969755747e+00
sample 9099: 3.2586767733859046e+00
sample 9100: -4.1586760290752839e-01
sample 9101: -1.6952077060280180e+00
sample 9102: 7.2501988485387225e-01
receiver 68
sample 9098: 4.4531430473893154e+00
sample 9099: -2.6440845394255419e+00
sample 9100: 1.0593890371039651e+00
sample 9101: 3.3032184737321796e-01
sample 9102: -1.7052858614022637e+00
receiver 69
sample 9098: -2.1294297371566948e+00
sample 9099: -7.3584760322703224e-01
sample 9100: 2.7095149398629053e+00
sample 9101: -2.0602038968978231e+00
sample 9102: 2.6677912771326495e+00
receiver 70
sample 9098: 8.9996235297612905e+00
sample 9099: -3.8211553322059002e+00
sample 9100: -1.9837192437931621e+00
sample 9101: 7.7513126733278970e-01
sample 9102: -6.2640234581716148e-01
receiver 71
sample 9098: -3.8504869872539125e+00
sample 9099: 3.5780735060255213e+00
sample 9100: -6.2598477240215367e-01
sample 9101: 5.1700200519622841e-01
sample 9102: -1.3577914678342495e+00
receiver 72
sample 9098: 5.2349755677144627e-01
sample 9099: 3.6251063314700677e-01
sample 9100: 2.2681145724115797e+00
sample 9101: -3.5996150508010443e+00
sample 9102: 8.0726098971583626e-01
receiver 73
sample 9098: -7.9367305297172797e-01
sample 9099: 2.9009810115400216e+00
sample 9100: -5.1273461260155990e+00
sample 9101: 3.7677153944593682e+00
sample 9102: -1.1213480108569853e+00
receiver 74
sample 9098: -4.7685502861202762e+00
sample 9099: 3.7874365252761582e+00
sample 9100: -2.1489200554152967e+00
sample 9101: -1.0152604913293604e+00
sample 9102: 3.2804750037392170e+00
receiver 75
sample 9098: -8.3333600776291494e-01
sample 9099: -2.2314718084209644e+00
sample 9100: 2.6061962673174877e-01
sample 9101: 4.7509576615967406e+00
sample 9102: -2.3663812397172310e+00
receiver 76
sample 9098: 2.4389238521869565e+00
sample 9099: -6.5152869802580087e+00
sample 9100: 5.5160935373224138e+00
sample 9101: -3.4433642303323947e-01
sample 9102: -4.7960509698057949e+00
receiver 77
sample 9098: 7.7408185489862469e-01
sample 9099: -4.1526930296524007e+00
sample 9100: 1.8952499127772133e+00
sample 9101: -1.3962596125597679e+00
sample 9102: 3.7835642971589900e+00
receiver 78
sample 9098: -6.0417773968049271e-01
sample 9099: -9.9278462251120325e-01
sample 9100: 2.7129474477814757e+00
sample 9101: -1.2276926423744099e+00
sample 9102: -2.1140406296381911e+00
receiver 79
sample 9098: -3.3506800661186857e+00
sample 9099: 2.1869619914744978e+00
sample 9100: -2.4214694578707894e+00
sample 9101: 7.1755456620318436e-01
sample 9102: 6.3370141410587588e-01
receiver 80
sample 9098: 1.2292562816518970e+00
sample 9099: -2.5481269601922478e+00
sample 9100: 2.1878118388874892e+00
sample 9101: -2.4002575504479102e+00
sample 9102: 3.0336034368605986e+00
receiver 81
sample 9098: -2.1513729029146695e+00
sample 9099: 1.6402999707682759e+00
sample 9100: -1.2414165267569990e+00
sample 9101: 1.0744576487751403e+00
sample 9102: -4.3129844081961499e+00
receiver 82
sample 9098: -3.8548216323625049e+00
sample 9099: 2.1458586562568760e+00
sample 9100: -2.1159877346277360e+00
sample 9101: 3.4979555599941428e+00
sample 9102: -1.9031544561216087e+00
receiver 83
sample 9098: -1.0479869499429835e+00
sample 9099: 2.2370859904039415e+00
sample 9100: -4.1180626770492283e+00
sample 9101: 3.1320771997253205e+00
sample 9102: -1.0604712888420831e+00
receiver 84
sample 9098: 2.6150731261687992e+00
sample 9099: -2.7945789129809664e+00
sample 9100: 2.8118215375205144e+00
sample 9101: -3.2833143540929504e+00
sample 9102: 3.5278280424543955e+00
receiver 85
sample 9098: 1.7322858845006412e+00
sample 9099: -2.4457747266902148e+00
sample 9100: 1.4763525049795811e+00
sample 9101: -2.8546186210017286e+00
sample 9102: 4.5045586182306154e+00
receiver 86
sample 9098: 1.5614132669691133e-01
sample 9099: -2.9238978133918141e+00
sample 9100: 4.1667155412413255e+00
sample 9101: -2.7467115688294057e+00
sample 9102: 1.8993551274396945e+00
receiver 87
sample 9098: -1.2978194961572742e+00
sample 9099: -1.0016324266876926e+00
sample 9100: -4.6305217000520589e+00
sample 9101: 5.4570670630701628e+00
sample 9102: -1.5221124945066700e+00
receiver 88
sample 9098: 6.1520511766257602e-01
sample 9099: -9.1401826761137728e-01
sample 9100: 2.3109899900581152e+00
sample 9101: -4.4685551376814416e+00
sample 9102: 1.7139474470339098e+00
receiver 89
sample 9098: 5.2450943184626975e-01
sample 9099: 4.1116188477840723e+00
sample 9100: -4.2384839822253024e+00
sample 9101: 1.0039311084151342e-01
sample 9102: -1.0661198575653341e+00
receiver 90
sample 9098: -4.2964616011378753e+00
sample 9099: 2.3456191422110337e+00
sample 9100: 3.6925629252659048e-01
sample 9101: 1.4211254617580007e+00
sample 9102: -4.6478866699415491e+00
receiver 91
sample 9098: -2.6123041526768604e+00
sample 9099: 1.0921435165168056e+00
sample 9100: -2.7349208738642177e+00
sample 9101: 5.0820094226812582e+00
sample 9102: -3.4645353426951866e+00
receiver 92
sample 9098: 2.8715151108304426e+00
sample 9099: -3.2064437340148682e+00
sample 9100: 1.5194011260225284e+00
sample 9101: -1.3104832073723391e+00
sample 9102: 2.3281432167059277e+00
receiver 93
sample 9098: 7.1087648093506095e-02
sample 9099: -3.8285174562669795e+00
sample 9100: 5.9392161800404821e+00
sample 9101: -3.2169899384131546e+00
sample 9102: -1.4899380042449459e+00
receiver 94
sample 9098: 3.3435901356837290e+00
sample 9099: -2.0820224636879976e+00
sample 9100: 3.9434842649216023e-01
sample 9101: -1.0879614698792655e+00
sample 9102: 5.1999374329213470e+00
receiver 95
sample 9098: -2.9402813389542879e+00
sample 9099: 3.5682652260794141e+00
sample 9100: -2.5917070956155874e+00
sample 9101: 1.1024617856952497e+00
sample 9102: -1.6624114365180178e+00
receiver 96
sample 9098: -1.2230749831682923e+00
sample 9099: -2.7782705366238010e+00
sample 9100: 3.8114365377138055e+00
sample 9101: -3.8875057074611769e-01
sample 9102: -1.5857615496756750e+00
receiver 97
sample 9098: -7.5943254119169823e-01
sample 9099: -1.1345508882179847e+00
sample 9100: -1.4169080239341686e-01
sample 9101: 3.3044243449021549e+00
sample 9102: -1.0535962422263780e+00
receiver 98
sample 9098: 3.8719000690479044e-01
sample 9099: 3.4804803390182237e+00
sample 9100: -2.1818462222451842e+00
sample 9101: -3.0476610904009195e-02
sample 9102: -1.4834432545607574e+00
receiver 99
sample 9098: 3.0095810958602645e+00
sample 9099: -2.6397441970400298e-01
sample 9100: -3.1440304935747037e+00
sample 9101: 1.3382168499974136e+00
sample 9102: 1.5981564523483831e+00
receiver 100
sample 9098: 1.0730864962293096e+00
sample 9099: -1.1327974932864484e+00
sample 9100: -4.2902417144395044e-01
sample 9101: -4.0331556974755114e-02
sample 9102: 6.4669329292770694e-01
receiver 101
sample 9098: -1.6198852029169089e+00
sample 9099: -1.0404023626103305e+00
sample 9100: -1.1049932825322506e+00
sample 9101: 2.2934061914006936e+00
sample 9102: -2.6927943425640077e-01
receiver 102
sample 9098: -3.4885721276893049e+00
sample 9099: 1.1215835109244299e+00
sample 9100: 5.0224808243886787e-01
sample 9101: -3.4055942076306933e+00
sample 9102: 2.1520712787901513e+00
receiver 103
sample 9098: 2.0099106409800305e+00
sample 9099: -8.9954394556447792e-01
sample 9100: 1.6548789316168769e-01
sample 9101: -2.5411386007853136e+00
sample 9102: 1.0665106991309972e+00
receiver 104
sample 9098: -7.9313381947707127e+00
sample 9099: 3.0796153231838845e+00
sample 9100: 3.1803356346228080e+00
sample 9101: -6.3644676883827094e+00
sample 9102: 5.2015458422517309e+00
receiver 105
sample 9098: 5.0946717450042440e+00
sample 9099: -1.3406063422101673e+00
sample 9100: 1.8081340148843972e-01
sample 9101: 3.8428738949121275e+00
sample 9102: -8.1736067078021399e+00
receiver 106
sample 9098: 4.1915641526047214e+00
sample 9099: -1.0934113011564441e+00
sample 9100: -2.0193186179995775e+00
sample 9101: 5.9972107779321933e+00
sample 9102: -8.6567671635435506e+00
receiver 107
sample 9098: 7.9182212274405632e+00
sample 9099: -3.1188192531357899e+00
sample 9100: -4.3697423352171469e+00
sample 9101: 6.4843064404678881e+00
sample 9102: -5.6237497452930576e+00
receiver 108
sample 9098: -1.5919546602706875e+00
sample 9099: 1.5132350154580454e+00
sample 9100: 3.6151274488480634e-01
sample 9101: -5.3449736361816029e+00
sample 9102: 8.8019115959779217e+00
receiver 109
sample 9098: -5.6557514092415087e+00
sample 9099: 8.0367969094879677e-01
sample 9100: 1.7427234465920274e+00
sample 9101: -4.1458780569641149e+00
sample 9102: 6.7687356261986205e+00
receiver 110
sample 9098: -4.4009880716612777e+00
sample 9099: 2.8744629742779813e+00
sample 9100: 4.0922852848747269e+00
sample 9101: -8.7721007908704145e+00
sample 9102: 6.1409684740591839e+00
receiver 111
sample 9098: 3.2903228006674685e+00
sample 9099: -8.8579909454740713e-01
sample 9100: -1.6276907323626444e+00
sample 9101: 7.0421274069106294e+00
sample 9102: -8.6666318073368327e+00
receiver 112
sample 9098: 2.8625710013798491e+00
sample 9099: -3.9618034805412399e+00
sample 9100: 5.5434996488269279e+00
sample 9101: -3.0777007260900184e+00
sample 9102: 2.6955381731925945e+00
receiver 113
sample 9098: -1.1512786043880208e+00
sample 9099: 4.2732730270721540e+00
sample 9100: -6.5130120585434170e+00
sample 9101: 2.2991607669417440e+00
sample 9102: 7.4631565636897657e-02
receiver 114
sample 9098: -2.9942870771645267e+00
sample 9099: 2.9343634371628169e+00
sample 9100: -4.8663150294367972e+00
sample 9101: 4.1899836802588259e+00
sample 9102: -1.3628551178617936e+00
receiver 115
sample 9098: -7.5217563776980603e+00
sample 9099: 4.6002483570448662e+00
sample 9100: -1.4036062673023499e+00
sample 9101: 6.3969454866582032e+00
sample 9102: -7.4876385403431192e+00
receiver 116
sample 9098: 3.1312565699040160e+00
sample 9099: -5.4117454617011882e+00
sample 9100: 4.3262278329671906e+00
sample 9101: -3.0789358627986187e+00
sample 9102: -5.0098098891221399e-01
receiver 117
sample 9098: 2.1422209078422463e+00
sample 9099: -3.2652233264472610e+00
sample 9100: 6.1121812262344379e+00
sample 9101: -5.9659548541354761e+00
sample 9102: 3.5021855852633772e+00
receiver 118
sample 9098: 3.1352911190940214e+00
sample 9099: -2.8937477983390858e+00
sample 9100: 2.4219161563037930e+00
sample 9101: -4.0450175086733546e+00
sample 9102: 7.7683517324512543e+00
receiver 119
sample 9098: -1.7311962003824433e-01
sample 9099: 3.1679394186259651e+00
sample 9100: -6.8235124161362588e+00
sample 9101: 5.3011977966981583e+00
sample 9102: -3.0892043561149896e+00
receiver 120
sample 9098: 1.8100044189258566e+00
sample 9099: 3.2586553494484644e-01
sample 9100: -9.0476251008415420e-01
sample 9101: 9.5544725083639415e-01
sample 9102: -2.9747277177530251e+00
receiver 121
sample 9098: -2.8342976495006913e+00
sample 9099: -5.6738992601360405e-01
sample 9100: 1.9188319445803668e+00
sample 9101: -1.3901368616413416e+00
sample 9102: 3.0114237265591557e+00
receiver 122
sample 9098: 1.6560811618384361e+00
sample 9099: -1.0269197057889046e+00
sample 9100: -7.2188633680196290e-01
sample 9101: -1.3534013382448604e+00
sample 9102: 2.4843255234952570e+00
receiver 123
sample 9098: 4.1168961748337338e+00
sample 9099: 2.9638356146760370e-01
sample 9100: -4.1673173894674592e-01
sample 9101: -2.6306507634333198e+00
sample 9102: 2.6916927584730321e+00
receiver 124
sample 9098: 1.0991654271543452e+00
sample 9099: 8.7637484903428531e-01
sample 9100: -2.2472445169307265e+00
sample 9101: 2.4818112111021424e+00
sample 9102: -2.2232653983577699e+00
receiver 125
sample 9098: 6.8636333837451824e-02
sample 9099: 9.1494363076922391e-01
sample 9100: -2.7277514948128379e+00
sample 9101: 3.2816380610554554e+00
sample 9102: -2.0967453735941524e+00
receiver 126
sample 9098: -1.0955410804058547e+00
sample 9099: 2.3472708919913172e+00
sample 9100: -2.9108768144746211e+00
sample 9101: -5.2351755213217299e-01
sample 9102: -4.5235272970139140e-01
receiver 127
sample 9098: -7.4753994241963584e-03
sample 9099: -2.3298903683754326e+00
sample 9100: 2.7365322098855067e+00
sample 9101: -3.3000427098478440e+00
sample 9102: 2.8033421117797994e+00
sim data freed
--Date and time: Sun Aug 23 19:00:45 2026
