--Date and time: Sun Aug 23 19:00:46 2026
read constant: l
l=0.5767729189204361
read constant: l2
l2=0.332667
read constant: Ts
Ts=0.0001098615083657974
read constant: fcc_flag
fcc_flag=0
closed file sim_consts.h5
a2 (double): 0.332667
a2 (Real): 0.3326669931411743
a1 (double): 0.003997762058020604
a1 (Real): 0.003997762221843004
sl2 (double): 0.3326670396569966
sl2 (Real): 0.3326670527458191
l2=0.332667
NN=6
read constant: Nx
Nx=784
read constant: Ny
Ny=307
read constant: Nz
Nz=238
Npts=57283744
read constant: Nb
Nb=2536873
read and closed dataset: bn_ixyz
read and closed dataset: adj_bn
read and closed dataset: mat_bn
read and closed dataset: saf_bn
closed file vox_out.h5
read constant: Nt
Nt=9103
read constant: Ns
Ns=8
read constant: Nr
Nr=128
read constant: Nr
Nr=128
read constant: diff
diff=1
read and closed dataset: in_ixyz
read and closed dataset: out_ixyz
read and closed dataset: out_reorder
read and closed dataset: in_sigs
closed file comms_out.h5
read constant: Nmat
Nm=5
read and closed dataset: Mb
Mb[0]=11
Mb[1]=11
Mb[2]=11
Mb[3]=11
Mb[4]=11
read and closed dataset: mat_00_DEF
DEF[0,0]=[0.4271373742170923, 29.65189612748257, 4116.871980901139]
DEF[0,1]=[0.285120870413817, 39.5862078273253, 10992.30545890092]
DEF[0,2]=[0.1365993679776873, 37.93093758445521, 21065.33942779075]
DEF[0,3]=[0.07547041093739447, 41.9132751361938, 46553.94374623318]
DEF[0,4]=[0.02869009653510876, 31.86668509748779, 70789.975757647]
DEF[0,5]=[0.01174090916491297, 26.0817425036295, 115878.1287668154]
DEF[0,6]=[0.005114619716574295, 22.72365667393631, 201917.0930584003]
DEF[0,7]=[0.002458316995630199, 21.84402927294029, 388201.8598295133]
DEF[0,8]=[0.00125070124395322, 22.22687686997281, 790011.2961131922]
DEF[0,9]=[0.0006207164355392051, 22.06216368713289, 1568313.769990716]
DEF[0,10]=[0.0002579931805014372, 18.33973599697675, 2607401.604841498]
read and closed dataset: mat_01_DEF
DEF[1,0]=[0.6652359768362153, 46.18071205210523, 6411.734301509461]
DEF[1,1]=[0.4831867257375252, 67.08568936637052, 18628.36654252748]
DEF[1,2]=[0.2366380125458162, 65.70968677871952, 36492.55578261291]
DEF[1,3]=[0.109355969171742, 60.73197120236311, 67456.25966392606]
DEF[1,4]=[0.05719228491401063, 63.52465670968748, 141116.306723919]
DEF[1,5]=[0.1865423402928111, 414.3928904655312, 1841099.102743437]
DEF[1,6]=[0.02373833896955609, 105.4666611880606, 937152.0590739271]
DEF[1,7]=[0.01248270419569683, 110.9183869862785, 1971189.636277536]
DEF[1,8]=[0.004061702779089292, 72.18267990834492, 2565593.575962659]
DEF[1,9]=[0.002950515268333448, 104.8703515556354, 7454827.130323238]
DEF[1,10]=[0.001053253577179163, 74.87171756165712, 10644680.84816955]
read and closed dataset: mat_02_DEF
DEF[2,0]=[0.6726678975691022, 46.69663633057224, 6483.365275702672]
DEF[2,1]=[0.4483785514930683, 62.25291925827236, 17286.40205144554]
DEF[2,2]=[0.210939198983727, 58.57363550959955, 32529.47572893837]
DEF[2,3]=[0.1014979289335951, 56.36792708968498, 62609.02538152904]
DEF[2,4]=[0.1013689034760175, 112.5925429283551, 250117.7439701263]
DEF[2,5]=[0.09069753948881958, 201.4792753639105, 895148.8349068293]
DEF[2,6]=[0.07171350797160277, 318.6147210025179, 2831135.815576349]
DEF[2,7]=[0.03034005543847438, 269.5946293007535, 4791109.514957789]
DEF[2,8]=[0.01054557849910362, 187.4110831467087, 6661164.029874329]
DEF[2,9]=[0.006412203317280798, 227.9093497147946, 16201192.98071407]
DEF[2,10]=[0.001940781692657767, 137.9626539039889, 19614461.47625855]
read and closed dataset: mat_03_DEF
DEF[3,0]=[0.2365401200038285, 16.42062598992096, 2279.841220140615]
DEF[3,1]=[0.1588402676738195, 22.05339734814127, 6123.791425405237]
DEF[3,2]=[0.07536900829470342, 20.92848006365338, 11622.84837454914]
DEF[3,3]=[0.03569480980087993, 19.82348268064218, 22018.35324417575]
DEF[3,4]=[0.03541107729858307, 39.33181778792044, 87373.33108835274]
DEF[3,5]=[0.02393783635436473, 53.17650235761705, 236256.9750355949]
DEF[3,6]=[0.02037355880299789, 90.51733679540551, 804315.8625116833]
DEF[3,7]=[0.01938458068085195, 172.2468455406228, 3061090.28481613]
DEF[3,8]=[0.02008467813706338, 356.9354952542449, 12686580.97510553]
DEF[3,9]=[0.006853024907587366, 243.5774994935537, 17314981.06590701]
DEF[3,10]=[0.002965610576455967, 210.8137701017314, 29971868.87404233]
read and closed dataset: mat_04_DEF
DEF[4,0]=[0.362709100428077, 25.17928240322926, 3495.893880761826]
DEF[4,1]=[0.2459023437939194, 34.14110399047366, 9480.308025572871]
DEF[4,2]=[0.1169756784167993, 32.48182786359359, 18039.11985191963]
DEF[4,3]=[0.05322883780403812, 29.561186912195, 32834.22324097539]
DEF[4,4]=[0.07209436498988685, 80.07670603773252, 177885.7154994824]
DEF[4,5]=[0.05307301439971381, 117.8985950765609, 523809.6564984942]
DEF[4,6]=[0.02310412702264262, 102.6489317499425, 912114.3749840045]
DEF[4,7]=[0.01382255870048944, 122.824020424194, 2182770.978954665]
DEF[4,8]=[0.008451034268542436, 150.1878238459954, 5338135.360676059]
DEF[4,9]=[0.003893270737619835, 138.3787690704192, 9836810.753701152]
DEF[4,10]=[0.001613673454454209, 114.7097961368588, 16308550.27507439]
closed file sim_mats.h5
bn_ixyz checked
checked adj_bn against mat_bn.
adj_bn filled
adj_bn double checked
K_bn calculated
bn_mask_raw filled
bn_mask double checked
Nbl = 1451527
separated non-rigid bn
ABC nodes
max_in = 7.8828517227844670e+04, pow2 = 2, norm1 = 4.0000000000000000e+00, inv_infac = 5.0743057724128752e-05, infac = 1.9707129306961167e+04
ENGINE: fcc_flag=0
fcc=false
Air update: 105.255223s, 4954.19 Mvox/s
Boundary loop: 28.311615s, 815.68 Mvox/s
Combined (total): 173.737098s, 3001.40 Mvox/s
wrote output dataset
RAW OUTPUTS
receiver 0
sample 9098: -2.0465487689202506e+00
sample 9099: -8.6601534237928890e-01
sample 9100: 1.4804844128750112e+00
sample 9101: -2.5980018635607061e+00
sample 9102: 5.1829542503998560e+00
receiver 1
sample 9098: -1.3944869947900515e-01
sample 9099: -2.2154662784303194e+00
sample 9100: 1.2127346965970753e+00
sample 9101: 2.3210249708091761e+00
sample 9102: -4.7298132933897294e+00
receiver 2
sample 9098: 8.4010265025673392e-01
sample 9099: -6.2312527500745341e-01
sample 9100: -2.0085378376439444e+00
sample 9101: 2.1528973870996859e+00
sample 9102: -2.2171989818926887e+00
receiver 3
sample 9098: -1.0604412429526540e-01
sample 9099: 1.0246183803340676e-01
sample 9100: -5.8211889175492892e-01
sample 9101: 1.8018190304608452e+00
sample 9102: -3.0046514787620127e+00
receiver 4
sample 9098: 6.4429748030299305e-01
sample 9099: -9.4850014296230212e-01
sample 9100: -3.8621779507027737e-01
sample 9101: -1.2099969849778256e+00
sample 9102: 5.0956950516716502e+00
receiver 5
sample 9098: -7.7020342063802809e-03
sample 9099: 5.0647414026703264e-01
sample 9100: 5.0422774844369556e-01
sample 9101: -1.5133953113186838e+00
sample 9102: 1.7800645972267959e+00
receiver 6
sample 9098: 1.2115700973318186e+00
sample 9099: -2.1287288694985027e-01
sample 9100: -1.2118224606298795e+00
sample 9101: -5.1743853693247832e-01
sample 9102: 2.8930928489717549e+00
receiver 7
sample 9098: 2.2586821668820753e-01
sample 9099: 3.0291109310971538e+00
sample 9100: 3.7701639263237996e-01
sample 9101: -1.0590595001251808e+00
sample 9102: -2.0567188664438731e+00
receiver 8
sample 9098: -2.1678960835222885e+00
sample 9099: 1.6369968324030044e+00
sample 9100: -6.5022163703085722e-01
sample 9101: 1.2104037774077114e+00
sample 9102: -1.3866839861387110e+00
receiver 9
sample 9098: -7.0445114016059251e-01
sample 9099: 2.2789185488453448e-01
sample 9100: 5.2203395787957980e+00
sample 9101: -3.9577697266905947e+00
sample 9102: 3.4702753138730774e-01
receiver 10
sample 9098: 2.6310020928763631e+00
sample 9099: -3.0984040138269764e-01
sample 9100: -1.2791423778229873e+00
sample 9101: 1.3155582583449579e+00
sample 9102: -2.4262373805943862e+00
receiver 11
sample 9098: 3.2751596979536410e+00
sample 9099: -4.2965419312312587e+00
sample 9100: 1.8392969876582350e+00
sample 9101: -2.0557184467105936e+00
sample 9102: 1.1008839132728405e+00
receiver 12
sample 9098: -1.9120668049835610e+00
sample 9099: 1.8097200091254813e+00
sample 9100: 8.7558335269350318e-01
sample 9101: -1.0878158498509939e-01
sample 9102: -3.0461691127754675e-01
receiver 13
sample 9098: -2.8796112001022691e+00
sample 9099: 3.6643322944347956e+00
sample 9100: -2.0193389868009568e+00
sample 9101: 4.0906103254722250e+00
sample 9102: -4.4161879443949479e+00
receiver 14
sample 9098: -3.0711434722715953e+00
sample 9099: 4.0079346751450533e+00
sample 9100: -9.5671184393767583e-01
sample 9101: -2.7396677215861209e+00
sample 9102: 2.3212642857776213e+00
receiver 15
sample 9098: 1.2951591307320864e+00
sample 9099: -1.9735156907908111e+00
sample 9100: 2.8533897931043022e+00
sample 9101: 4.0075919055632264e-01
sample 9102: -1.9399093593950951e+00
receiver 16
sample 9098: -3.3899520192767807e+00
sample 9099: -2.3821948231061837e-01
sample 9100: -6.4418263528649268e-03
sample 9101: 2.0710422042676875e+00
sample 9102: -3.3404721798212633e+00
receiver 17
sample 9098: 3.0798523002665017e+00
sample 9099: 9.1226220724311224e-01
sample 9100: -1.8291184302285981e+00
sample 9101: -2.7609539922246196e+00
sample 9102: 4.9085630777357885e+00
receiver 18
sample 9098: 6.4412841123211590e+00
sample 9099: -2.9886986770068544e+00
sample 9100: -1.9788548952036524e+00
sample 9101: 1.1213489277808593e+00
sample 9102: 1.1629171778421634e+00
receiver 19
sample 9098: 4.5241891120119702e+00
sample 9099: -3.0732185868451971e+00
sample 9100: -5.7104089575829631e-01
sample 9101: -3.1926158214167633e-01
sample 9102: 3.0477313276234077e+00
receiver 20
sample 9098: 8.3439594179109111e-01
sample 9099: -1.0623691157298374e+00
sample 9100: -1.8116223408728538e+00
sample 9101: -3.8600543709048848e-02
sample 9102: -1.6894109687514319e-01
receiver 21
sample 9098: -2.5071015714697231e-01
sample 9099: 1.2290323470635047e+00
sample 9100: -1.6655667953435522e+00
sample 9101: -3.8994137251669675e-01
sample 9102: -3.2796124762820429e+00
receiver 22
sample 9098: -5.5055221502167262e+00
sample 9099: 1.4893805059081378e+00
sample 9100: 1.4790849436766726e+00
sample 9101: -2.8367309476675229e+00
sample 9102: -8.1783875861472388e-01
receiver 23
sample 9098: 2.3627422012492785e+00
sample 9099: 1.4335943083776073e+00
sample 9100: -2.3668479800428468e+00
sample 9101: -1.5820897481567990e+00
sample 9102: 2.6802275615984943e+00
receiver 24
sample 9098: -1.4815896494099285e+00
sample 9099: -1.7708907611775646e+00
sample 9100: 3.6788001676020450e+00
sample 9101: -2.2532730248563761e+00
sample 9102: 1.1551900574155383e+00
receiver 25
sample 9098: -4.4239713447048050e+00
sample 9099: 5.9517532280600562e+00
sample 9100: 2.4305112820964637e-02
sample 9101: -2.2419946796448484e+00
sample 9102: -1.0542581449913320e+00
receiver 26
sample 9098: 3.2292984040605486e+00
sample 9099: 3.0631774670412376e-01
sample 9100: -5.3193514510252964e+00
sample 9101: 3.5520420978566358e+00
sample 9102: 8.8966199848996463e-01
receiver 27
sample 9098: 3.0183826231648092e-01
sample 9099: 1.0869391920902365e+00
sample 9100: -2.5193935639794431e+00
sample 9101: 4.5845329046725407e+00
sample 9102: -2.0070586445855367e+00
receiver 28
sample 9098: 1.8894787125364849e+00
sample 9099: -2.6689030453744800e+00
sample 9100: 2.3259413233095274e+00
sample 9101: -4.7308425341587534e-01
sample 9102: -1.2325264316357498e+00
receiver 29
sample 9098: 1.1779069841940391e+00
sample 9099: -1.6488670842590756e+00
sample 9100: 3.4498381166831407e+00
sample 9101: -2.3139912042051498e+00
sample 9102: 1.5635221185019581e+00
receiver 30
sample 9098: -2.5179754543102253e+00
sample 9099: 4.5813944408529109e-02
sample 9100: 3.9750342440427202e+00
sample 9101: -4.1984881792049675e+00
sample 9102: 1.3738308079143398e+00
receiver 31
sample 9098: -1.0380208609729045e+00
sample 9099: 2.2241015482593705e+00
sample 9100: -1.4299978446037624e+00
sample 9101: 2.0922797229054240e+00
sample 9102: -3.5985612569835372e+00
receiver 32
sample 9098: 1.6109401784899646e+00
sample 9099: -2.1456660315043368e+00
sample 9100: 9.6828184082434920e-01
sample 9101: 6.6020325071624020e-01
sample 9102: -2.2573742152263434e+00
receiver 33
sample 9098: -4.3626981094885346e+00
sample 9099: 2.4085925976363187e+00
sample 9100: 3.5725401633534060e-01
sample 9101: -3.2978807112969113e+00
sample 9102: 2.2210250102348263e+00
receiver 34
sample 9098: -5.3910682968282864e-01
sample 9099: 2.5222546611770913e-01
sample 9100: -1.0745912423208186e+00
sample 9101: 1.5583247250560384e-01
sample 9102: 1.1803405693614777e+00
receiver 35
sample 9098: -3.5789747105127749e+00
sample 9099: -8.6846498702933139e-01
sample 9100: 2.3259695707923220e+00
sample 9101: -1.6157306361177608e+00
sample 9102: 9.8763138446199647e-02
receiver 36
sample 9098: 2.8562156884896357e+00
sample 9099: -1.5436485087796512e+00
sample 9100: -1.2394120781904028e+00
sample 9101: 5.4578789706957898e-01
sample 9102: -5.1476205209065595e-01
receiver 37
sample 9098: 2.6437364022518182e+00
sample 9099: 2.5363267828087449e-01
sample 9100: -4.1930907591676867e+00
sample 9101: 1.7985722905983474e+00
sample 9102: 2.1579757683084515e+00
receiver 38
sample 9098: 2.5966560215632057e+00
sample 9099: -3.3782896803651350e+00
sample 9100: -5.4770736035067522e-04
sample 9101: 2.5146915768942057e+00
sample 9102: -1.5999569262712832e+00
receiver 39
sample 9098: -1.7951147700266736e+00
sample 9099: -9.1233884825607447e-01
sample 9100: -1.8773191032170689e+00
sample 9101: 3.1167369169369730e-01
sample 9102: 3.6746565343137676e+00
receiver 40
sample 9098: -3.7818271972589890e+00
sample 9099: 3.0875875221285476e+00
sample 9100: -1.7814821333430637e+00
sample 9101: 1.0414247543437405e+00
sample 9102: -2.4996143037174341e+00
receiver 41
sample 9098: 8.6911102273354390e-01
sample 9099: 5.0446491258857795e-01
sample 9100: -4.5059525120270075e-02
sample 9101: -2.7912596697805245e+00
sample 9102: 2.7747860819466399e+00
receiver 42
sample 9098: 2.4154353711079488e+00
sample 9099: -5.4522132712660820e+00
sample 9100: 3.1108109678561400e+00
sample 9101: 9.1489445681365511e-01
sample 9102: 5.5511974695657362e-01
receiver 43
sample 9098: 3.1235596160553483e+00
sample 9099: -9.1491749930342703e+00
sample 9100: 5.3794752861294883e+00
sample 9101: 1.8660469236997550e+00
sample 9102: -6.1931630986558217e-01
receiver 44
sample 9098: 2.0696767987375284e-02
sample 9099: 5.0491035711024423e-02
sample 9100: -1.2847609025225464e+00
sample 9101: 2.2005197753261792e+00
sample 9102: -1.1666560978299989e+00
receiver 45
sample 9098: -3.7671250277116082e+00
sample 9099: 2.8680721750749032e+00
sample 9100: -2.4684442818656698e+00
sample 9101: 1.7547633125490887e+00
sample 9102: 1.0256139069437411e+00
receiver 46
sample 9098: -1.8892951755924405e+00
sample 9099: 5.1366083042638966e+00
sample 9100: -4.1499128327518182e+00
sample 9101: 1.1627256111568169e+00
sample 9102: -6.1612398583922878e-01
receiver 47
sample 9098: -9.1422232445021134e-01
sample 9099: -3.9560456265224775e-01
sample 9100: 2.9437051687273219e+00
sample 9101: -2.3101744960984516e+00
sample 9102: 5.6096628583910721e-02
receiver 48
sample 9098: -1.4440073055756133e+00
sample 9099: 7.4864454207468156e-01
sample 9100: 1.9583989858487174e+00
sample 9101: -6.2856685862189454e-01
sample 9102: -1.9117758702496030e+00
receiver 49
sample 9098: -2.7315789043303145e+00
sample 9099: 1.4814674826315490e+00
sample 9100: 2.9840210659219979e+00
sample 9101: -1.6463540620080428e+00
sample 9102: 1.2231313296124727e-01
receiver 50
sample 9098: 4.0220397760713391e+00
sample 9099: -4.2387475814340547e+00
sample 9100: -4.5013087943367985e-01
sample 9101: 4.8986595389457435e+00
sample 9102: -2.7555757862111685e+00
receiver 51
sample 9098: -2.2082425224115596e+00
sample 9099: 1.0925324804599894e+00
sample 9100: -3.7970223355670146e-01
sample 9101: -1.3983116071733437e-01
sample 9102: 5.5895683053182541e+00
receiver 52
sample 9098: 7.5040664012574532e-01
sample 9099: 2.8168845817103474e+00
sample 9100: -1.6974154737235680e+00
sample 9101: 3.1201638958140521e-01
sample 9102: 1.7357599260403800e+00
receiver 53
sample 9098: 4.7575453671642431e-01
sample 9099: -1.0467045243321236e+00
sample 9100: 3.5801598142959989e-01
sample 9101: 2.0630478798604162e+00
sample 9102: -4.9162710558327030e+00
receiver 54
sample 9098: 9.3617348634615816e-01
sample 9099: 5.1285233584905032e-01
sample 9100: -1.1046107169546044e+00
sample 9101: 1.6294298049435867e+00
sample 9102: -1.9711854885426350e+00
receiver 55
sample 9098: -7.6026400790330451e-01
sample 9099: 4.3842498634488286e-01
sample 9100: 3.8836374343322139e-01
sample 9101: -3.9938476411366959e+00
sample 9102: 4.6130295962237078e+00
receiver 56
sample 9098: -3.1914823373990520e+00
sample 9099: 1.6584679304796852e+00
sample 9100: -9.3794827425624372e-01
sample 9101: 3.0102889307089264e+00
sample 9102: -3.0535127413608061e+00
receiver 57
sample 9098: 4.4385504871443811e+00
sample 9099: -3.5059596276071459e-01
sample 9100: -7.2970689907288244e-01
sample 9101: -2.5175994903514090e+00
sample 9102: 3.0309365501374455e+00
receiver 58
sample 9098: 2.0630794252726741e+00
sample 9099: -1.2623438722428493e+00
sample 9100: 8.1724484453485524e-01
sample 9101: -3.3707004277288997e+00
sample 9102: 4.0087766508758564e+00
receiver 59
sample 9098: 1.9157819942180845e+00
sample 9099: -2.7720883756456627e+00
sample 9100: 3.1160624186676098e+00
sample 9101: -2.6274862132920127e+00
sample 9102: 1.3728807174524349e+00
receiver 60
sample 9098: -1.1443811652936988e+00
sample 9099: 8.6842476662870294e-01
sample 9100: -2.2712144780779031e+00
sample 9101: 2.7566070344155182e+00
sample 9102: -8.3359841641392318e-01
receiver 61
sample 9098: -2.0167681073960789e-01
sample 9099: 1.9982705228952735e+00
sample 9100: -3.2194912221661265e+00
sample 9101: 2.3032274793781338e+00
sample 9102: -6.0802821425390186e-01
receiver 62
sample 9098: 4.7633450629019275e-01
sample 9099: 1.4206963930231251e+00
sample 9100: -3.5687078259288167e+00
sample 9101: 1.7813027546579079e+00
sample 9102: -4.8004442600698694e-01
receiver 63
sample 9098: -9.7090054020644512e-01
sample 9099: -1.4209603707684266e+00
sample 9100: 2.2239562959747481e+00
sample 9101: -1.8204752740464825e+00
sample 9102: 1.2951578402379484e+00
receiver 64
sample 9098: 2.1579337555548541e+00
sample 9099: 2.8750257518070882e-01
sample 9100: -1.7959507234515009e+00
sample 9101: 2.2734182119005739e+00
sample 9102: -3.8912281208508248e+00
receiver 65
sample 9098: -1.5224011322005840e-01
sample 9099: 4.2526854199812572e-02
sample 9100: -1.2583410462038311e+00
sample 9101: -8.1998714457770605e-01
sample 9102: 2.3457838177842896e+00
receiver 66
sample 9098: -5.4022877811683063e+00
sample 9099: -5.9889208931114213e-01
sample 9100: 6.9888222779122056e-01
sample 9101: -9.8390205356254601e-01
sample 9102: 4.5127323918329489e+00
receiver 67
sample 9098: -2.7171950566702607e+00
sample 9099: 3.2675377527992473e+00
sample 9100: -4.3139856838803026e-01
sample 9101: -1.6857406600352567e+00
sample 9102: 7.1311451408420046e-01
receiver 68
sample 9098: 4.4597300769341537e+00
sample 9099: -2.6582659323612075e+00
sample 9100: 1.0706606122593991e+00
sample 9101: 3.1425274422811483e-01
sample 9102: -1.6946242782917178e+00
receiver 69
sample 9098: -2.1276449978109779e+00
sample 9099: -7.4060426173728067e-01
sample 9100: 2.7128311790491302e+00
sample 9101: -2.0702865482558797e+00
sample 9102: 2.6744601999083741e+00
receiver 70
sample 9098: 9.0059484974315271e+00
sample 9099: -3.8402931775608051e+00
sample 9100: -1.9704005813303702e+00
sample 9101: 7.6081246791187462e-01
sample 9102: -6.1430847566968338e-01
receiver 71
sample 9098: -3.8560392134774388e+00
sample 9099: 3.5842189919123686e+00
sample 9100: -6.3847319348257181e-01
sample 9101: 5.2376479012544908e-01
sample 9102: -1.3710097877290823e+00
receiver 72
sample 9098: 5.2881356166316396e-01
sample 9099: 3.5660407330165528e-01
sample 9100: 2.2722074416228311e+00
sample 9101: -3.6097154279813601e+00
sample 9102: 8.1850830998989210e-01
receiver 73
sample 9098: -7.9516456153100845e-01
sample 9099: 2.9017738596485798e+00
sample 9100: -5.1340789357537844e+00
sample 9101: 3.7783262300513423e+00
sample 9102: -1.1349621353582831e+00
receiver 74
sample 9098: -4.7768495105011812e+00
sample 9099: 3.7975890058817514e+00
sample 9100: -2.1641021741453583e+00
sample 9101: -1.0009273993344641e+00
sample 9102: 3.2672802275246351e+00
receiver 75
sample 9098: -8.4099696269423774e-01
sample 9099: -2.2263716708360195e+00
sample 9100: 2.5795085090129083e-01
sample 9101: 4.7549833778300927e+00
sample 9102: -2.3789849340207323e+00
receiver 76
sample 9098: 2.4400872504578612e+00
sample 9099: -6.5233337296032552e+00
sample 9100: 5.5298493985968600e+00
sample 9101: -3.6305374792008405e-01
sample 9102: -4.7817379022952133e+00
receiver 77
sample 9098: 7.7177414020080726e-01
sample 9099: -4.1563919736530606e+00
sample 9100: 1.9014764365357244e+00
sample 9101: -1.4030157630056737e+00
sample 9102: 3.7917169707782312e+00
receiver 78
sample 9098: -5.9732754440434177e-01
sample 9099: -1.0006693722010203e+00
sample 9100: 2.7215600813972913e+00
sample 9101: -1.2410151586860405e+00
sample 9102: -2.1028233467878246e+00
receiver 79
sample 9098: -3.3581043446144276e+00
sample 9099: 2.1941120417672293e+00
sample 9100: -2.4324799309036962e+00
sample 9101: 7.2937201584412015e-01
sample 9102: 6.2142476220441079e-01
receiver 80
sample 9098: 1.2247057503841332e+00
sample 9099: -2.5486783172841014e+00
sample 9100: 2.1881872397922963e+00
sample 9101: -2.4046300636920477e+00
sample 9102: 3.0380893289786255e+00
receiver 81
sample 9098: -2.1503806367544769e+00
sample 9099: 1.6377216599437423e+00
sample 9100: -1.2432824134979388e+00
sample 9101: 1.0740495215594126e+00
sample 9102: -4.3161540008083019e+00
receiver 82
sample 9098: -3.8519165148718417e+00
sample 9099: 2.1439339015949179e+00
sample 9100: -2.1166020960854821e+00
sample 9101: 3.4994946104473010e+00
sample 9102: -1.9105688280660360e+00
receiver 83
sample 9098: -1.0490152974741138e+00
sample 9099: 2.2359122939968645e+00
sample 9100: -4.1230134861667871e+00
sample 9101: 3.1388052270229858e+00
sample 9102: -1.0711807530910562e+00
receiver 84
sample 9098: 2.6083450306870328e+00
sample 9099: -2.7925868713071456e+00
sample 9100: 2.8101413196755667e+00
sample 9101: -3.2861724881492544e+00
sample 9102: 3.5320534907678263e+00
receiver 85
sample 9098: 1.7283762921367689e+00
sample 9099: -2.4479827803694709e+00
sample 9100: 1.4771646883996081e+00
sample 9101: -2.8590172078745884e+00
sample 9102: 4.5104487907619717e+00
receiver 86
sample 9098: 1.5253569014820645e-01
sample 9099: -2.9233259720794678e+00
sample 9100: 4.1687333992576701e+00
sample 9101: -2.7540418188460225e+00
sample 9102: 1.9060715993839983e+00
receiver 87
sample 9098: -1.3002868374945642e+00
sample 9099: -1.0060373259554873e+00
sample 9100: -4.6297271564846216e+00
sample 9101: 5.4618707558405175e+00
sample 9102: -1.5319259468082409e+00
receiver 88
sample 9098: 6.0062801900885576e-01
sample 9099: -9.0254026965590450e-01
sample 9100: 2.2978330704938417e+00
sample 9101: -4.4609302364823193e+00
sample 9102: 1.7097243501982575e+00
receiver 89
sample 9098: 5.3740076058558162e-01
sample 9099: 4.0987086063517086e+00
sample 9100: -4.2338336665337417e+00
sample 9101: 9.5906271201558660e-02
sample 9102: -1.0605923203844265e+00
receiver 90
sample 9098: -4.2836886096186495e+00
sample 9099: 2.3359875333959201e+00
sample 9100: 3.7766626397194647e-01
sample 9101: 1.4100187011386300e+00
sample 9102: -4.6416719702242109e+00
receiver 91
sample 9098: -2.5996622993513578e+00
sample 9099: 1.0793130169828358e+00
sample 9100: -2.7236116802999377e+00
sample 9101: 5.0739195403666839e+00
sample 9102: -3.4630490485601610e+00
receiver 92
sample 9098: 2.8584731929013816e+00
sample 9099: -3.1989517174687085e+00
sample 9100: 1.5124612803393829e+00
sample 9101: -1.3053884475978106e+00
sample 9102: 2.3232563785616906e+00
receiver 93
sample 9098: 5.6936332507325930e-02
sample 9099: -3.8171009904689956e+00
sample 9100: 5.9321618063892174e+00
sample 9101: -3.2171293311174551e+00
sample 9102: -1.4908769055550497e+00
receiver 94
sample 9098: 3.3310922948746944e+00
sample 9099: -2.0736545945673317e+00
sample 9100: 3.8558107960150462e-01
sample 9101: -1.0798984711566899e+00
sample 9102: 5.1924379484304000e+00
receiver 95
sample 9098: -2.9304601104497681e+00
sample 9099: 3.5601191572769642e+00
sample 9100: -2.5885482770600445e+00
sample 9101: 1.0989318258070435e+00
sample 9102: -1.6607925405865975e+00
receiver 96
sample 9098: -1.2292272116783143e+00
sample 9099: -2.7738288220728586e+00
sample 9100: 3.8108495500889585e+00
sample 9101: -3.9200089361946677e-01
sample 9102: -1.5859800144293525e+00
receiver 97
sample 9098: -7.5650924351522131e-01
sample 9099: -1.1389384345733573e+00
sample 9100: -1.3611814919166834e-01
sample 9101: 3.2999933935887475e+00
sample 9102: -1.0549436124608664e+00
receiver 98
sample 9098: 3.9386870464865287e-01
sample 9099: 3.4753164858342029e+00
sample 9100: -2.1824171537256634e+00
sample 9101: -3.1564469450574763e-02
sample 9102: -1.4832122307058708e+00
receiver 99
sample 9098: 3.0100007203514818e+00
sample 9099: -2.6854530591389708e-01
sample 9100: -3.1429961784296494e+00
sample 9101: 1.3402904351078897e+00
sample 9102: 1.5965964795364203e+00
receiver 100
sample 9098: 1.0666948520797837e+00
sample 9099: -1.1308515530587577e+00
sample 9100: -4.3310582043823698e-01
sample 9101: -3.7205333589453382e-02
sample 9102: 6.4269518844266182e-01
receiver 101
sample 9098: -1.6235077273451668e+00
sample 9099: -1.0399457046735701e+00
sample 9100: -1.1058212004558723e+00
sample 9101: 2.2960064477358872e+00
sample 9102: -2.7477964724660808e-01
receiver 102
sample 9098: -3.4911729306937382e+00
sample 9099: 1.1241332405773077e+00
sample 9100: 4.9779829156675920e-01
sample 9101: -3.4037167165271600e+00
sample 9102: 2.1545209721132910e+00
receiver 103
sample 9098: 2.0086711887048518e+00
sample 9099: -9.0283823041350153e-01
sample 9100: 1.6580618191439275e-01
sample 9101: -2.5440873126947157e+00
sample 9102: 1.0720767144932917e+00
receiver 104
sample 9098: -7.9756202720141207e+00
sample 9099: 3.1260155697878425e+00
sample 9100: 3.1302564203011682e+00
sample 9101: -6.3242374411274991e+00
sample 9102: 5.1636215011095299e+00
receiver 105
sample 9098: 5.1394709070380387e+00
sample 9099: -1.3906962758014065e+00
sample 9100: 2.2753612659074063e-01
sample 9101: 3.7918104599091036e+00
sample 9102: -8.1336174767417848e+00
receiver 106
sample 9098: 4.2306449989074455e+00
sample 9099: -1.1392320219897096e+00
sample 9100: -1.9782171043230983e+00
sample 9101: 5.9547907644839908e+00
sample 9102: -8.6266183563512282e+00
receiver 107
sample 9098: 7.9559497000361628e+00
sample 9099: -3.1680982968454208e+00
sample 9100: -4.3258324200654181e+00
sample 9101: 6.4438301138668255e+00
sample 9102: -5.5919370790023271e+00
receiver 108
sample 9098: -1.6372451808304145e+00
sample 9099: 1.5549565353563488e+00
sample 9100: 3.1317708151718904e-01
sample 9101: -5.3033309700220217e+00
sample 9102: 8.7632920094986364e+00
receiver 109
sample 9098: -5.7028943385243647e+00
sample 9099: 8.4917525421026585e-01
sample 9100: 1.6945264875137191e+00
sample 9101: -4.1033919529660663e+00
sample 9102: 6.7278242835750648e+00
receiver 110
sample 9098: -4.4407818948968965e+00
sample 9099: 2.9157097624545756e+00
sample 9100: 4.0462244965433642e+00
sample 9101: -8.7385592591827539e+00
sample 9102: 6.1119511554574038e+00
receiver 111
sample 9098: 3.3311516576050337e+00
sample 9099: -9.3162026455736313e-01
sample 9100: -1.5852011295230641e+00
sample 9101: 6.9986003519944084e+00
sample 9102: -8.6374562128970496e+00
receiver 112
sample 9098: 2.8523410515349732e+00
sample 9099: -3.9565314258712450e+00
sample 9100: 5.5402760176774315e+00
sample 9101: -3.0831356041295708e+00
sample 9102: 2.6973974427138470e+00
receiver 113
sample 9098: -1.1441366166545834e+00
sample 9099: 4.2626957113141470e+00
sample 9100: -6.5136647739698166e+00
sample 9101: 2.3015114089513187e+00
sample 9102: 7.0242317343184493e-02
receiver 114
sample 9098: -2.9899315290731776e+00
sample 9099: 2.9268604921346975e+00
sample 9100: -4.8667843337417835e+00
sample 9101: 4.1917363138759338e+00
sample 9102: -1.3712326130502113e+00
receiver 115
sample 9098: -7.5092070129613093e+00
sample 9099: 4.5934783232593785e+00
sample 9100: -1.3993477485012991e+00
sample 9101: 6.3910988027369715e+00
sample 9102: -7.4955507172185056e+00
receiver 116
sample 9098: 3.1189055206414475e+00
sample 9099: -5.4096453184126858e+00
sample 9100: 4.3242514213583609e+00
sample 9101: -3.0845063956804024e+00
sample 9102: -4.9698621228348150e-01
receiver 117
sample 9098: 2.1283671009752028e+00
sample 9099: -3.2559591526183218e+00
sample 9100: 6.1038537349073447e+00
sample 9101: -5.9681683134930266e+00
sample 9102: 3.5049969906744569e+00
receiver 118
sample 9098: 3.1227004337360404e+00
sample 9099: -2.8880275160926048e+00
sample 9100: 2.4145896672829692e+00
sample 9101: -4.0432110493433351e+00
sample 9102: 7.7678048315903565e+00
receiver 119
sample 9098: -1.6389601758454481e-01
sample 9099: 3.1540760743204292e+00
sample 9100: -6.8198388098128708e+00
sample 9101: 5.3005538266374499e+00
sample 9102: -3.0950411294920754e+00
receiver 120
sample 9098: 1.8223285670166183e+00
sample 9099: 3.0986463399484099e-01
sample 9100: -8.9327366141698816e-01
sample 9101: 9.4105298806946336e-01
sample 9102: -2.9644996177110765e+00
receiver 121
sample 9098: -2.8490758145898338e+00
sample 9099: -5.5380964447727854e-01
sample 9100: 1.9054471436095348e+00
sample 9101: -1.3803202727686843e+00
sample 9102: 3.0001350360561454e+00
receiver 122
sample 9098: 1.6398789359774515e+00
sample 9099: -1.0169312473021848e+00
sample 9100: -7.3613743136160026e-01
sample 9101: -1.3413229738063770e+00
sample 9102: 2.4727069273911009e+00
receiver 123
sample 9098: 4.1051496059817660e+00
sample 9099: 3.0369997934557180e-01
sample 9100: -4.2985814855219517e-01
sample 9101: -2.6219210290168165e+00
sample 9102: 2.6837678171832255e+00
receiver 124
sample 9098: 1.1117886604314720e+00
sample 9099: 8.6129127350547130e-01
sample 9100: -2.2362686137671384e+00
sample 9101: 2.4709165818572427e+00
sample 9102: -2.2168294704045617e+00
receiver 125
sample 9098: 7.9462006262250015e-02
sample 9099: 9.0123428958843865e-01
sample 9100: -2.7184287690660089e+00
sample 9101: 3.2731049445097691e+00
sample 9102: -2.0935558782194827e+00
receiver 126
sample 9098: -1.0836720194038900e+00
sample 9099: 2.3324124344694677e+00
sample 9100: -2.9032696857425417e+00
sample 9101: -5.3243544100211193e-01
sample 9102: -4.4296225619225221e-01
receiver 127
sample 9098: -2.3549420962097483e-02
sample 9099: -2.3181863138707017e+00
sample 9100: 2.7250008255451736e+00
sample 9101: -3.2931815919764249e+00
sample 9102: 2.7978518006129440e+00
sim data freed
--Date and time: Sun Aug 23 19:03:39 2026
