--Date and time: Mon Aug 24 02:22:16 2026
read constant: l
l=0.5767729189204361
read constant: l2
l2=0.332667
read constant: Ts
Ts=0.0001098615083657974
read constant: fcc_flag
fcc_flag=0
closed file sim_consts.h5
a2 (double): 0.332667
a2 (Real): 0.3326669931411743
a1 (double): 0.003997762058020715
a1 (Real): 0.003997762221843004
sl2 (double): 0.3326670396569966
sl2 (Real): 0.3326670527458191
l2=0.332667
NN=6
read constant: Nx
Nx=784
read constant: Ny
Ny=307
read constant: Nz
Nz=238
Npts=57283744
read constant: Nb
Nb=2536873
read and closed dataset: bn_ixyz
read and closed dataset: adj_bn
read and closed dataset: mat_bn
read and closed dataset: saf_bn
closed file vox_out.h5
read constant: Nt
Nt=9103
read constant: Ns
Ns=8
read constant: Nr
Nr=128
read constant: Nr
Nr=128
read constant: diff
diff=1
read and closed dataset: in_ixyz
read and closed dataset: out_ixyz
read and closed dataset: out_reorder
read and closed dataset: in_sigs
closed file comms_out.h5
read constant: Nmat
Nm=5
read and closed dataset: Mb
Mb[0]=11
Mb[1]=11
Mb[2]=11
Mb[3]=11
Mb[4]=11
read and closed dataset: mat_00_DEF
DEF[0,0]=[0.4271373742170923, 29.65189612748257, 4116.871980901139]
DEF[0,1]=[0.285120870413817, 39.5862078273253, 10992.30545890092]
DEF[0,2]=[0.1365993679776873, 37.93093758445521, 21065.33942779075]
DEF[0,3]=[0.07547041093739447, 41.9132751361938, 46553.94374623318]
DEF[0,4]=[0.02869009653510876, 31.86668509748779, 70789.975757647]
DEF[0,5]=[0.01174090916491297, 26.0817425036295, 115878.1287668154]
DEF[0,6]=[0.005114619716574295, 22.72365667393631, 201917.0930584003]
DEF[0,7]=[0.002458316995630199, 21.84402927294029, 388201.8598295133]
DEF[0,8]=[0.00125070124395322, 22.22687686997281, 790011.2961131922]
DEF[0,9]=[0.0006207164355392051, 22.06216368713289, 1568313.769990716]
DEF[0,10]=[0.0002579931805014372, 18.33973599697675, 2607401.604841498]
read and closed dataset: mat_01_DEF
DEF[1,0]=[0.6652359768362153, 46.18071205210523, 6411.734301509461]
DEF[1,1]=[0.4831867257375252, 67.08568936637052, 18628.36654252748]
DEF[1,2]=[0.2366380125458162, 65.70968677871952, 36492.55578261291]
DEF[1,3]=[0.109355969171742, 60.73197120236311, 67456.25966392606]
DEF[1,4]=[0.05719228491401063, 63.52465670968748, 141116.306723919]
DEF[1,5]=[0.1865423402928111, 414.3928904655312, 1841099.102743437]
DEF[1,6]=[0.02373833896955609, 105.4666611880606, 937152.0590739271]
DEF[1,7]=[0.01248270419569683, 110.9183869862785, 1971189.636277536]
DEF[1,8]=[0.004061702779089292, 72.18267990834492, 2565593.575962659]
DEF[1,9]=[0.002950515268333448, 104.8703515556354, 7454827.130323238]
DEF[1,10]=[0.001053253577179163, 74.87171756165712, 10644680.84816955]
read and closed dataset: mat_02_DEF
DEF[2,0]=[0.6726678975691022, 46.69663633057224, 6483.365275702672]
DEF[2,1]=[0.4483785514930683, 62.25291925827236, 17286.40205144554]
DEF[2,2]=[0.210939198983727, 58.57363550959955, 32529.47572893837]
DEF[2,3]=[0.1014979289335951, 56.36792708968498, 62609.02538152904]
DEF[2,4]=[0.1013689034760175, 112.5925429283551, 250117.7439701263]
DEF[2,5]=[0.09069753948881958, 201.4792753639105, 895148.8349068293]
DEF[2,6]=[0.07171350797160277, 318.6147210025179, 2831135.815576349]
DEF[2,7]=[0.03034005543847438, 269.5946293007535, 4791109.514957789]
DEF[2,8]=[0.01054557849910362, 187.4110831467087, 6661164.029874329]
DEF[2,9]=[0.006412203317280798, 227.9093497147946, 16201192.98071407]
DEF[2,10]=[0.001940781692657767, 137.9626539039889, 19614461.47625855]
read and closed dataset: mat_03_DEF
DEF[3,0]=[0.2365401200038285, 16.42062598992096, 2279.841220140615]
DEF[3,1]=[0.1588402676738195, 22.05339734814127, 6123.791425405237]
DEF[3,2]=[0.07536900829470342, 20.92848006365338, 11622.84837454914]
DEF[3,3]=[0.03569480980087993, 19.82348268064218, 22018.35324417575]
DEF[3,4]=[0.03541107729858307, 39.33181778792044, 87373.33108835274]
DEF[3,5]=[0.02393783635436473, 53.17650235761705, 236256.9750355949]
DEF[3,6]=[0.02037355880299789, 90.51733679540551, 804315.8625116833]
DEF[3,7]=[0.01938458068085195, 172.2468455406228, 3061090.28481613]
DEF[3,8]=[0.02008467813706338, 356.9354952542449, 12686580.97510553]
DEF[3,9]=[0.006853024907587366, 243.5774994935537, 17314981.06590701]
DEF[3,10]=[0.002965610576455967, 210.8137701017314, 29971868.87404233]
read and closed dataset: mat_04_DEF
DEF[4,0]=[0.362709100428077, 25.17928240322926, 3495.893880761826]
DEF[4,1]=[0.2459023437939194, 34.14110399047366, 9480.308025572871]
DEF[4,2]=[0.1169756784167993, 32.48182786359359, 18039.11985191963]
DEF[4,3]=[0.05322883780403812, 29.561186912195, 32834.22324097539]
DEF[4,4]=[0.07209436498988685, 80.07670603773252, 177885.7154994824]
DEF[4,5]=[0.05307301439971381, 117.8985950765609, 523809.6564984942]
DEF[4,6]=[0.02310412702264262, 102.6489317499425, 912114.3749840045]
DEF[4,7]=[0.01382255870048944, 122.824020424194, 2182770.978954665]
DEF[4,8]=[0.008451034268542436, 150.1878238459954, 5338135.360676059]
DEF[4,9]=[0.003893270737619835, 138.3787690704192, 9836810.753701152]
DEF[4,10]=[0.001613673454454209, 114.7097961368588, 16308550.27507439]
closed file sim_mats.h5
bn_ixyz checked
checked adj_bn against mat_bn.
adj_bn filled
adj_bn double checked
K_bn calculated
bn_mask_raw filled
bn_mask double checked
Nbl = 1451527
separated non-rigid bn
ABC nodes
max_in = 7.8828517227844670e+04, pow2 = 2, norm1 = 4.0000000000000000e+00, inv_infac = 5.0743057724128752e-05, infac = 1.9707129306961167e+04
gid=0, Nx[0]=784, Nx=784
Nxcc[0]=784
gid=0, Nb[0]=2536873, Nb=2536873
gid=0, Nbl[0]=1451527, Nbl=1451527
gid=0, Nba[0]=984800, Nbl=984800
gid=0, Ns[0]=8, Ns=8
gid=0, Nr[0]=128, Nr=128
Device Number: 0 [NVIDIA GeForce RTX 4090]
  Compute: 8.9
  Peak Memory Bandwidth: 1008.096 GB/s
  Total global memory: [ 25.251 GB | 23.516 GiB | 24080 MiB ]
  Registers per block: 65536
  Concurrent Kernels: 1
  Async Engine: 2
a1 = 0.003997762221843004
a2 = 0.3326669931411743
GPU 0 -- Nx=784 Ns=8 Nr=128 Nb=2536873 Nbl=1451527 Nba=984800
---------
GPU 0
---------
Nx to read = 784
Nb to read = 2536873
Nbl to read = 1451527
Nba to read = 984800
Ns to read = 8
Nr to read = 128
Nx=784 Ns=8 Nr=128 Nb=2536873, Npts=57283744
Nx_read = 784
Nb_read = 2536873
Nbl_read = 1451527
Ns_read = 8
Nr_read = 128
Global memory allocation done
Constant memory loaded
Boundary loop: 7.015752s, 3291.62 Mvox/s
Air update: 8.949685s, 58265.06 Mvox/s
Combined (total): 16.252884s, 32083.78 Mvox/s
wrote output dataset
RAW OUTPUTS
receiver 0
sample 9098: -2.0429250613812742e+00
sample 9099: -8.6825234227306747e-01
sample 9100: 1.4843452845588700e+00
sample 9101: -2.5980411519377906e+00
sample 9102: 5.1824713188158391e+00
receiver 1
sample 9098: -1.4090107893699394e-01
sample 9099: -2.2116690711239260e+00
sample 9100: 1.2104972665385840e+00
sample 9101: 2.3248240421626574e+00
sample 9102: -4.7297780198832955e+00
receiver 2
sample 9098: 8.3761063438249994e-01
sample 9099: -6.1934871560726501e-01
sample 9100: -2.0102180610113760e+00
sample 9101: 2.1555933727418131e+00
sample 9102: -2.2159266980610433e+00
receiver 3
sample 9098: -1.0702046376640389e-01
sample 9099: 1.0525048832404063e-01
sample 9100: -5.8269681804631246e-01
sample 9101: 1.8034400344861747e+00
sample 9102: -3.0029147604289927e+00
receiver 4
sample 9098: 6.4932653595804701e-01
sample 9099: -9.5204176073529001e-01
sample 9100: -3.8113410849672275e-01
sample 9101: -1.2121830820472794e+00
sample 9102: 5.0973749882626072e+00
receiver 5
sample 9098: -4.0006511307121235e-03
sample 9099: 5.0495275521973026e-01
sample 9100: 5.0733256979809338e-01
sample 9101: -1.5143310629568352e+00
sample 9102: 1.7816235141452730e+00
receiver 6
sample 9098: 1.2149394341374085e+00
sample 9099: -2.1462964378906579e-01
sample 9100: -1.2088563315482372e+00
sample 9101: -5.1853180054956149e-01
sample 9102: 2.8951344106977737e+00
receiver 7
sample 9098: 2.2316880765190930e-01
sample 9099: 3.0345625518882224e+00
sample 9100: 3.7386783786553401e-01
sample 9101: -1.0552344038065868e+00
sample 9102: -2.0585320107074989e+00
receiver 8
sample 9098: -2.1615948874238269e+00
sample 9099: 1.6320756047025766e+00
sample 9100: -6.4217325525803559e-01
sample 9101: 1.2034875891584638e+00
sample 9102: -1.3770981956830426e+00
receiver 9
sample 9098: -7.0643197696801541e-01
sample 9099: 2.3373711223469515e-01
sample 9100: 5.2150422437483170e+00
sample 9101: -3.9491936762036453e+00
sample 9102: 3.3836627244020345e-01
receiver 10
sample 9098: 2.6224355060130908e+00
sample 9099: -2.9834353249716689e-01
sample 9100: -1.2886693791012667e+00
sample 9101: 1.3261492003457445e+00
sample 9102: -2.4331727828674636e+00
receiver 11
sample 9098: 3.2716332076397130e+00
sample 9099: -4.2902004430380494e+00
sample 9100: 1.8324013039269547e+00
sample 9101: -2.0448572178820541e+00
sample 9102: 1.0919315403564815e+00
receiver 12
sample 9098: -1.9022067128294886e+00
sample 9099: 1.8016083931399067e+00
sample 9100: 8.8656925759457905e-01
sample 9101: -1.1775745564888444e-01
sample 9102: -2.9461613733892317e-01
receiver 13
sample 9098: -2.8750709549489710e+00
sample 9099: 3.6608255916976473e+00
sample 9100: -2.0115234675258917e+00
sample 9101: 4.0822077747526926e+00
sample 9102: -4.4041473473126853e+00
receiver 14
sample 9098: -3.0627956958588012e+00
sample 9099: 3.9995989433442118e+00
sample 9100: -9.4565474677666395e-01
sample 9101: -2.7489090934952314e+00
sample 9102: 2.3312359339804956e+00
receiver 15
sample 9098: 1.2887396393376587e+00
sample 9099: -1.9632446479479644e+00
sample 9100: 2.8446511403559884e+00
sample 9101: 4.1152266445392288e-01
sample 9102: -1.9492644381765705e+00
receiver 16
sample 9098: -3.3917217169044340e+00
sample 9099: -2.3598490209334821e-01
sample 9100: -6.2671100258701283e-03
sample 9101: 2.0720804784956761e+00
sample 9102: -3.3378742717336096e+00
receiver 17
sample 9098: 3.0842890191122998e+00
sample 9099: 9.0999201297234433e-01
sample 9100: -1.8251209095543688e+00
sample 9101: -2.7621326435371545e+00
sample 9102: 4.9103290472692658e+00
receiver 18
sample 9098: 6.4425229866934588e+00
sample 9099: -2.9864973807842219e+00
sample 9100: -1.9805285227121574e+00
sample 9101: 1.1245988221845828e+00
sample 9102: 1.1619879503688200e+00
receiver 19
sample 9098: 4.5286869142469577e+00
sample 9099: -3.0744477108173447e+00
sample 9100: -5.6935314450839436e-01
sample 9101: -3.1835834378638600e-01
sample 9102: 3.0479309240500561e+00
receiver 20
sample 9098: 8.3434690301385428e-01
sample 9099: -1.0618426658157289e+00
sample 9100: -1.8110214007693459e+00
sample 9101: -3.7118052721177776e-02
sample 9102: -1.6728702393753217e-01
receiver 21
sample 9098: -2.5498631701379099e-01
sample 9099: 1.2338575046447842e+00
sample 9100: -1.6685210232014793e+00
sample 9101: -3.8551945850642405e-01
sample 9102: -3.2793856360902631e+00
receiver 22
sample 9098: -5.5059878752122389e+00
sample 9099: 1.4886343135200073e+00
sample 9100: 1.4813714125124007e+00
sample 9101: -2.8362523177306320e+00
sample 9102: -8.1616384061208136e-01
receiver 23
sample 9098: 2.3652056111701243e+00
sample 9099: 1.4330654925575794e+00
sample 9100: -2.3645400029714887e+00
sample 9101: -1.5826893977661691e+00
sample 9102: 2.6827038764607183e+00
receiver 24
sample 9098: -1.4743800888266847e+00
sample 9099: -1.7759526527390139e+00
sample 9100: 3.6844918203027466e+00
sample 9101: -2.2555173375502693e+00
sample 9102: 1.1576346834772668e+00
receiver 25
sample 9098: -4.4285571873176393e+00
sample 9099: 5.9564403027685895e+00
sample 9100: 2.2756472806324639e-02
sample 9101: -2.2396436861022297e+00
sample 9102: -1.0552220724181589e+00
receiver 26
sample 9098: 3.2243581057245283e+00
sample 9099: 3.1243024388198964e-01
sample 9100: -5.3226981324893563e+00
sample 9101: 3.5552772232718932e+00
sample 9102: 8.8934367660263769e-01
receiver 27
sample 9098: 2.9601842053142324e-01
sample 9099: 1.0948464081432052e+00
sample 9100: -2.5236653863520764e+00
sample 9101: 4.5884362192747092e+00
sample 9102: -2.0079473648817765e+00
receiver 28
sample 9098: 1.8952239924380245e+00
sample 9099: -2.6717937522431794e+00
sample 9100: 2.3288323169547018e+00
sample 9101: -4.7403610038368993e-01
sample 9102: -1.2305393574399943e+00
receiver 29
sample 9098: 1.1855494338663999e+00
sample 9099: -1.6535636225912864e+00
sample 9100: 3.4544724245202616e+00
sample 9101: -2.3155914169360368e+00
sample 9102: 1.5645337225177653e+00
receiver 30
sample 9098: -2.5113965151956590e+00
sample 9099: 4.0716582181819644e-02
sample 9100: 3.9803315790902016e+00
sample 9101: -4.2003014668568310e+00
sample 9102: 1.3753821252562275e+00
receiver 31
sample 9098: -1.0429569293559173e+00
sample 9099: 2.2295587611917029e+00
sample 9100: -1.4330439843219491e+00
sample 9101: 2.0947477212498713e+00
sample 9102: -3.5981391220122352e+00
receiver 32
sample 9098: 1.6123571410532824e+00
sample 9099: -2.1443805559548381e+00
sample 9100: 9.6793376587773383e-01
sample 9101: 6.6266938501359918e-01
sample 9102: -2.2570636363038430e+00
receiver 33
sample 9098: -4.3650645889608075e+00
sample 9099: 2.4109129060961050e+00
sample 9100: 3.5774436826064981e-01
sample 9101: -3.2954737963416543e+00
sample 9102: 2.2198140965688462e+00
receiver 34
sample 9098: -5.4023264242983215e-01
sample 9099: 2.5404577979321191e-01
sample 9100: -1.0745080771430486e+00
sample 9101: 1.5710724770787624e-01
sample 9102: 1.1803653755265711e+00
receiver 35
sample 9098: -3.5758755171467005e+00
sample 9099: -8.7097413779795085e-01
sample 9100: 2.3294934801179741e+00
sample 9101: -1.6164749644588032e+00
sample 9102: 1.0112556720076168e-01
receiver 36
sample 9098: 2.8605265124628780e+00
sample 9099: -1.5457927364837449e+00
sample 9100: -1.2362730228942935e+00
sample 9101: 5.4456052960334145e-01
sample 9102: -5.1069954069776402e-01
receiver 37
sample 9098: 2.6434691265770534e+00
sample 9099: 2.5588528956901463e-01
sample 9100: -4.1920695481399646e+00
sample 9101: 1.7992406231734965e+00
sample 9102: 2.1600201977992213e+00
receiver 38
sample 9098: 2.5974690328700274e+00
sample 9099: -3.3763840506882992e+00
sample 9100: -1.5745641598980287e-03
sample 9101: 2.5171627297798786e+00
sample 9102: -1.5999299692826265e+00
receiver 39
sample 9098: -1.7965875106143923e+00
sample 9099: -9.1107925428345105e-01
sample 9100: -1.8762444083767464e+00
sample 9101: 3.1329064500131654e-01
sample 9102: 3.6743981487097299e+00
receiver 40
sample 9098: -3.7979810293231711e+00
sample 9099: 3.1031127401593777e+00
sample 9100: -1.7942144352831932e+00
sample 9101: 1.0540843584474400e+00
sample 9102: -2.5089408482396398e+00
receiver 41
sample 9098: 8.8449091678563263e-01
sample 9099: 4.9033461117954458e-01
sample 9100: -3.0466724951068624e-02
sample 9101: -2.8035514830549477e+00
sample 9102: 2.7875588193697545e+00
receiver 42
sample 9098: 2.4357096075659275e+00
sample 9099: -5.4688956323738172e+00
sample 9100: 3.1273892291034247e+00
sample 9101: 9.0108079248015771e-01
sample 9102: 5.6929869282519052e-01
receiver 43
sample 9098: 3.1408089342542955e+00
sample 9099: -9.1618298653261299e+00
sample 9100: 5.3909182410377063e+00
sample 9101: 1.8583790943093503e+00
sample 9102: -6.1122828124508211e-01
receiver 44
sample 9098: 3.9524480380471443e-03
sample 9099: 6.8479255902399866e-02
sample 9100: -1.3004593335443184e+00
sample 9101: 2.2170485676315148e+00
sample 9102: -1.1808671626638236e+00
receiver 45
sample 9098: -3.7818002402703326e+00
sample 9099: 2.8820407703990569e+00
sample 9100: -2.4786509433898636e+00
sample 9101: 1.7655696236826526e+00
sample 9102: 1.0163248584456508e+00
receiver 46
sample 9098: -1.9066444353929495e+00
sample 9099: 5.1540213718301082e+00
sample 9100: -4.1636551614371422e+00
sample 9101: 1.1761030884717338e+00
sample 9102: -6.2632820976338432e-01
receiver 47
sample 9098: -8.9735757350433221e-01
sample 9099: -4.1060644946313563e-01
sample 9100: 2.9594557930675562e+00
sample 9101: -2.3236091136260262e+00
sample 9102: 6.9581302049032040e-02
receiver 48
sample 9098: -1.4505393567365059e+00
sample 9099: 7.5652938956259497e-01
sample 9100: 1.9515106149175512e+00
sample 9101: -6.2067441155739189e-01
sample 9102: -1.9185627223085946e+00
receiver 49
sample 9098: -2.7228545904057544e+00
sample 9099: 1.4746519529250504e+00
sample 9100: 2.9922274615325830e+00
sample 9101: -1.6529221036165562e+00
sample 9102: 1.2844665443944173e-01
receiver 50
sample 9098: 4.0311268622368628e+00
sample 9099: -4.2451753893462598e+00
sample 9100: -4.4341797985819681e-01
sample 9101: 4.8917212689079150e+00
sample 9102: -2.7467969847563452e+00
receiver 51
sample 9098: -2.1997684209614974e+00
sample 9099: 1.0848751184109247e+00
sample 9100: -3.6961153726961393e-01
sample 9101: -1.4810192868480748e-01
sample 9102: 5.5962203724339634e+00
receiver 52
sample 9098: 7.4278698918315234e-01
sample 9099: 2.8262785187041946e+00
sample 9100: -1.7044169779741489e+00
sample 9101: 3.1912798015135341e-01
sample 9102: 1.7289327818866411e+00
receiver 53
sample 9098: 4.6761313182450204e-01
sample 9099: -1.0366507863632608e+00
sample 9100: 3.4941594925992292e-01
sample 9101: 2.0723081790168809e+00
sample 9102: -4.9217754434951848e+00
receiver 54
sample 9098: 9.2748774385749488e-01
sample 9099: 5.2310524007984893e-01
sample 9100: -1.1131153600992616e+00
sample 9101: 1.6384077726603457e+00
sample 9102: -1.9776839868559444e+00
receiver 55
sample 9098: -7.4973536809172669e-01
sample 9099: 4.2835812835228548e-01
sample 9100: 3.9925364990926787e-01
sample 9101: -4.0013307864771557e+00
sample 9102: 4.6202732832074851e+00
receiver 56
sample 9098: -3.1859211679945068e+00
sample 9099: 1.6529939411235612e+00
sample 9100: -9.2949195294763587e-01
sample 9101: 3.0015514250665132e+00
sample 9102: -3.0423304662684263e+00
receiver 57
sample 9098: 4.4343345861843870e+00
sample 9099: -3.4354954214472588e-01
sample 9100: -7.3651518767338542e-01
sample 9101: -2.5086428874820430e+00
sample 9102: 3.0226960281263273e+00
receiver 58
sample 9098: 2.0606742309762671e+00
sample 9099: -1.2576395909458116e+00
sample 9100: 8.1262107573319320e-01
sample 9101: -3.3626205005438203e+00
sample 9102: 4.0008251995516080e+00
receiver 59
sample 9098: 1.9133729284392642e+00
sample 9099: -2.7671176790032854e+00
sample 9100: 3.1099893532550662e+00
sample 9101: -2.6183136677369192e+00
sample 9102: 1.3638723514293185e+00
receiver 60
sample 9098: -1.1407672081548748e+00
sample 9099: 8.6529273735623291e-01
sample 9100: -2.2650505045227622e+00
sample 9101: 2.7510708145643039e+00
sample 9102: -8.2545002134542111e-01
receiver 61
sample 9098: -1.9726851861190103e-01
sample 9099: 1.9944222693763178e+00
sample 9100: -3.2128970838983815e+00
sample 9101: 2.2961929958329197e+00
sample 9102: -5.9866582267231239e-01
receiver 62
sample 9098: 4.7945803980958884e-01
sample 9099: 1.4181075183944365e+00
sample 9100: -3.5634687065057746e+00
sample 9101: 1.7760513038464376e+00
sample 9102: -4.7198489579869696e-01
receiver 63
sample 9098: -9.7295737277976135e-01
sample 9099: -1.4169661480236604e+00
sample 9100: 2.2207822539486801e+00
sample 9101: -1.8145044444473009e+00
sample 9102: 1.2897529640123162e+00
receiver 64
sample 9098: 2.1469694305835270e+00
sample 9099: 2.9999066902878713e-01
sample 9100: -1.8071076188258368e+00
sample 9101: 2.2842394354108411e+00
sample 9102: -3.8983126468909384e+00
receiver 65
sample 9098: -1.4474835562358151e-01
sample 9099: 3.4750699476832916e-02
sample 9100: -1.2495797381139870e+00
sample 9101: -8.2708493402979155e-01
sample 9102: 2.3535216206346110e+00
receiver 66
sample 9098: -5.3917407159682051e+00
sample 9099: -6.1122369282148103e-01
sample 9100: 7.1275554163153232e-01
sample 9101: -9.9555148753281375e-01
sample 9102: 4.5229743268635758e+00
receiver 67
sample 9098: -2.7104001748699669e+00
sample 9099: 3.2599441985158859e+00
sample 9100: -4.2257438455602719e-01
sample 9101: -1.6939509271282549e+00
sample 9102: 7.2182907760860826e-01
receiver 68
sample 9098: 4.4542119240008695e+00
sample 9099: -2.6498392924177692e+00
sample 9100: 1.0611965584173977e+00
sample 9101: 3.2472614372118247e-01
sample 9102: -1.7036469831385876e+00
receiver 69
sample 9098: -2.1310172023813188e+00
sample 9099: -7.3659584355699859e-01
sample 9100: 2.7089774767771480e+00
sample 9101: -2.0645049911302435e+00
sample 9102: 2.6672067625244447e+00
receiver 70
sample 9098: 9.0002347629422452e+00
sample 9099: -3.8309304992027409e+00
sample 9100: -1.9810339662494671e+00
sample 9101: 7.7213504839468206e-01
sample 9102: -6.2311387564256937e-01
receiver 71
sample 9098: -3.8522551978888986e+00
sample 9099: 3.5794312586610855e+00
sample 9100: -6.3163128034036697e-01
sample 9101: 5.1611631814711167e-01
sample 9102: -1.3627364298115690e+00
receiver 72
sample 9098: 5.2640883337852928e-01
sample 9099: 3.6184380212470701e-01
sample 9100: 2.2678008343069149e+00
sample 9101: -3.6021330579805264e+00
sample 9102: 8.1189667835716794e-01
receiver 73
sample 9098: -7.9317003114690099e-01
sample 9099: 2.9003698020266402e+00
sample 9100: -5.1281529866729514e+00
sample 9101: 3.7720231699057929e+00
sample 9102: -1.1247194116923493e+00
receiver 74
sample 9098: -4.7708226161011229e+00
sample 9099: 3.7905976821960352e+00
sample 9100: -2.1532529899287720e+00
sample 9101: -1.0100436650063251e+00
sample 9102: 3.2774097461770353e+00
receiver 75
sample 9098: -8.3648245572957702e-01
sample 9099: -2.2288438274393552e+00
sample 9100: 2.6344150914002823e-01
sample 9101: 4.7508385974359149e+00
sample 9102: -2.3724751080366580e+00
receiver 76
sample 9098: 2.4372430013781234e+00
sample 9099: -6.5160524749012438e+00
sample 9100: 5.5213831834998626e+00
sample 9101: -3.5087320391798793e-01
sample 9102: -4.7906033102455075e+00
receiver 77
sample 9098: 7.7126676092229074e-01
sample 9099: -4.1531528333671517e+00
sample 9100: 1.8988884222364608e+00
sample 9101: -1.3958003235046910e+00
sample 9102: 3.7853651586319197e+00
receiver 78
sample 9098: -6.0223540115161944e-01
sample 9099: -9.9307825551769680e-01
sample 9100: 2.7151698412033207e+00
sample 9101: -1.2318317156248944e+00
sample 9102: -2.1096880586597972e+00
receiver 79
sample 9098: -3.3531494206781796e+00
sample 9099: 2.1887440163186436e+00
sample 9100: -2.4236801947661930e+00
sample 9101: 7.2220468309683028e-01
sample 9102: 6.3142974817251196e-01
receiver 80
sample 9098: 1.2267903285814123e+00
sample 9099: -2.5481431923816218e+00
sample 9100: 2.1880356784252224e+00
sample 9101: -2.4011891761559281e+00
sample 9102: 3.0344446867569688e+00
receiver 81
sample 9098: -2.1518542376716212e+00
sample 9099: 1.6391588402485524e+00
sample 9100: -1.2426225408288043e+00
sample 9101: 1.0738727955566512e+00
sample 9102: -4.3116272341493325e+00
receiver 82
sample 9098: -3.8543446512862540e+00
sample 9099: 2.1463303492088350e+00
sample 9100: -2.1150503485788819e+00
sample 9101: 3.4982746633223560e+00
sample 9102: -1.9063784502123224e+00
receiver 83
sample 9098: -1.0486459293742245e+00
sample 9099: 2.2354568929544545e+00
sample 9100: -4.1190863691171877e+00
sample 9101: 3.1345497509094313e+00
sample 9102: -1.0637223422215709e+00
receiver 84
sample 9098: 2.6135090146736069e+00
sample 9099: -2.7941076469544384e+00
sample 9100: 2.8114220634132261e+00
sample 9101: -3.2834082497060608e+00
sample 9102: 3.5290153807909412e+00
receiver 85
sample 9098: 1.7297528192171019e+00
sample 9099: -2.4473415481712157e+00
sample 9100: 1.4765423834487077e+00
sample 9101: -2.8545612750049605e+00
sample 9102: 4.5053593686589153e+00
receiver 86
sample 9098: 1.5459340097447760e-01
sample 9099: -2.9222178677797994e+00
sample 9100: 4.1678010889372201e+00
sample 9101: -2.7489065125069554e+00
sample 9102: 1.9009534996334354e+00
receiver 87
sample 9098: -1.3025150907058531e+00
sample 9099: -1.0045820787327480e+00
sample 9100: -4.6277240228062624e+00
sample 9101: 5.4598742180210849e+00
sample 9102: -1.5257079158875495e+00
receiver 88
sample 9098: 6.1147684475484843e-01
sample 9099: -9.1114664675509238e-01
sample 9100: 2.3069185793887517e+00
sample 9101: -4.4662218360002992e+00
sample 9102: 1.7159681910017053e+00
receiver 89
sample 9098: 5.3005401330607649e-01
sample 9099: 4.1070555224350773e+00
sample 9100: -4.2387656483519844e+00
sample 9101: 1.0144345892337607e-01
sample 9102: -1.0621497317264095e+00
receiver 90
sample 9098: -4.2926016224638053e+00
sample 9099: 2.3456679600883614e+00
sample 9100: 3.7135965496751799e-01
sample 9101: 1.4173239016763095e+00
sample 9102: -4.6449535534284294e+00
receiver 91
sample 9098: -2.6094106920683906e+00
sample 9099: 1.0901653557406481e+00
sample 9100: -2.7302029508029317e+00
sample 9101: 5.0805819314354954e+00
sample 9102: -3.4651278912279388e+00
receiver 92
sample 9098: 2.8679178893313160e+00
sample 9099: -3.2048854095143686e+00
sample 9100: 1.5189652274057186e+00
sample 9101: -1.3083094093846295e+00
sample 9102: 2.3272103092117096e+00
receiver 93
sample 9098: 6.6951207782934563e-02
sample 9099: -3.8233917192261173e+00
sample 9100: 5.9383814145805216e+00
sample 9101: -3.2187220876599905e+00
sample 9102: -1.4880475688520154e+00
receiver 94
sample 9098: 3.3416984360286599e+00
sample 9099: -2.0804005809786261e+00
sample 9100: 3.9331605053413482e-01
sample 9101: -1.0842732462838729e+00
sample 9102: 5.1967998186162045e+00
receiver 95
sample 9098: -2.9370726024119174e+00
sample 9099: 3.5668406242996400e+00
sample 9100: -2.5913672898099764e+00
sample 9101: 1.1024578859562588e+00
sample 9102: -1.6607645798802781e+00
receiver 96
sample 9098: -1.2254604026782783e+00
sample 9099: -2.7746825556391399e+00
sample 9100: 3.8129645265925953e+00
sample 9101: -3.9060167535054396e-01
sample 9102: -1.5856384636475449e+00
receiver 97
sample 9098: -7.5879685945684960e-01
sample 9099: -1.1343394719367887e+00
sample 9100: -1.3779051309132986e-01
sample 9101: 3.3034533517604592e+00
sample 9102: -1.0558241596275670e+00
receiver 98
sample 9098: 3.9195823561880017e-01
sample 9099: 3.4792636772370580e+00
sample 9100: -2.1829776583461862e+00
sample 9101: -3.0286998997524957e-02
sample 9102: -1.4813834571243536e+00
receiver 99
sample 9098: 3.0106029509491274e+00
sample 9099: -2.6643877139274535e-01
sample 9100: -3.1424570386565192e+00
sample 9101: 1.3416084597873086e+00
sample 9102: 1.5986364639918262e+00
receiver 100
sample 9098: 1.0707584030373978e+00
sample 9099: -1.1328890282200066e+00
sample 9100: -4.2947031921672324e-01
sample 9101: -3.8631874038950180e-02
sample 9102: 6.4611822414320852e-01
receiver 101
sample 9098: -1.6226823846499172e+00
sample 9099: -1.0399948868390445e+00
sample 9100: -1.1030164548355752e+00
sample 9101: 2.2952918007600145e+00
sample 9102: -2.7122127097335835e-01
receiver 102
sample 9098: -3.4901431163717640e+00
sample 9099: 1.1232800805639762e+00
sample 9100: 5.0101251814639602e-01
sample 9101: -3.4029564720917511e+00
sample 9102: 2.1555839091181355e+00
receiver 103
sample 9098: 2.0095249222711331e+00
sample 9099: -9.0140520836757998e-01
sample 9100: 1.6520870105211544e-01
sample 9101: -2.5403549168716881e+00
sample 9102: 1.0706046908467606e+00
receiver 104
sample 9098: -7.9440955076626958e+00
sample 9099: 3.0922355952364717e+00
sample 9100: 3.1650203249385016e+00
sample 9101: -6.3557834269380793e+00
sample 9102: 5.1926966208109127e+00
receiver 105
sample 9098: 5.1066625311842033e+00
sample 9099: -1.3539897473219533e+00
sample 9100: 1.9122486571158143e-01
sample 9101: 3.8267249221958486e+00
sample 9102: -8.1646128517202321e+00
receiver 106
sample 9098: 4.2006235168383341e+00
sample 9099: -1.1067950216710891e+00
sample 9100: -2.0095518792597895e+00
sample 9101: 5.9838876791974789e+00
sample 9102: -8.6507374050104620e+00
receiver 107
sample 9098: 7.9263222488437970e+00
sample 9099: -3.1352612433440785e+00
sample 9100: -4.3579040671548004e+00
sample 9101: 6.4744532529806325e+00
sample 9102: -5.6171487460315754e+00
receiver 108
sample 9098: -1.6044607508122475e+00
sample 9099: 1.5213142135130118e+00
sample 9100: 3.4695687683326254e-01
sample 9101: -5.3342328558695957e+00
sample 9102: 8.7906476174555017e+00
receiver 109
sample 9098: -5.6701651129776485e+00
sample 9099: 8.1491829868673626e-01
sample 9100: 1.7296794044394841e+00
sample 9101: -4.1352531061227475e+00
sample 9102: 6.7573427597069049e+00
receiver 110
sample 9098: -4.4107274335331521e+00
sample 9099: 2.8850762993876660e+00
sample 9100: 4.0765298873227938e+00
sample 9101: -8.7650201245374042e+00
sample 9102: 6.1353796463646697e+00
receiver 111
sample 9098: 3.3003220394291768e+00
sample 9099: -8.9806433412714071e-01
sample 9100: -1.6170694520916220e+00
sample 9101: 7.0278492582396828e+00
sample 9102: -8.6621918309776831e+00
receiver 112
sample 9098: 2.8599632834658419e+00
sample 9099: -3.9600639384911496e+00
sample 9100: 5.5421349027888311e+00
sample 9101: -3.0815345310692588e+00
sample 9102: 2.6936197362077583e+00
receiver 113
sample 9098: -1.1506248627089091e+00
sample 9099: 4.2671831895960324e+00
sample 9100: -6.5148439988353015e+00
sample 9101: 2.3014028640555049e+00
sample 9102: 7.3368472178798050e-02
receiver 114
sample 9098: -2.9955675471377159e+00
sample 9099: 2.9306439341702877e+00
sample 9100: -4.8670636540285015e+00
sample 9101: 4.1900899301325607e+00
sample 9102: -1.3672574609410373e+00
receiver 115
sample 9098: -7.5183265048685151e+00
sample 9099: 4.6014707836195621e+00
sample 9100: -1.4024189811610543e+00
sample 9101: 6.3916872680638130e+00
sample 9102: -7.4924179710048477e+00
receiver 116
sample 9098: 3.1248498234166853e+00
sample 9099: -5.4129317768169809e+00
sample 9100: 4.3249322287101757e+00
sample 9101: -3.0820062783707476e+00
sample 9102: -4.9890739958408997e-01
receiver 117
sample 9098: 2.1386566409006913e+00
sample 9099: -3.2623978580365791e+00
sample 9100: 6.1083549784600333e+00
sample 9101: -5.9684086321791350e+00
sample 9102: 3.5029786578429190e+00
receiver 118
sample 9098: 3.1313390014945548e+00
sample 9099: -2.8936259664389090e+00
sample 9100: 2.4191993123432338e+00
sample 9101: -4.0442976454073731e+00
sample 9102: 7.7655903436498708e+00
receiver 119
sample 9098: -1.7209798608329582e-01
sample 9099: 3.1610025865227795e+00
sample 9100: -6.8233885290212797e+00
sample 9101: 5.3016120318304560e+00
sample 9102: -3.0917549578642558e+00
receiver 120
sample 9098: 1.8131887139796827e+00
sample 9099: 3.2092757422653245e-01
sample 9100: -9.0275226916509954e-01
sample 9101: 9.5083830325766139e-01
sample 9102: -2.9714427629489806e+00
receiver 121
sample 9098: -2.8389528917963602e+00
sample 9099: -5.6274312599334242e-01
sample 9100: 1.9157953293241752e+00
sample 9101: -1.3876924356132925e+00
sample 9102: 3.0072184149903589e+00
receiver 122
sample 9098: 1.6507626767592840e+00
sample 9099: -1.0265765438764303e+00
sample 9100: -7.2592840393148728e-01
sample 9101: -1.3493294862138385e+00
sample 9102: 2.4816041675301279e+00
receiver 123
sample 9098: 4.1156244035101501e+00
sample 9099: 2.9616030319246384e-01
sample 9100: -4.2184819482703284e-01
sample 9101: -2.6279961018646860e+00
sample 9102: 2.6901749771892249e+00
receiver 124
sample 9098: 1.1029248297517904e+00
sample 9099: 8.7198187033134456e-01
sample 9100: -2.2442992153985060e+00
sample 9101: 2.4791467799152587e+00
sample 9102: -2.2218175170236805e+00
receiver 125
sample 9098: 7.0972853528129168e-02
sample 9099: 9.1060693342901189e-01
sample 9100: -2.7249500661090864e+00
sample 9101: 3.2795645846107062e+00
sample 9102: -2.0968886510245013e+00
receiver 126
sample 9098: -1.0935510388053169e+00
sample 9099: 2.3416715865200324e+00
sample 9100: -2.9104889967259377e+00
sample 9101: -5.2427148830983727e-01
sample 9102: -4.4793478103465806e-01
receiver 127
sample 9098: -1.3064725164441618e-02
sample 9099: -2.3267176272275405e+00
sample 9100: 2.7337047783400039e+00
sample 9101: -3.2980057458400416e+00
sample 9102: 2.8027958270431399e+00
sim data freed
--Date and time: Mon Aug 24 02:22:33 2026
