--Date and time: Sun Aug 23 18:53:43 2026
read constant: l
l=0.5767729189204361
read constant: l2
l2=0.332667
read constant: Ts
Ts=5.493075418289868e-05
read constant: fcc_flag
fcc_flag=0
closed file sim_consts.h5
a2 (double): 0.332667
a2 (Real): 0.3326669931411743
a1 (double): 0.003997762058020604
a1 (Real): 0.003997762221843004
sl2 (double): 0.3326670396569966
sl2 (Real): 0.3326670527458191
l2=0.332667
NN=6
read constant: Nx
Nx=100
read constant: Ny
Ny=79
read constant: Nz
Nz=67
Npts=529300
read constant: Nb
Nb=63716
read and closed dataset: bn_ixyz
read and closed dataset: adj_bn
read and closed dataset: mat_bn
read and closed dataset: saf_bn
closed file vox_out.h5
read constant: Nt
Nt=36410
read constant: Ns
Ns=8
read constant: Nr
Nr=40
read constant: Nr
Nr=40
read constant: diff
diff=1
read and closed dataset: in_ixyz
read and closed dataset: out_ixyz
read and closed dataset: out_reorder
read and closed dataset: in_sigs
closed file comms_out.h5
read constant: Nmat
Nm=0
read and closed dataset: Mb
closed file sim_mats.h5
bn_ixyz checked
checked adj_bn against mat_bn.
adj_bn filled
adj_bn double checked
K_bn calculated
bn_mask_raw filled
bn_mask double checked
Nbl = 0
separated non-rigid bn
ABC nodes
max_in = 1.6196573096844420e+05, pow2 = 2, norm1 = 4.0000000000000000e+00, inv_infac = 2.4696582271340598e-05, infac = 4.0491432742111050e+04
ENGINE: fcc_flag=0
fcc=false
Air update: 13.186639s, 1461.47 Mvox/s
Boundary loop: 1.514891s, 1531.40 Mvox/s
Combined (total): 20.653273s, 933.11 Mvox/s
wrote output dataset
RAW OUTPUTS
receiver 0
sample 36405: 2.7215123750588972e+01
sample 36406: -1.0026039802330749e+02
sample 36407: -5.9305707671717748e+01
sample 36408: 1.4201356759614845e+02
sample 36409: 1.7152976534128416e+02
receiver 1
sample 36405: -3.2453274903775487e+01
sample 36406: -2.0655025669600519e+01
sample 36407: -6.6484977327314912e-02
sample 36408: 1.3588565403594802e+02
sample 36409: 5.5237942246734136e+01
receiver 2
sample 36405: -5.2241529838892831e+01
sample 36406: 4.2596811933921352e+01
sample 36407: 6.7333433385697717e+01
sample 36408: -2.3348977970399694e+01
sample 36409: -1.1133450738459536e+02
receiver 3
sample 36405: -2.2639161520608818e+02
sample 36406: 9.0299381404911081e+00
sample 36407: 1.6679811448813393e+01
sample 36408: 6.5377394749099807e+01
sample 36409: 7.0184094381001827e+01
receiver 4
sample 36405: -1.2212836110290176e+02
sample 36406: 3.1404766487880886e+02
sample 36407: 1.7037076820986942e+02
sample 36408: -3.1133271013885837e+02
sample 36409: -1.8497242000511849e+02
receiver 5
sample 36405: -7.9483175915569788e+01
sample 36406: -7.4063858396340521e+01
sample 36407: 8.5765486040008341e+01
sample 36408: -2.8731991980455120e+01
sample 36409: -1.7765521592887623e+01
receiver 6
sample 36405: -7.5406157255695803e+00
sample 36406: -7.1542226972398268e+01
sample 36407: 4.4236699164068526e+01
sample 36408: 7.0806502879061284e+01
sample 36409: -9.1632046388154691e+01
receiver 7
sample 36405: -8.2619273045523471e+01
sample 36406: -1.7976350869707971e+01
sample 36407: -6.3064543267353038e+01
sample 36408: 3.1428001865069707e+01
sample 36409: -4.4296479869560009e+01
receiver 8
sample 36405: -9.3837436843005918e+01
sample 36406: 1.0220462381903160e+02
sample 36407: 1.5043840462959099e+02
sample 36408: 1.1654780726200903e+02
sample 36409: -5.2290482892553854e+01
receiver 9
sample 36405: -7.2173059072469485e+01
sample 36406: -3.3622383775126163e+00
sample 36407: 1.2384652136685166e+02
sample 36408: -1.6723960173895566e+02
sample 36409: -2.1773302439527477e+01
receiver 10
sample 36405: 5.9669624248389681e+01
sample 36406: 1.0433540388068621e+02
sample 36407: 2.0186353800534860e+01
sample 36408: -2.5341214055150036e+01
sample 36409: 1.3987683868964834e+02
receiver 11
sample 36405: 6.8446739429087799e+01
sample 36406: 4.5831300694983973e+01
sample 36407: 1.2422930266386557e+02
sample 36408: 5.9736536968343280e+01
sample 36409: 9.5046472385867471e+00
receiver 12
sample 36405: 7.6501178378994297e+00
sample 36406: 1.5914930473616525e+02
sample 36407: 1.9188010539007658e+00
sample 36408: -7.0032375268326476e+01
sample 36409: -7.7967681765158844e+01
receiver 13
sample 36405: 2.8710428124963767e+02
sample 36406: 6.6492020662978575e+01
sample 36407: -2.9733208965357505e+02
sample 36408: 4.5038374357431636e+01
sample 36409: 2.7354949416014244e+02
receiver 14
sample 36405: -2.8890541422909467e+02
sample 36406: -8.3304153842106700e+01
sample 36407: 3.0632698817873080e+02
sample 36408: 3.2831544600629650e+02
sample 36409: -1.6649623182443059e+02
receiver 15
sample 36405: -1.2542052349049715e+02
sample 36406: 8.5436225491310978e+01
sample 36407: 2.6574768313559514e+02
sample 36408: -1.7843992607263644e+01
sample 36409: -9.7142543389036831e+01
receiver 16
sample 36405: -1.4726635988411311e+02
sample 36406: 1.1671869277970949e+01
sample 36407: 6.9769895452533831e+01
sample 36408: -8.2387833755331002e+01
sample 36409: -4.2507631113294210e+01
receiver 17
sample 36405: 9.4821569989961418e+01
sample 36406: 9.7918174709364116e+00
sample 36407: -3.3265923877487452e+01
sample 36408: -4.6829778005857683e+01
sample 36409: -1.2220410281366010e+02
receiver 18
sample 36405: 1.0159628608314625e+02
sample 36406: -1.2929243899025128e+01
sample 36407: -1.4386370312440977e+01
sample 36408: 7.9180727593085606e+01
sample 36409: -1.8863849227451450e+02
receiver 19
sample 36405: -1.1829001038105742e+01
sample 36406: -2.1022998962495916e+02
sample 36407: -1.8710465192431070e+02
sample 36408: -5.2168564569983936e+01
sample 36409: 3.9310600600776058e-01
receiver 20
sample 36405: 4.8083370962270600e+00
sample 36406: -1.7600612024515883e+01
sample 36407: -6.8821200828199750e+01
sample 36408: -7.3488756649198610e+00
sample 36409: 1.1667591012058311e+02
receiver 21
sample 36405: -1.5450515186876905e+02
sample 36406: 1.5770078929923233e+01
sample 36407: -1.0126549825574054e+02
sample 36408: -1.4575698427618190e+02
sample 36409: 3.8313714352530518e+01
receiver 22
sample 36405: 8.9510100031127962e+01
sample 36406: 8.2427316738235646e+01
sample 36407: -1.1891040371971003e+02
sample 36408: -2.4529444209460002e+02
sample 36409: -4.8607351297091498e+01
receiver 23
sample 36405: 4.5117044530836754e+00
sample 36406: 5.8136981209272051e+01
sample 36407: -3.3851022465125432e+01
sample 36408: -1.6477908031863993e+02
sample 36409: 1.7877464287165761e+01
receiver 24
sample 36405: 6.7009871849217602e+00
sample 36406: -3.2278656038121298e+01
sample 36407: 1.2035540735837839e+02
sample 36408: 5.1302300571491955e+01
sample 36409: -2.8662120865077571e+02
receiver 25
sample 36405: 3.1065782264740381e+01
sample 36406: -2.2088866974993064e+01
sample 36407: 8.8866663167889726e+01
sample 36408: 3.6625684846308239e+01
sample 36409: -2.0835831899552781e+02
receiver 26
sample 36405: -2.9320663646058918e+01
sample 36406: 2.1708756530189493e+02
sample 36407: 9.2148766256831976e+01
sample 36408: -2.5460115059506336e+02
sample 36409: -3.0204613909099396e+02
receiver 27
sample 36405: 2.0072079413623749e+02
sample 36406: 2.9747512590396406e+02
sample 36407: -1.9895826736857479e+01
sample 36408: -2.5015609076324029e+02
sample 36409: -5.2742354695827707e+01
receiver 28
sample 36405: 8.4887743882087904e+01
sample 36406: 2.3482832164628263e+02
sample 36407: -5.4270538458222816e+01
sample 36408: -3.3584443980083080e+02
sample 36409: -2.7188443982806979e+02
receiver 29
sample 36405: 3.8737126448391912e+01
sample 36406: 2.8459426468599594e+02
sample 36407: 8.6646840164935792e+00
sample 36408: -1.8087948276438624e+02
sample 36409: -3.2350284938160392e+01
receiver 30
sample 36405: 1.9801362663217026e+02
sample 36406: 1.1719394985974910e+02
sample 36407: -1.0707370147299392e+02
sample 36408: -1.3404482123772038e+02
sample 36409: -8.5217409819578236e+01
receiver 31
sample 36405: 1.7724308872569316e+02
sample 36406: -5.1220836279400501e+01
sample 36407: -4.6844895236776402e+01
sample 36408: -7.4826804818506815e+01
sample 36409: -1.2441948657364000e+02
receiver 32
sample 36405: 7.1481056867526274e+00
sample 36406: -1.9407658495144543e+02
sample 36407: 8.6812195189597468e+00
sample 36408: -4.7182756745082468e+00
sample 36409: -1.2085706184819188e+02
receiver 33
sample 36405: 3.4756534226745674e+02
sample 36406: 2.0702325114092130e+02
sample 36407: -3.7368237383894945e+02
sample 36408: -2.2279302602924983e+02
sample 36409: 1.6677623292096064e+02
receiver 34
sample 36405: 1.3618231378357464e+02
sample 36406: -1.6782606969222564e+00
sample 36407: -2.2226002461532988e+02
sample 36408: -5.4498489519266592e+01
sample 36409: 1.7260321600973887e+02
receiver 35
sample 36405: 6.7220391192164266e+00
sample 36406: -1.7282139060151997e+02
sample 36407: -9.1817978429426262e+01
sample 36408: 8.9503208421647713e+01
sample 36409: -4.9549003469603761e+01
receiver 36
sample 36405: 2.1827903124733155e+02
sample 36406: 7.5364260795326118e+01
sample 36407: -1.1336155505348499e+02
sample 36408: -1.7715426144180407e+02
sample 36409: -4.6527508808654105e+01
receiver 37
sample 36405: -2.5159625801933220e+01
sample 36406: -1.0718073354198064e+02
sample 36407: 5.6005701482360990e+01
sample 36408: -6.0311892083480792e+01
sample 36409: -5.6281785391833523e+01
receiver 38
sample 36405: 5.2326873607456413e+01
sample 36406: -3.7223484830488303e+01
sample 36407: -1.5282867299700651e+00
sample 36408: -6.6018790526903743e+01
sample 36409: -6.3444632971334649e+01
receiver 39
sample 36405: 3.2380797515565092e+01
sample 36406: 8.6923012458592837e+01
sample 36407: -3.5507054539643235e+01
sample 36408: -1.7945771120323048e+01
sample 36409: 5.2646800786269445e+01
sim data freed
--Date and time: Sun Aug 23 18:54:04 2026
