--Date and time: Sun Aug 23 18:53:21 2026
read constant: l
l=0.5767729189204361
read constant: l2
l2=0.332667
read constant: Ts
Ts=5.493075418289868e-05
read constant: fcc_flag
fcc_flag=0
closed file sim_consts.h5
a2 (double): 0.332667
a2 (Real): 0.332667
a1 (double): 0.003998000000000057
a1 (Real): 0.003998000000000057
sl2 (double): 0.332667
sl2 (Real): 0.332667
l2=0.332667
NN=6
read constant: Nx
Nx=100
read constant: Ny
Ny=79
read constant: Nz
Nz=67
Npts=529300
read constant: Nb
Nb=63716
read and closed dataset: bn_ixyz
read and closed dataset: adj_bn
read and closed dataset: mat_bn
read and closed dataset: saf_bn
closed file vox_out.h5
read constant: Nt
Nt=36410
read constant: Ns
Ns=8
read constant: Nr
Nr=40
read constant: Nr
Nr=40
read constant: diff
diff=1
read and closed dataset: in_ixyz
read and closed dataset: out_ixyz
read and closed dataset: out_reorder
read and closed dataset: in_sigs
closed file comms_out.h5
read constant: Nmat
Nm=0
read and closed dataset: Mb
closed file sim_mats.h5
bn_ixyz checked
checked adj_bn against mat_bn.
adj_bn filled
adj_bn double checked
K_bn calculated
bn_mask_raw filled
bn_mask double checked
Nbl = 0
separated non-rigid bn
ABC nodes
max_in = 1.6196573096844420e+05, pow2 = 2, norm1 = 4.0000000000000000e+00, inv_infac = 2.4696582271340598e-05, infac = 4.0491432742111050e+04
ENGINE: fcc_flag=0
fcc=false
Air update: 13.439194s, 1434.00 Mvox/s
Boundary loop: 1.531964s, 1514.33 Mvox/s
Combined (total): 22.313850s, 863.67 Mvox/s
wrote output dataset
RAW OUTPUTS
receiver 0
sample 36405: 2.6841735228354445e+01
sample 36406: -1.0053472395350457e+02
sample 36407: -6.0578427794294434e+01
sample 36408: 1.4124644522323587e+02
sample 36409: 1.7156885952473593e+02
receiver 1
sample 36405: -3.3022051939234053e+01
sample 36406: -2.1400603476214794e+01
sample 36407: -8.4892118573841691e-01
sample 36408: 1.3522446635425121e+02
sample 36409: 5.5678527428880123e+01
receiver 2
sample 36405: -5.2826127953913570e+01
sample 36406: 4.1936997046985233e+01
sample 36407: 6.7118583554812474e+01
sample 36408: -2.3407071145629878e+01
sample 36409: -1.1178660469800393e+02
receiver 3
sample 36405: -2.2676735033913286e+02
sample 36406: 8.0010867871595828e+00
sample 36407: 1.6212553576728624e+01
sample 36408: 6.4545690976936555e+01
sample 36409: 7.0343489214768539e+01
receiver 4
sample 36405: -1.2392876686711033e+02
sample 36406: 3.1301114298986545e+02
sample 36407: 1.7133299097791650e+02
sample 36408: -3.1088454070856648e+02
sample 36409: -1.8673634342280150e+02
receiver 5
sample 36405: -7.9713778969743700e+01
sample 36406: -7.4822119823960222e+01
sample 36407: 8.4894098189447931e+01
sample 36408: -2.8835430173588048e+01
sample 36409: -1.8842901410795388e+01
receiver 6
sample 36405: -7.7660065639503006e+00
sample 36406: -7.1915914384792345e+01
sample 36407: 4.3407643887617539e+01
sample 36408: 7.0808389553488595e+01
sample 36409: -9.1882269878184957e+01
receiver 7
sample 36405: -8.2758356538914057e+01
sample 36406: -1.8302054458503090e+01
sample 36407: -6.3481337521140837e+01
sample 36408: 3.0550043804345460e+01
sample 36409: -4.4530743276124937e+01
receiver 8
sample 36405: -9.4502293567640749e+01
sample 36406: 1.0165772210481497e+02
sample 36407: 1.5070895107989131e+02
sample 36408: 1.1747836962975579e+02
sample 36409: -5.0935730144550917e+01
receiver 9
sample 36405: -7.1621338131336870e+01
sample 36406: -3.7250044830773490e+00
sample 36407: 1.2440362074036996e+02
sample 36408: -1.6664943029094712e+02
sample 36409: -2.2599700281534790e+01
receiver 10
sample 36405: 5.9178119496722132e+01
sample 36406: 1.0438518570078425e+02
sample 36407: 2.0650301780119133e+01
sample 36408: -2.5050902418796674e+01
sample 36409: 1.4025006860270108e+02
receiver 11
sample 36405: 6.8385105252645317e+01
sample 36406: 4.5819049593377237e+01
sample 36407: 1.2471134670617769e+02
sample 36408: 6.0882025432699685e+01
sample 36409: 1.0608126633679506e+01
receiver 12
sample 36405: 6.9610448807209595e+00
sample 36406: 1.5940552770736070e+02
sample 36407: 2.6182012821233771e+00
sample 36408: -6.9691002056087896e+01
sample 36409: -7.7935233813064144e+01
receiver 13
sample 36405: 2.8696967330843614e+02
sample 36406: 6.8241273226168573e+01
sample 36407: -2.9689421252053052e+02
sample 36408: 4.4277335799199072e+01
sample 36409: 2.7435701368566674e+02
receiver 14
sample 36405: -2.8888769045614958e+02
sample 36406: -8.4615058345489956e+01
sample 36407: 3.0562989883739607e+02
sample 36408: 3.2984360666252343e+02
sample 36409: -1.6422911473111944e+02
receiver 15
sample 36405: -1.2567109349707812e+02
sample 36406: 8.4496009526158772e+01
sample 36407: 2.6634011786142872e+02
sample 36408: -1.6419210337324941e+01
sample 36409: -9.6576004364956148e+01
receiver 16
sample 36405: -1.4723628593909433e+02
sample 36406: 1.1102526422391579e+01
sample 36407: 6.9839515769238758e+01
sample 36408: -8.2401793168320694e+01
sample 36409: -4.3144341778355049e+01
receiver 17
sample 36405: 9.4461057083988237e+01
sample 36406: 9.9319940343099535e+00
sample 36407: -3.3500740877680471e+01
sample 36408: -4.7006379008634056e+01
sample 36409: -1.2296523387391882e+02
receiver 18
sample 36405: 1.0141970411310552e+02
sample 36406: -1.2502780179513984e+01
sample 36407: -1.4608186412363086e+01
sample 36408: 7.9520764767973020e+01
sample 36409: -1.8833822368732774e+02
receiver 19
sample 36405: -1.0252671692433497e+01
sample 36406: -2.0924020300368443e+02
sample 36407: -1.8751680401822415e+02
sample 36408: -5.3018373627016189e+01
sample 36409: -6.2105592657860376e-01
receiver 20
sample 36405: 4.9290277060698946e+00
sample 36406: -1.7650528285761457e+01
sample 36407: -6.8908316202903379e+01
sample 36408: -8.0227184770528961e+00
sample 36409: 1.1655773095074393e+02
receiver 21
sample 36405: -1.5407953067782009e+02
sample 36406: 1.5980371759801839e+01
sample 36407: -1.0090293911836783e+02
sample 36408: -1.4653448718105423e+02
sample 36409: 3.7353321807971291e+01
receiver 22
sample 36405: 8.9948176095997880e+01
sample 36406: 8.3337951775143324e+01
sample 36407: -1.1777622052566764e+02
sample 36408: -2.4554915814704867e+02
sample 36409: -4.9750290476452882e+01
receiver 23
sample 36405: 4.5861539023099800e+00
sample 36406: 5.8525003530310975e+01
sample 36407: -3.3298461607045894e+01
sample 36408: -1.6477016915919319e+02
sample 36409: 1.6974874285700920e+01
receiver 24
sample 36405: 6.2816174943208631e+00
sample 36406: -3.2289021026717478e+01
sample 36407: 1.1974795058693090e+02
sample 36408: 5.2345078224622156e+01
sample 36409: -2.8690745320583193e+02
receiver 25
sample 36405: 3.1287492906018638e+01
sample 36406: -2.2489836630849066e+01
sample 36407: 8.8983163112207706e+01
sample 36408: 3.7002980461289830e+01
sample 36409: -2.0802169679880583e+02
receiver 26
sample 36405: -2.9677594448978187e+01
sample 36406: 2.1661940526161513e+02
sample 36407: 9.3721573623586650e+01
sample 36408: -2.5428271178885237e+02
sample 36409: -3.0285231728039645e+02
receiver 27
sample 36405: 1.9944322110725818e+02
sample 36406: 2.9713996471520488e+02
sample 36407: -1.8452594656496089e+01
sample 36408: -2.5062637856852729e+02
sample 36409: -5.3543068266840663e+01
receiver 28
sample 36405: 8.4125555777829533e+01
sample 36406: 2.3580373943857794e+02
sample 36407: -5.2961761187610350e+01
sample 36408: -3.3541835298713511e+02
sample 36409: -2.7375572171395294e+02
receiver 29
sample 36405: 3.6830088577572667e+01
sample 36406: 2.8462577966188525e+02
sample 36407: 9.2692876438687239e+00
sample 36408: -1.8069704239053044e+02
sample 36409: -3.3347534060686911e+01
receiver 30
sample 36405: 1.9697971334771927e+02
sample 36406: 1.1809394943794034e+02
sample 36407: -1.0701878279631093e+02
sample 36408: -1.3409998063100073e+02
sample 36409: -8.6476968872924786e+01
receiver 31
sample 36405: 1.7785251412863954e+02
sample 36406: -5.1085386420810643e+01
sample 36407: -4.6589958430903145e+01
sample 36408: -7.5199326164932216e+01
sample 36409: -1.2495524974721361e+02
receiver 32
sample 36405: 8.5914849221628575e+00
sample 36406: -1.9401372605265377e+02
sample 36407: 8.4461890394912391e+00
sample 36408: -4.7500166952099381e+00
sample 36409: -1.2120760053727192e+02
receiver 33
sample 36405: 3.4660447666193318e+02
sample 36406: 2.0915826205187977e+02
sample 36407: -3.7286493788241364e+02
sample 36408: -2.2391676512258411e+02
sample 36409: 1.6547305457948838e+02
receiver 34
sample 36405: 1.3638493516990542e+02
sample 36406: -5.2061416407003591e-01
sample 36407: -2.2214557241881690e+02
sample 36408: -5.5304615803112135e+01
sample 36409: 1.7218785948391533e+02
receiver 35
sample 36405: 7.5973808758835686e+00
sample 36406: -1.7208063369337876e+02
sample 36407: -9.2529721865767030e+01
sample 36408: 8.9380875419703145e+01
sample 36409: -4.9605041127803915e+01
receiver 36
sample 36405: 2.1846474141475798e+02
sample 36406: 7.6031921936303732e+01
sample 36407: -1.1242844507530187e+02
sample 36408: -1.7755992112309889e+02
sample 36409: -4.7256261713486239e+01
receiver 37
sample 36405: -2.3984272385586280e+01
sample 36406: -1.0750715986919469e+02
sample 36407: 5.6276666214782693e+01
sample 36408: -6.0293837961071134e+01
sample 36409: -5.6524641597708694e+01
receiver 38
sample 36405: 5.3068577636072874e+01
sample 36406: -3.7042389909951716e+01
sample 36407: -1.0614158398501596e+00
sample 36408: -6.5952673434037067e+01
sample 36409: -6.3595698491159304e+01
receiver 39
sample 36405: 3.1754884085858166e+01
sample 36406: 8.7353384038580870e+01
sample 36407: -3.5394348360561558e+01
sample 36408: -1.7761676139310232e+01
sample 36409: 5.2597316377850646e+01
sim data freed
--Date and time: Sun Aug 23 18:53:43 2026
