--Date and time: Mon Aug 24 02:22:36 2026
read constant: l
l=0.5767729189204361
read constant: l2
l2=0.332667
read constant: Ts
Ts=5.493075418289868e-05
read constant: fcc_flag
fcc_flag=0
closed file sim_consts.h5
a2 (double): 0.332667
a2 (Real): 0.3326669931411743
a1 (double): 0.003997762058020715
a1 (Real): 0.003997762221843004
sl2 (double): 0.3326670396569966
sl2 (Real): 0.3326670527458191
l2=0.332667
NN=6
read constant: Nx
Nx=100
read constant: Ny
Ny=79
read constant: Nz
Nz=67
Npts=529300
read constant: Nb
Nb=63716
read and closed dataset: bn_ixyz
read and closed dataset: adj_bn
read and closed dataset: mat_bn
read and closed dataset: saf_bn
closed file vox_out.h5
read constant: Nt
Nt=36410
read constant: Ns
Ns=8
read constant: Nr
Nr=40
read constant: Nr
Nr=40
read constant: diff
diff=1
read and closed dataset: in_ixyz
read and closed dataset: out_ixyz
read and closed dataset: out_reorder
read and closed dataset: in_sigs
closed file comms_out.h5
read constant: Nmat
Nm=0
read and closed dataset: Mb
closed file sim_mats.h5
bn_ixyz checked
checked adj_bn against mat_bn.
adj_bn filled
adj_bn double checked
K_bn calculated
bn_mask_raw filled
bn_mask double checked
Nbl = 0
separated non-rigid bn
ABC nodes
max_in = 1.6196573096844420e+05, pow2 = 2, norm1 = 4.0000000000000000e+00, inv_infac = 2.4696582271340598e-05, infac = 4.0491432742111050e+04
gid=0, Nx[0]=100, Nx=100
Nxcc[0]=100
gid=0, Nb[0]=63716, Nb=63716
gid=0, Nbl[0]=0, Nbl=0
gid=0, Nba[0]=36890, Nbl=36890
gid=0, Ns[0]=8, Ns=8
gid=0, Nr[0]=40, Nr=40
Device Number: 0 [NVIDIA GeForce RTX 4090]
  Compute: 8.9
  Peak Memory Bandwidth: 1008.096 GB/s
  Total global memory: [ 25.251 GB | 23.516 GiB | 24080 MiB ]
  Registers per block: 65536
  Concurrent Kernels: 1
  Async Engine: 2
a1 = 0.003997762221843004
a2 = 0.3326669931411743
GPU 0 -- Nx=100 Ns=8 Nr=40 Nb=63716 Nbl=0 Nba=36890
---------
GPU 0
---------
Nx to read = 100
Nb to read = 63716
Nbl to read = 0
Nba to read = 36890
Ns to read = 8
Nr to read = 40
Nx=100 Ns=8 Nr=40 Nb=63716, Npts=529300
Nx_read = 100
Nb_read = 63716
Nbl_read = 0
Ns_read = 8
Nr_read = 40
Global memory allocation done
Constant memory loaded
Boundary loop: 0.531485s, 4364.94 Mvox/s
Air update: 1.872317s, 10293.03 Mvox/s
Combined (total): 3.763759s, 5120.36 Mvox/s
wrote output dataset
RAW OUTPUTS
receiver 0
sample 36405: 2.7139242982047012e+01
sample 36406: -1.0004606991123630e+02
sample 36407: -5.9312363590039304e+01
sample 36408: 1.4215219170804667e+02
sample 36409: 1.7123505711645154e+02
receiver 1
sample 36405: -3.2377302215681638e+01
sample 36406: -2.0580691035059598e+01
sample 36407: 6.8548471835064281e-02
sample 36408: 1.3572451670457119e+02
sample 36409: 5.5293362665789758e+01
receiver 2
sample 36405: -5.2260366276295763e+01
sample 36406: 4.2554547795344106e+01
sample 36407: 6.7270004181069638e+01
sample 36408: -2.3420100134447598e+01
sample 36409: -1.1121018501220674e+02
receiver 3
sample 36405: -2.2661789757372838e+02
sample 36406: 9.0042006659615783e+00
sample 36407: 1.6977601335545970e+01
sample 36408: 6.5117545246638215e+01
sample 36409: 7.0291168874397115e+01
receiver 4
sample 36405: -1.2211510583213675e+02
sample 36406: 3.1400356234919383e+02
sample 36407: 1.7028716384205703e+02
sample 36408: -3.1130872620654952e+02
sample 36409: -1.8502217912254227e+02
receiver 5
sample 36405: -7.9508357158964799e+01
sample 36406: -7.3997610325454446e+01
sample 36407: 8.5691771273214798e+01
sample 36408: -2.8367340047368057e+01
sample 36409: -1.7984914707959167e+01
receiver 6
sample 36405: -7.6102430184434571e+00
sample 36406: -7.1486368167787475e+01
sample 36407: 4.4043691674212923e+01
sample 36408: 7.0912757167224299e+01
sample 36409: -9.1685369155897916e+01
receiver 7
sample 36405: -8.2963919513060475e+01
sample 36406: -1.8061183188457182e+01
sample 36407: -6.2880383623594859e+01
sample 36408: 3.1303724274001247e+01
sample 36409: -4.3926227914542345e+01
receiver 8
sample 36405: -9.4011310924598632e+01
sample 36406: 1.0208680652262296e+02
sample 36407: 1.5006806782575620e+02
sample 36408: 1.1579238881545146e+02
sample 36409: -5.2867007035838490e+01
receiver 9
sample 36405: -7.2340083968990513e+01
sample 36406: -3.9064625205678034e+00
sample 36407: 1.2354966363865172e+02
sample 36408: -1.6743220855384146e+02
sample 36409: -2.2373735093950170e+01
receiver 10
sample 36405: 5.9575611759009284e+01
sample 36406: 1.0404935023520088e+02
sample 36407: 1.9800598081098219e+01
sample 36408: -2.5765114031709928e+01
sample 36409: 1.3913455295445328e+02
receiver 11
sample 36405: 6.8361296670237564e+01
sample 36406: 4.5474313438377685e+01
sample 36407: 1.2370790668259977e+02
sample 36408: 5.9044420453188103e+01
sample 36409: 8.5400422825849365e+00
receiver 12
sample 36405: 7.2214197785763954e+00
sample 36406: 1.5887908953654423e+02
sample 36407: 1.5071957593272396e+00
sample 36408: -7.0467776973430702e+01
sample 36409: -7.8172478526772380e+01
receiver 13
sample 36405: 2.8655649728624434e+02
sample 36406: 6.6197977087213459e+01
sample 36407: -2.9785434355065848e+02
sample 36408: 4.4445351833038323e+01
sample 36409: 2.7305825721954329e+02
receiver 14
sample 36405: -2.8918484966684383e+02
sample 36406: -8.3337226025494829e+01
sample 36407: 3.0603682407943785e+02
sample 36408: 3.2759819067215489e+02
sample 36409: -1.6717849173532912e+02
receiver 15
sample 36405: -1.2542596324243983e+02
sample 36406: 8.5058563406263929e+01
sample 36407: 2.6539405212108863e+02
sample 36408: -1.8385161898288192e+01
sample 36409: -9.7978219388953335e+01
receiver 16
sample 36405: -1.4749776146372017e+02
sample 36406: 1.1390940736731434e+01
sample 36407: 6.9685173908629210e+01
sample 36408: -8.2474700088779755e+01
sample 36409: -4.2660109151500563e+01
receiver 17
sample 36405: 9.4737663937465882e+01
sample 36406: 9.7399907528229992e+00
sample 36407: -3.3539002724686625e+01
sample 36408: -4.6811172545790278e+01
sample 36409: -1.2204808469425014e+02
receiver 18
sample 36405: 1.0132963453384471e+02
sample 36406: -1.2998789289221358e+01
sample 36407: -1.4844071936525161e+01
sample 36408: 7.8910554817873148e+01
sample 36409: -1.8861243426000914e+02
receiver 19
sample 36405: -1.2669917630935833e+01
sample 36406: -2.1081218449752200e+02
sample 36407: -1.8741186120820052e+02
sample 36408: -5.1963428413101866e+01
sample 36409: 6.4830086587233093e-01
receiver 20
sample 36405: 4.6461005602088736e+00
sample 36406: -1.7874962425516213e+01
sample 36407: -6.8840965888767940e+01
sample 36408: -7.5750107255858863e+00
sample 36409: 1.1653323212075532e+02
receiver 21
sample 36405: -1.5526831041297817e+02
sample 36406: 1.5291850962828272e+01
sample 36407: -1.0132459074304863e+02
sample 36408: -1.4583358390275785e+02
sample 36409: 3.8449686938893436e+01
receiver 22
sample 36405: 8.9007201091996578e+01
sample 36406: 8.1731716707754956e+01
sample 36407: -1.1929228939032090e+02
sample 36408: -2.4553175480846718e+02
sample 36409: -4.8548150391850406e+01
receiver 23
sample 36405: 4.0925436364972478e+00
sample 36406: 5.7752149399177497e+01
sample 36407: -3.4244504140744105e+01
sample 36408: -1.6490829563948304e+02
sample 36409: 1.7593126473315721e+01
receiver 24
sample 36405: 6.4456063868290254e+00
sample 36406: -3.2153046792006208e+01
sample 36407: 1.1971527017136188e+02
sample 36408: 5.1408729271112414e+01
sample 36409: -2.8675440243837761e+02
receiver 25
sample 36405: 3.1211276773914594e+01
sample 36406: -2.2471697767150296e+01
sample 36407: 8.8667626698194695e+01
sample 36408: 3.6214047880735258e+01
sample 36409: -2.0818773516251051e+02
receiver 26
sample 36405: -2.9246548204295586e+01
sample 36406: 2.1644799377365928e+02
sample 36407: 9.2041159101418046e+01
sample 36408: -2.5516924170868990e+02
sample 36409: -3.0157066517508832e+02
receiver 27
sample 36405: 2.0131515067258903e+02
sample 36406: 2.9710194195093226e+02
sample 36407: -1.9839039309081425e+01
sample 36408: -2.5064612096510692e+02
sample 36409: -5.2458705100161055e+01
receiver 28
sample 36405: 8.4332955177458146e+01
sample 36406: 2.3453819525757504e+02
sample 36407: -5.4968137149729245e+01
sample 36408: -3.3591254511804743e+02
sample 36409: -2.7166754739619199e+02
receiver 29
sample 36405: 3.8526833368957590e+01
sample 36406: 2.8482120698888048e+02
sample 36407: 8.3198849389313203e+00
sample 36408: -1.8097605957357322e+02
sample 36409: -3.2624949986857580e+01
receiver 30
sample 36405: 1.9770102473456947e+02
sample 36406: 1.1730794895938685e+02
sample 36407: -1.0764106665785165e+02
sample 36408: -1.3386452692896481e+02
sample 36409: -8.5242760760607496e+01
receiver 31
sample 36405: 1.7749177118105578e+02
sample 36406: -5.1775238450529997e+01
sample 36407: -4.6946742100271827e+01
sample 36408: -7.5014198144962307e+01
sample 36409: -1.2410669612311226e+02
receiver 32
sample 36405: 6.9625601789813176e+00
sample 36406: -1.9475752499185526e+02
sample 36407: 8.4281349419806020e+00
sample 36408: -4.7930451592369590e+00
sample 36409: -1.2079514106697944e+02
receiver 33
sample 36405: 3.4691434443184755e+02
sample 36406: 2.0687606672613927e+02
sample 36407: -3.7431489348771692e+02
sample 36408: -2.2287657383118415e+02
sample 36409: 1.6675647257421562e+02
receiver 34
sample 36405: 1.3558156530299931e+02
sample 36406: -2.0172788595896152e+00
sample 36407: -2.2264497427100378e+02
sample 36408: -5.4640752702655092e+01
sample 36409: 1.7235347765798531e+02
receiver 35
sample 36405: 6.0102270723848754e+00
sample 36406: -1.7305118005360154e+02
sample 36407: -9.2304520402144192e+01
sample 36408: 8.9486757178770773e+01
sample 36409: -4.9636454317126081e+01
receiver 36
sample 36405: 2.1827177195964373e+02
sample 36406: 7.4693153790057053e+01
sample 36407: -1.1368624319370367e+02
sample 36408: -1.7750638403289489e+02
sample 36409: -4.6345663652074307e+01
receiver 37
sample 36405: -2.5242874276095996e+01
sample 36406: -1.0792123745201597e+02
sample 36407: 5.5941371937506688e+01
sample 36408: -6.0606996269460041e+01
sample 36409: -5.6408521241687176e+01
receiver 38
sample 36405: 5.2197917546887851e+01
sample 36406: -3.7822039026376196e+01
sample 36407: -1.8210032172047526e+00
sample 36408: -6.6436256134831254e+01
sample 36409: -6.3547422599464852e+01
receiver 39
sample 36405: 3.1889803336859398e+01
sample 36406: 8.6891118730998187e+01
sample 36407: -3.5977003854789018e+01
sample 36408: -1.8188383349893464e+01
sample 36409: 5.2115618908094618e+01
sim data freed
--Date and time: Mon Aug 24 02:22:40 2026
