--Date and time: Sun Aug 23 18:55:42 2026
read constant: l
l=0.5767729189204361
read constant: l2
l2=0.332667
read constant: Ts
Ts=7.847250597556954e-05
read constant: fcc_flag
fcc_flag=0
closed file sim_consts.h5
a2 (double): 0.332667
a2 (Real): 0.3326669931411743
a1 (double): 0.003997762058020604
a1 (Real): 0.003997762221843004
sl2 (double): 0.3326670396569966
sl2 (Real): 0.3326670527458191
l2=0.332667
NN=6
read constant: Nx
Nx=451
read constant: Ny
Ny=294
read constant: Nz
Nz=159
Npts=21082446
read constant: Nb
Nb=948636
read and closed dataset: bn_ixyz
read and closed dataset: adj_bn
read and closed dataset: mat_bn
read and closed dataset: saf_bn
closed file vox_out.h5
read constant: Nt
Nt=12744
read constant: Ns
Ns=8
read constant: Nr
Nr=48
read constant: Nr
Nr=48
read constant: diff
diff=1
read and closed dataset: in_ixyz
read and closed dataset: out_ixyz
read and closed dataset: out_reorder
read and closed dataset: in_sigs
closed file comms_out.h5
read constant: Nmat
Nm=8
read and closed dataset: Mb
Mb[0]=11
Mb[1]=11
Mb[2]=11
Mb[3]=11
Mb[4]=11
Mb[5]=11
Mb[6]=11
Mb[7]=11
read and closed dataset: mat_00_DEF
DEF[0,0]=[0.4927449021249079, 34.20637372680105, 4749.216068971031]
DEF[0,1]=[0.9113559866416477, 126.5327488637081, 35135.63694030289]
DEF[0,2]=[0.3802024035287842, 105.5746732303023, 58631.98929956938]
DEF[0,3]=[0.005975241926194749, 3.318412550657397, 3685.829625771584]
DEF[0,4]=[0.00148247242914719, 1.64661286543706, 3657.854102801185]
DEF[0,5]=[0.0008713725082830322, 1.935703024915471, 8600.101942738487]
DEF[0,6]=[0.0005552598732640941, 2.46695461716902, 21920.78115566248]
DEF[0,7]=[8.277321252999886e-05, 0.7355033873721764, 13071.0218028541]
DEF[0,8]=[0.000131622597723555, 2.339135174808259, 83140.03006561362]
DEF[0,9]=[5.81246764274046e-05, 2.065929065482333, 146858.8959436307]
DEF[0,10]=[1.857380653406131e-05, 1.320339970349366, 187715.7096586791]
read and closed dataset: mat_01_DEF
DEF[1,0]=[0.362709100428077, 25.17928240322926, 3495.893880761826]
DEF[1,1]=[0.2459023437939194, 34.14110399047366, 9480.308025572871]
DEF[1,2]=[0.1169756784167993, 32.48182786359359, 18039.11985191963]
DEF[1,3]=[0.05322883780403812, 29.561186912195, 32834.22324097539]
DEF[1,4]=[0.07209436498988685, 80.07670603773252, 177885.7154994824]
DEF[1,5]=[0.05307301439971381, 117.8985950765609, 523809.6564984942]
DEF[1,6]=[0.02310412702264262, 102.6489317499425, 912114.3749840045]
DEF[1,7]=[0.01382255870048944, 122.824020424194, 2182770.978954665]
DEF[1,8]=[0.008451034268542436, 150.1878238459954, 5338135.360676059]
DEF[1,9]=[0.003893270737619835, 138.3787690704192, 9836810.753701152]
DEF[1,10]=[0.001613673454454209, 114.7097961368588, 16308550.27507439]
read and closed dataset: mat_02_DEF
DEF[2,0]=[1.379071827807842, 95.73522959784893, 13291.8880675299]
DEF[2,1]=[0.48872079534597, 67.85404009893114, 18841.72231504092]
DEF[2,2]=[19.94192478525964, 5537.477336404218, 3075295.447293617]
DEF[2,3]=[0.1353694834844873, 75.17884606506742, 83502.70312323057]
DEF[2,4]=[0.06194584434987348, 68.80453373796666, 152845.2445061769]
DEF[2,5]=[0.004855839278049141, 10.78696273944188, 47925.21270961636]
DEF[2,6]=[0.001546680050819468, 6.871718408575727, 61060.48094657972]
DEF[2,7]=[0.0007486371954207925, 6.652214844811538, 118220.0473399079]
DEF[2,8]=[0.0003376161310883348, 5.999955793837603, 213256.8098091642]
DEF[2,9]=[0.0001857976798669831, 6.603818734643434, 469439.8973254063]
DEF[2,10]=[7.153382396822429e-05, 5.085062496154363, 722954.7969162628]
read and closed dataset: mat_03_DEF
DEF[3,0]=[0.4873760197509073, 33.83366566591938, 4697.469247577117]
DEF[3,1]=[0.347227381991873, 48.20908159728406, 13386.70663080361]
DEF[3,2]=[0.1633136284193689, 45.34895832957184, 25185.01415321368]
DEF[3,3]=[0.06721559583826109, 37.32887799099483, 41461.95878169657]
DEF[3,4]=[234.061429287882, 259976.882666023, 577523428.1562364]
DEF[3,5]=[0.05540309110583785, 123.0747240976802, 546806.5918121318]
DEF[3,6]=[0.02678122949463829, 118.985867584632, 1057280.561947464]
DEF[3,7]=[0.01516768352339887, 134.7764846749892, 2395184.576909889]
DEF[3,8]=[0.01402013695346875, 249.1593090448397, 8855885.144309167]
DEF[3,9]=[0.005853946682843732, 208.0671987047614, 14790691.31385266]
DEF[3,10]=[0.00213043914318709, 151.4446675208104, 21531229.7409048]
read and closed dataset: mat_04_DEF
DEF[4,0]=[0.2365401200038285, 16.42062598992096, 2279.841220140615]
DEF[4,1]=[0.1588402676738195, 22.05339734814127, 6123.791425405237]
DEF[4,2]=[0.07536900829470342, 20.92848006365338, 11622.84837454914]
DEF[4,3]=[0.03569480980087993, 19.82348268064218, 22018.35324417575]
DEF[4,4]=[0.03541107729858307, 39.33181778792044, 87373.33108835274]
DEF[4,5]=[0.02393783635436473, 53.17650235761705, 236256.9750355949]
DEF[4,6]=[0.02037355880299789, 90.51733679540551, 804315.8625116833]
DEF[4,7]=[0.01938458068085195, 172.2468455406228, 3061090.28481613]
DEF[4,8]=[0.02008467813706338, 356.9354952542449, 12686580.97510553]
DEF[4,9]=[0.006853024907587366, 243.5774994935537, 17314981.06590701]
DEF[4,10]=[0.002965610576455967, 210.8137701017314, 29971868.87404233]
read and closed dataset: mat_05_DEF
DEF[5,0]=[0.169929878706983, 11.79653998110274, 1637.832694104512]
DEF[5,1]=[0.1155611855238518, 16.04452560866484, 4455.246817348874]
DEF[5,2]=[0.05347885806159263, 14.85001912712768, 8247.112076405119]
DEF[5,3]=[0.03446729594866543, 19.14177013684757, 21261.16098678735]
DEF[5,4]=[0.01065298899745405, 11.83249576429435, 26285.19677350726]
DEF[5,5]=[0.003414629022742783, 7.585398512642142, 33701.03763094962]
DEF[5,6]=[0.001534623139215896, 6.818150961725335, 60584.49315527511]
DEF[5,7]=[0.0005185400129063532, 4.607625152188111, 81884.55669634361]
DEF[5,8]=[0.0002051246610392528, 3.645379426907256, 129567.9524713582]
DEF[5,9]=[0.0001116982834097587, 3.970099180662356, 282218.9746009806]
DEF[5,10]=[4.337583480789613e-05, 3.083420102342039, 438376.7860438391]
read and closed dataset: mat_06_DEF
DEF[6,0]=[7.802156282370684, 541.6260473092159, 75199.41013913348]
DEF[6,1]=[5.034835511524991, 699.0370247058821, 194108.729387922]
DEF[6,2]=[2.42779510083332, 674.1505894273015, 374396.5189394955]
DEF[6,3]=[1.248733602182671, 693.4971519303033, 770281.6659931412]
DEF[6,4]=[0.5430810908809721, 603.211428177876, 1339998.881176813]
DEF[6,5]=[2.45343527925058, 5450.162871029103, 24214435.62987942]
DEF[6,6]=[0.4601523362610855, 2044.402963728088, 18166086.09253583]
DEF[6,7]=[0.2419639646921425, 2150.035140759746, 38209417.77328958]
DEF[6,8]=[0.1153149286286844, 2049.322915677326, 72839214.53471799]
DEF[6,9]=[0.06160591725376645, 2189.66302925084, 155654664.2075956]
DEF[6,10]=[0.02414864537655372, 1716.633672370039, 244057678.5293114]
read and closed dataset: mat_07_DEF
DEF[7,0]=[0.4873760197509073, 33.83366566591938, 4697.469247577117]
DEF[7,1]=[0.347227381991873, 48.20908159728406, 13386.70663080361]
DEF[7,2]=[0.1633136284193689, 45.34895832957184, 25185.01415321368]
DEF[7,3]=[0.06721559583826109, 37.32887799099483, 41461.95878169657]
DEF[7,4]=[234.061429287882, 259976.882666023, 577523428.1562364]
DEF[7,5]=[0.05540309110583785, 123.0747240976802, 546806.5918121318]
DEF[7,6]=[0.02678122949463829, 118.985867584632, 1057280.561947464]
DEF[7,7]=[0.01516768352339887, 134.7764846749892, 2395184.576909889]
DEF[7,8]=[0.01402013695346875, 249.1593090448397, 8855885.144309167]
DEF[7,9]=[0.005853946682843732, 208.0671987047614, 14790691.31385266]
DEF[7,10]=[0.00213043914318709, 151.4446675208104, 21531229.7409048]
closed file sim_mats.h5
bn_ixyz checked
checked adj_bn against mat_bn.
adj_bn filled
adj_bn double checked
K_bn calculated
bn_mask_raw filled
bn_mask double checked
Nbl = 496145
separated non-rigid bn
ABC nodes
max_in = 2.5037753351790007e+05, pow2 = 2, norm1 = 4.0000000000000000e+00, inv_infac = 1.5975874287914216e-05, infac = 6.2594383379475024e+04
ENGINE: fcc_flag=0
fcc=false
Air update: 59.376767s, 4524.91 Mvox/s
Boundary loop: 12.777940s, 946.12 Mvox/s
Combined (total): 94.874442s, 2831.90 Mvox/s
wrote output dataset
RAW OUTPUTS
receiver 0
sample 12739: -1.0161784563709523e+01
sample 12740: -4.4978592921359511e-01
sample 12741: 6.7368669936524626e+00
sample 12742: -1.2017615591253090e+01
sample 12743: 2.0683420346461787e+01
receiver 1
sample 12739: 1.2418039610778338e+01
sample 12740: -4.8480361235145315e+00
sample 12741: -5.0930022740514005e+00
sample 12742: 1.2184245258232577e+01
sample 12743: -1.1029636975530007e+01
receiver 2
sample 12739: 1.1453978571219180e+01
sample 12740: -2.6621881110885576e-01
sample 12741: -6.1113319277575018e+00
sample 12742: 8.8758309139688905e+00
sample 12743: -1.5182365076605111e+01
receiver 3
sample 12739: 9.8832939105177200e+00
sample 12740: -8.6605458578828365e-01
sample 12741: -9.8853333443295508e+00
sample 12742: 2.2402270465656979e+01
sample 12743: -3.0095302638217486e+01
receiver 4
sample 12739: -1.2731333625522709e+01
sample 12740: 6.4431129226916433e+00
sample 12741: -2.8742014995291204e-01
sample 12742: -4.4646785852824271e+00
sample 12743: 1.1072073412269326e+01
receiver 5
sample 12739: -1.4332165289739185e+01
sample 12740: -1.1857211338111866e-01
sample 12741: 8.5150551637430283e+00
sample 12742: -1.4761717962175780e+01
sample 12743: 2.4405305985784732e+01
receiver 6
sample 12739: -1.2426726560427030e+01
sample 12740: -4.6921713811046156e-01
sample 12741: 1.0142873118956860e+01
sample 12742: -1.8410970063495547e+01
sample 12743: 2.3972616283402651e+01
receiver 7
sample 12739: 1.1607604684336369e+01
sample 12740: -6.5773685135031741e+00
sample 12741: -3.6147356632378220e+00
sample 12742: 1.3693615739564001e+01
sample 12743: -1.9195529958096227e+01
receiver 8
sample 12739: -9.9047621621974944e+00
sample 12740: -7.4516584860494772e+00
sample 12741: 2.9078857570735892e+01
sample 12742: -4.6259692896247280e+01
sample 12743: 5.6360761720968355e+01
receiver 9
sample 12739: 7.5085271733611663e+00
sample 12740: 5.9770868119298184e+00
sample 12741: -2.2638420323266335e+01
sample 12742: 4.1169958361722422e+01
sample 12743: -5.6602083487994221e+01
receiver 10
sample 12739: 7.2120691902652796e+00
sample 12740: 1.1560443574447447e+01
sample 12741: -2.9505885316630998e+01
sample 12742: 4.5635136102756917e+01
sample 12743: -5.8992580462852160e+01
receiver 11
sample 12739: 7.1037235858607040e-01
sample 12740: 1.8012714821060950e+01
sample 12741: -4.1682795353565375e+01
sample 12742: 6.3396591585158653e+01
sample 12743: -7.5121395853997257e+01
receiver 12
sample 12739: -6.1489576143060312e+00
sample 12740: -6.6865041821786448e+00
sample 12741: 2.2712193357338560e+01
sample 12742: -4.4547566805814448e+01
sample 12743: 5.9461965399956597e+01
receiver 13
sample 12739: 9.3364481757338980e-01
sample 12740: -1.4744687460174983e+01
sample 12741: 3.7249691102205801e+01
sample 12742: -5.7817527744282451e+01
sample 12743: 6.9491086570399517e+01
receiver 14
sample 12739: -9.0826939691824982e-01
sample 12740: -2.3531191355359365e+01
sample 12741: 4.3745915381046203e+01
sample 12742: -5.9503012762750835e+01
sample 12743: 7.6145860204765739e+01
receiver 15
sample 12739: 2.0106444573082438e+00
sample 12740: 1.8042959287469166e+01
sample 12741: -3.8220887882935962e+01
sample 12742: 5.5506760881267788e+01
sample 12743: -7.1982609754698117e+01
receiver 16
sample 12739: 4.9357887066832539e+01
sample 12740: -3.7140324983885669e+01
sample 12741: 2.7686746791205312e+01
sample 12742: -2.0164943258967718e+01
sample 12743: 9.9091024489832780e+00
receiver 17
sample 12739: -3.9215391958162371e+01
sample 12740: 3.6786183086474260e+01
sample 12741: -2.6359256642468143e+01
sample 12742: 1.8672505816743893e+01
sample 12743: -1.4469535138792185e+01
receiver 18
sample 12739: -4.0620744939013356e+01
sample 12740: 3.4364151855892544e+01
sample 12741: -2.9732110354761257e+01
sample 12742: 2.4736958548308213e+01
sample 12743: -1.5534503064062960e+01
receiver 19
sample 12739: -4.8144253616447799e+01
sample 12740: 4.2731095302363322e+01
sample 12741: -2.8142317501784426e+01
sample 12742: 1.1044120690153457e+01
sample 12743: -1.7201221465816237e+00
receiver 20
sample 12739: 2.9671118622720115e+01
sample 12740: -3.1653940156625392e+01
sample 12741: 3.0036127177288797e+01
sample 12742: -2.2908449011245143e+01
sample 12743: 1.5721824923049295e+01
receiver 21
sample 12739: 3.5509550350622177e+01
sample 12740: -3.2393011295280211e+01
sample 12741: 2.1269363616883325e+01
sample 12742: -1.0805758333781736e+01
sample 12743: 7.3033427343092265e+00
receiver 22
sample 12739: 4.3277324720977902e+01
sample 12740: -3.7237401668981505e+01
sample 12741: 2.9599655550303453e+01
sample 12742: -1.8041837097895169e+01
sample 12743: 5.3785407696366958e+00
receiver 23
sample 12739: -3.1809880785738947e+01
sample 12740: 2.6467620805811492e+01
sample 12741: -2.1730206432376630e+01
sample 12742: 1.6019403729416936e+01
sample 12743: -8.1610325900606693e+00
receiver 24
sample 12739: 6.0722989499006763e+00
sample 12740: -1.4090776118469424e+01
sample 12741: 1.4607822232083018e+01
sample 12742: -1.4684263198997964e+01
sample 12743: 8.1890108164850393e+00
receiver 25
sample 12739: 4.7734501396088724e+00
sample 12740: -5.2961820061401377e-01
sample 12741: -5.6258141492246443e+00
sample 12742: 6.0951763146250686e+00
sample 12743: 4.6283338122831150e+00
receiver 26
sample 12739: -1.6579466275071182e+00
sample 12740: 8.0675192212095368e+00
sample 12741: -1.7752918825999561e+01
sample 12742: 1.5457161248537073e+01
sample 12743: -3.5085935627725249e+00
receiver 27
sample 12739: -8.0552917270201654e+00
sample 12740: 1.7211841277701954e+01
sample 12741: -2.0656799313596874e+01
sample 12742: 1.7207501901784333e+01
sample 12743: -8.7073458085460373e+00
receiver 28
sample 12739: -1.6599159244705732e+00
sample 12740: 4.3610429093491032e-01
sample 12741: -1.8474378898059654e-01
sample 12742: 2.7237835779324709e-01
sample 12743: 7.9115093661157676e-01
receiver 29
sample 12739: -6.3697347499670851e+00
sample 12740: -6.0457308612476068e-01
sample 12741: 7.6803647290495123e+00
sample 12742: -2.6107733607476402e+00
sample 12743: -4.9995262507948572e+00
receiver 30
sample 12739: 6.4435123383801143e+00
sample 12740: -1.2800780035831561e+01
sample 12741: 1.7194935564639177e+01
sample 12742: -1.7598431942470498e+01
sample 12743: 1.0581316775510144e+01
receiver 31
sample 12739: -1.5047046730367071e+00
sample 12740: -1.6275821542187292e+00
sample 12741: 4.2248761463486222e+00
sample 12742: 7.4688559046407221e-01
sample 12743: -4.6853782971498203e+00
receiver 32
sample 12739: 6.3722829036466715e+00
sample 12740: -3.2848356110555472e+00
sample 12741: 5.6790644127679126e+00
sample 12742: -1.1019877023188000e+01
sample 12743: 1.7267120044639125e+01
receiver 33
sample 12739: -1.5774101468528766e+01
sample 12740: 1.1767600498501405e+01
sample 12741: -9.0935821456000649e+00
sample 12742: 2.1318410223864916e+01
sample 12743: -3.2310012988476316e+01
receiver 34
sample 12739: -1.5761818639098630e+00
sample 12740: 4.6974659730765227e+00
sample 12741: -6.6591294059107460e+00
sample 12742: 8.0656637827661708e+00
sample 12743: -1.2100589304616648e+01
receiver 35
sample 12739: -1.3489962014456134e+01
sample 12740: 1.0399755246772139e+01
sample 12741: -1.1947104376064367e+01
sample 12742: 1.0321029822510132e+01
sample 12743: -1.5237150152999176e+01
receiver 36
sample 12739: 9.8648117693150544e-02
sample 12740: -1.1129281397970880e+01
sample 12741: 2.0466273020421163e+01
sample 12742: -1.8757218377426245e+01
sample 12743: 1.5837878635405358e+01
receiver 37
sample 12739: 1.9280666983341469e+01
sample 12740: -1.8932314563959530e+01
sample 12741: 1.4953374642738934e+01
sample 12742: -1.8432566747585980e+01
sample 12743: 3.2542484760452730e+01
receiver 38
sample 12739: 1.4233982810696252e+01
sample 12740: -1.0800567296133849e+01
sample 12741: 4.9434518405193071e+00
sample 12742: -8.3227107777185374e+00
sample 12743: 1.4554507296900340e+01
receiver 39
sample 12739: -1.1768401151614668e+01
sample 12740: 1.5195090815678391e+01
sample 12741: -1.8774468398653770e+01
sample 12742: 2.0161941037510015e+01
sample 12743: -1.7974440140947916e+01
receiver 40
sample 12739: -3.5329482645667731e+01
sample 12740: 3.1121719890322531e+01
sample 12741: -2.9239924565857923e+01
sample 12742: 2.5312889555907226e+01
sample 12743: -1.2806557672574945e+01
receiver 41
sample 12739: 4.9839998653878425e+01
sample 12740: -3.9794372552363441e+01
sample 12741: 2.5954444971012755e+01
sample 12742: -1.7687070344925512e+01
sample 12743: 1.5922922752098211e+01
receiver 42
sample 12739: 3.4062253712706820e+01
sample 12740: -2.9552709405300458e+01
sample 12741: 2.4625360802994344e+01
sample 12742: -1.5078958768660506e+01
sample 12743: 5.0366587022343614e+00
receiver 43
sample 12739: 2.9873391471696348e+01
sample 12740: -3.1448903733649569e+01
sample 12741: 3.3458049357399361e+01
sample 12742: -2.4499515257910648e+01
sample 12743: 1.0693192335613031e+01
receiver 44
sample 12739: -4.7232591178701647e+01
sample 12740: 3.4339041042438090e+01
sample 12741: -2.0080502136997257e+01
sample 12742: 1.1511016224574679e+01
sample 12743: -8.9435120617822879e+00
receiver 45
sample 12739: -4.9075251963509508e+01
sample 12740: 3.9548973739450240e+01
sample 12741: -3.1169194338858738e+01
sample 12742: 2.0122839289107056e+01
sample 12743: -1.0745497118005483e+01
receiver 46
sample 12739: -3.3805476334730024e+01
sample 12740: 2.9198024630465262e+01
sample 12741: -2.3142981167001079e+01
sample 12742: 1.5826370727062949e+01
sample 12743: -9.7791962536391370e+00
receiver 47
sample 12739: 4.8265246055971232e+01
sample 12740: -3.5674483070218258e+01
sample 12741: 2.1247479098454107e+01
sample 12742: -1.3586237135570540e+01
sample 12743: 8.7816626309102066e+00
sim data freed
--Date and time: Sun Aug 23 18:57:17 2026
