--Date and time: Sun Aug 23 18:54:12 2026
read constant: l
l=0.5767729189204361
read constant: l2
l2=0.332667
read constant: Ts
Ts=7.847250597556954e-05
read constant: fcc_flag
fcc_flag=0
closed file sim_consts.h5
a2 (double): 0.332667
a2 (Real): 0.332667
a1 (double): 0.003998000000000057
a1 (Real): 0.003998000000000057
sl2 (double): 0.332667
sl2 (Real): 0.332667
l2=0.332667
NN=6
read constant: Nx
Nx=451
read constant: Ny
Ny=294
read constant: Nz
Nz=159
Npts=21082446
read constant: Nb
Nb=948636
read and closed dataset: bn_ixyz
read and closed dataset: adj_bn
read and closed dataset: mat_bn
read and closed dataset: saf_bn
closed file vox_out.h5
read constant: Nt
Nt=12744
read constant: Ns
Ns=8
read constant: Nr
Nr=48
read constant: Nr
Nr=48
read constant: diff
diff=1
read and closed dataset: in_ixyz
read and closed dataset: out_ixyz
read and closed dataset: out_reorder
read and closed dataset: in_sigs
closed file comms_out.h5
read constant: Nmat
Nm=8
read and closed dataset: Mb
Mb[0]=11
Mb[1]=11
Mb[2]=11
Mb[3]=11
Mb[4]=11
Mb[5]=11
Mb[6]=11
Mb[7]=11
read and closed dataset: mat_00_DEF
DEF[0,0]=[0.4927449021249079, 34.20637372680105, 4749.216068971031]
DEF[0,1]=[0.9113559866416477, 126.5327488637081, 35135.63694030289]
DEF[0,2]=[0.3802024035287842, 105.5746732303023, 58631.98929956938]
DEF[0,3]=[0.005975241926194749, 3.318412550657397, 3685.829625771584]
DEF[0,4]=[0.00148247242914719, 1.64661286543706, 3657.854102801185]
DEF[0,5]=[0.0008713725082830322, 1.935703024915471, 8600.101942738487]
DEF[0,6]=[0.0005552598732640941, 2.46695461716902, 21920.78115566248]
DEF[0,7]=[8.277321252999886e-05, 0.7355033873721764, 13071.0218028541]
DEF[0,8]=[0.000131622597723555, 2.339135174808259, 83140.03006561362]
DEF[0,9]=[5.81246764274046e-05, 2.065929065482333, 146858.8959436307]
DEF[0,10]=[1.857380653406131e-05, 1.320339970349366, 187715.7096586791]
read and closed dataset: mat_01_DEF
DEF[1,0]=[0.362709100428077, 25.17928240322926, 3495.893880761826]
DEF[1,1]=[0.2459023437939194, 34.14110399047366, 9480.308025572871]
DEF[1,2]=[0.1169756784167993, 32.48182786359359, 18039.11985191963]
DEF[1,3]=[0.05322883780403812, 29.561186912195, 32834.22324097539]
DEF[1,4]=[0.07209436498988685, 80.07670603773252, 177885.7154994824]
DEF[1,5]=[0.05307301439971381, 117.8985950765609, 523809.6564984942]
DEF[1,6]=[0.02310412702264262, 102.6489317499425, 912114.3749840045]
DEF[1,7]=[0.01382255870048944, 122.824020424194, 2182770.978954665]
DEF[1,8]=[0.008451034268542436, 150.1878238459954, 5338135.360676059]
DEF[1,9]=[0.003893270737619835, 138.3787690704192, 9836810.753701152]
DEF[1,10]=[0.001613673454454209, 114.7097961368588, 16308550.27507439]
read and closed dataset: mat_02_DEF
DEF[2,0]=[1.379071827807842, 95.73522959784893, 13291.8880675299]
DEF[2,1]=[0.48872079534597, 67.85404009893114, 18841.72231504092]
DEF[2,2]=[19.94192478525964, 5537.477336404218, 3075295.447293617]
DEF[2,3]=[0.1353694834844873, 75.17884606506742, 83502.70312323057]
DEF[2,4]=[0.06194584434987348, 68.80453373796666, 152845.2445061769]
DEF[2,5]=[0.004855839278049141, 10.78696273944188, 47925.21270961636]
DEF[2,6]=[0.001546680050819468, 6.871718408575727, 61060.48094657972]
DEF[2,7]=[0.0007486371954207925, 6.652214844811538, 118220.0473399079]
DEF[2,8]=[0.0003376161310883348, 5.999955793837603, 213256.8098091642]
DEF[2,9]=[0.0001857976798669831, 6.603818734643434, 469439.8973254063]
DEF[2,10]=[7.153382396822429e-05, 5.085062496154363, 722954.7969162628]
read and closed dataset: mat_03_DEF
DEF[3,0]=[0.4873760197509073, 33.83366566591938, 4697.469247577117]
DEF[3,1]=[0.347227381991873, 48.20908159728406, 13386.70663080361]
DEF[3,2]=[0.1633136284193689, 45.34895832957184, 25185.01415321368]
DEF[3,3]=[0.06721559583826109, 37.32887799099483, 41461.95878169657]
DEF[3,4]=[234.061429287882, 259976.882666023, 577523428.1562364]
DEF[3,5]=[0.05540309110583785, 123.0747240976802, 546806.5918121318]
DEF[3,6]=[0.02678122949463829, 118.985867584632, 1057280.561947464]
DEF[3,7]=[0.01516768352339887, 134.7764846749892, 2395184.576909889]
DEF[3,8]=[0.01402013695346875, 249.1593090448397, 8855885.144309167]
DEF[3,9]=[0.005853946682843732, 208.0671987047614, 14790691.31385266]
DEF[3,10]=[0.00213043914318709, 151.4446675208104, 21531229.7409048]
read and closed dataset: mat_04_DEF
DEF[4,0]=[0.2365401200038285, 16.42062598992096, 2279.841220140615]
DEF[4,1]=[0.1588402676738195, 22.05339734814127, 6123.791425405237]
DEF[4,2]=[0.07536900829470342, 20.92848006365338, 11622.84837454914]
DEF[4,3]=[0.03569480980087993, 19.82348268064218, 22018.35324417575]
DEF[4,4]=[0.03541107729858307, 39.33181778792044, 87373.33108835274]
DEF[4,5]=[0.02393783635436473, 53.17650235761705, 236256.9750355949]
DEF[4,6]=[0.02037355880299789, 90.51733679540551, 804315.8625116833]
DEF[4,7]=[0.01938458068085195, 172.2468455406228, 3061090.28481613]
DEF[4,8]=[0.02008467813706338, 356.9354952542449, 12686580.97510553]
DEF[4,9]=[0.006853024907587366, 243.5774994935537, 17314981.06590701]
DEF[4,10]=[0.002965610576455967, 210.8137701017314, 29971868.87404233]
read and closed dataset: mat_05_DEF
DEF[5,0]=[0.169929878706983, 11.79653998110274, 1637.832694104512]
DEF[5,1]=[0.1155611855238518, 16.04452560866484, 4455.246817348874]
DEF[5,2]=[0.05347885806159263, 14.85001912712768, 8247.112076405119]
DEF[5,3]=[0.03446729594866543, 19.14177013684757, 21261.16098678735]
DEF[5,4]=[0.01065298899745405, 11.83249576429435, 26285.19677350726]
DEF[5,5]=[0.003414629022742783, 7.585398512642142, 33701.03763094962]
DEF[5,6]=[0.001534623139215896, 6.818150961725335, 60584.49315527511]
DEF[5,7]=[0.0005185400129063532, 4.607625152188111, 81884.55669634361]
DEF[5,8]=[0.0002051246610392528, 3.645379426907256, 129567.9524713582]
DEF[5,9]=[0.0001116982834097587, 3.970099180662356, 282218.9746009806]
DEF[5,10]=[4.337583480789613e-05, 3.083420102342039, 438376.7860438391]
read and closed dataset: mat_06_DEF
DEF[6,0]=[7.802156282370684, 541.6260473092159, 75199.41013913348]
DEF[6,1]=[5.034835511524991, 699.0370247058821, 194108.729387922]
DEF[6,2]=[2.42779510083332, 674.1505894273015, 374396.5189394955]
DEF[6,3]=[1.248733602182671, 693.4971519303033, 770281.6659931412]
DEF[6,4]=[0.5430810908809721, 603.211428177876, 1339998.881176813]
DEF[6,5]=[2.45343527925058, 5450.162871029103, 24214435.62987942]
DEF[6,6]=[0.4601523362610855, 2044.402963728088, 18166086.09253583]
DEF[6,7]=[0.2419639646921425, 2150.035140759746, 38209417.77328958]
DEF[6,8]=[0.1153149286286844, 2049.322915677326, 72839214.53471799]
DEF[6,9]=[0.06160591725376645, 2189.66302925084, 155654664.2075956]
DEF[6,10]=[0.02414864537655372, 1716.633672370039, 244057678.5293114]
read and closed dataset: mat_07_DEF
DEF[7,0]=[0.4873760197509073, 33.83366566591938, 4697.469247577117]
DEF[7,1]=[0.347227381991873, 48.20908159728406, 13386.70663080361]
DEF[7,2]=[0.1633136284193689, 45.34895832957184, 25185.01415321368]
DEF[7,3]=[0.06721559583826109, 37.32887799099483, 41461.95878169657]
DEF[7,4]=[234.061429287882, 259976.882666023, 577523428.1562364]
DEF[7,5]=[0.05540309110583785, 123.0747240976802, 546806.5918121318]
DEF[7,6]=[0.02678122949463829, 118.985867584632, 1057280.561947464]
DEF[7,7]=[0.01516768352339887, 134.7764846749892, 2395184.576909889]
DEF[7,8]=[0.01402013695346875, 249.1593090448397, 8855885.144309167]
DEF[7,9]=[0.005853946682843732, 208.0671987047614, 14790691.31385266]
DEF[7,10]=[0.00213043914318709, 151.4446675208104, 21531229.7409048]
closed file sim_mats.h5
bn_ixyz checked
checked adj_bn against mat_bn.
adj_bn filled
adj_bn double checked
K_bn calculated
bn_mask_raw filled
bn_mask double checked
Nbl = 496145
separated non-rigid bn
ABC nodes
max_in = 2.5037753351790007e+05, pow2 = 2, norm1 = 4.0000000000000000e+00, inv_infac = 1.5975874287914216e-05, infac = 6.2594383379475024e+04
ENGINE: fcc_flag=0
fcc=false
Air update: 57.693386s, 4656.94 Mvox/s
Boundary loop: 11.110593s, 1088.10 Mvox/s
Combined (total): 89.898185s, 2988.66 Mvox/s
wrote output dataset
RAW OUTPUTS
receiver 0
sample 12739: -9.9833744253036283e+00
sample 12740: -6.3383867389838733e-01
sample 12741: 6.9127205070018825e+00
sample 12742: -1.2184046135387623e+01
sample 12743: 2.0829732975811467e+01
receiver 1
sample 12739: 1.2262376097560704e+01
sample 12740: -4.6823769725433477e+00
sample 12741: -5.2612747960008877e+00
sample 12742: 1.2335669061606806e+01
sample 12743: -1.1164702550061188e+01
receiver 2
sample 12739: 1.1275912046496625e+01
sample 12740: -8.1724787395641194e-02
sample 12741: -6.2888527035815107e+00
sample 12742: 9.0444220838179596e+00
sample 12743: -1.5338207118112580e+01
receiver 3
sample 12739: 9.6569943199240544e+00
sample 12740: -6.3501365908354324e-01
sample 12741: -1.0113957726378239e+01
sample 12742: 2.2608800724516591e+01
sample 12743: -3.0266075605248655e+01
receiver 4
sample 12739: -1.2578235856883417e+01
sample 12740: 6.2758589640077513e+00
sample 12741: -1.1811499174681934e-01
sample 12742: -4.6322407542135515e+00
sample 12743: 1.1230367072267779e+01
receiver 5
sample 12739: -1.4117520060505827e+01
sample 12740: -3.4089946056659287e-01
sample 12741: 8.7273062985838870e+00
sample 12742: -1.4961664175358338e+01
sample 12743: 2.4580743242589172e+01
receiver 6
sample 12739: -1.2196426396406409e+01
sample 12740: -7.0459080277691899e-01
sample 12741: 1.0370822157380571e+01
sample 12742: -1.8619902237668835e+01
sample 12743: 2.4153832875836443e+01
receiver 7
sample 12739: 1.1398245284649965e+01
sample 12740: -6.3555908656260147e+00
sample 12741: -3.8415779712879718e+00
sample 12742: 1.3906213873133026e+01
sample 12743: -1.9386685576652038e+01
receiver 8
sample 12739: -9.6096138462046437e+00
sample 12740: -7.7516016332808402e+00
sample 12741: 2.9355584366791629e+01
sample 12742: -4.6484924166017024e+01
sample 12743: 5.6519523747752302e+01
receiver 9
sample 12739: 7.2663609058192318e+00
sample 12740: 6.2229232852725493e+00
sample 12741: -2.2866343796552602e+01
sample 12742: 4.1358873794763198e+01
sample 12743: -5.6725419297700675e+01
receiver 10
sample 12739: 6.8521493951707333e+00
sample 12740: 1.1917468267863427e+01
sample 12741: -2.9836194644977567e+01
sample 12742: 4.5916699362618211e+01
sample 12743: -5.9207221048134656e+01
receiver 11
sample 12739: 3.5587420185565399e-01
sample 12740: 1.8359172785676133e+01
sample 12741: -4.1993039702639301e+01
sample 12742: 6.3637746592895212e+01
sample 12743: -7.5269795727870616e+01
receiver 12
sample 12739: -5.8482468283297750e+00
sample 12740: -6.9842455510511128e+00
sample 12741: 2.2996283516721377e+01
sample 12742: -4.4789364252289467e+01
sample 12743: 5.9632135781047602e+01
receiver 13
sample 12739: 1.2324082621347139e+00
sample 12740: -1.5036873502326566e+01
sample 12741: 3.7513335794561357e+01
sample 12742: -5.8015652160883988e+01
sample 12743: 6.9606979460703528e+01
receiver 14
sample 12739: -4.8467787571790794e-01
sample 12740: -2.3940211626225267e+01
sample 12741: 4.4108846748573434e+01
sample 12742: -5.9800706843519976e+01
sample 12743: 7.6359242661137316e+01
receiver 15
sample 12739: 1.6511891902786642e+00
sample 12740: 1.8394549144545632e+01
sample 12741: -3.8534471025709159e+01
sample 12742: 5.5761367928987809e+01
sample 12743: -7.2156602939804415e+01
receiver 16
sample 12739: 4.9618029282716265e+01
sample 12740: -3.7344132344470857e+01
sample 12741: 2.7854581145246680e+01
sample 12742: -2.0300097400321903e+01
sample 12743: 1.0024580954497612e+01
receiver 17
sample 12739: -3.9551989329311247e+01
sample 12740: 3.7069017135549537e+01
sample 12741: -2.6600542225230058e+01
sample 12742: 1.8889350871107709e+01
sample 12743: -1.4665305920400870e+01
receiver 18
sample 12739: -4.0895527348733225e+01
sample 12740: 3.4593993944090329e+01
sample 12741: -2.9921519512045425e+01
sample 12742: 2.4891485618976375e+01
sample 12743: -1.5660169151294262e+01
receiver 19
sample 12739: -4.8342213654151749e+01
sample 12740: 4.2869463986187263e+01
sample 12741: -2.8230701496806606e+01
sample 12742: 1.1110960010646757e+01
sample 12743: -1.7827799444092909e+00
receiver 20
sample 12739: 3.0016531943543161e+01
sample 12740: -3.1959697684680133e+01
sample 12741: 3.0300283824999376e+01
sample 12742: -2.3136978789011078e+01
sample 12743: 1.5928573346348783e+01
receiver 21
sample 12739: 3.5767494808303546e+01
sample 12740: -3.2603440143701505e+01
sample 12741: 2.1444025387785512e+01
sample 12742: -1.0962679215166787e+01
sample 12743: 7.4519422989698265e+00
receiver 22
sample 12739: 4.3486545829977729e+01
sample 12740: -3.7395268050719743e+01
sample 12741: 2.9714660042020288e+01
sample 12742: -1.8124511958177617e+01
sample 12743: 5.4480588585555401e+00
receiver 23
sample 12739: -3.2071454363864312e+01
sample 12740: 2.6693367066386468e+01
sample 12741: -2.1925617612697614e+01
sample 12742: 1.6189755133056355e+01
sample 12743: -8.3153201011798465e+00
receiver 24
sample 12739: 5.8161178544119734e+00
sample 12740: -1.3815943257438228e+01
sample 12741: 1.4314135224402667e+01
sample 12742: -1.4373677995986737e+01
sample 12743: 7.8579818683799658e+00
receiver 25
sample 12739: 5.1089593268681606e+00
sample 12740: -8.5980037327914183e-01
sample 12741: -5.2928570292335166e+00
sample 12742: 5.7498580756055020e+00
sample 12743: 4.9787242445526809e+00
receiver 26
sample 12739: -1.3998944594254226e+00
sample 12740: 7.8093498215895654e+00
sample 12741: -1.7475631145633926e+01
sample 12742: 1.5151755394930147e+01
sample 12743: -3.1914151273877698e+00
receiver 27
sample 12739: -7.7661956116799074e+00
sample 12740: 1.6906486457676106e+01
sample 12741: -2.0323509990212226e+01
sample 12742: 1.6848791964156060e+01
sample 12743: -8.3307030074502482e+00
receiver 28
sample 12739: -1.9926044412258610e+00
sample 12740: 7.6722111255072145e-01
sample 12741: -5.1601626388473976e-01
sample 12742: 6.0256211245698565e-01
sample 12743: 4.6150860533879651e-01
receiver 29
sample 12739: -6.7373122787500259e+00
sample 12740: -2.4541755541072197e-01
sample 12741: 7.3114741378884114e+00
sample 12742: -2.2301791644536411e+00
sample 12743: -5.3747917070887121e+00
receiver 30
sample 12739: 6.1584652296019051e+00
sample 12740: -1.2502408236418855e+01
sample 12741: 1.6877851285642745e+01
sample 12742: -1.7256535001896644e+01
sample 12743: 1.0218420522632711e+01
receiver 31
sample 12739: -1.1386514327295882e+00
sample 12740: -1.9960970976554955e+00
sample 12741: 4.5864324870704056e+00
sample 12742: 3.9153649980719668e-01
sample 12743: -4.3227299656374996e+00
receiver 32
sample 12739: 6.6459302058501679e+00
sample 12740: -3.5537566028996883e+00
sample 12741: 5.9449627652725763e+00
sample 12742: -1.1275009799544625e+01
sample 12743: 1.7505488292620004e+01
receiver 33
sample 12739: -1.6155917655385792e+01
sample 12740: 1.2126530547400831e+01
sample 12741: -9.4454824348568565e+00
sample 12742: 2.1658057148184195e+01
sample 12743: -3.2608374295839987e+01
receiver 34
sample 12739: -1.8490774203862634e+00
sample 12740: 4.9674309733526538e+00
sample 12741: -6.9199829760404272e+00
sample 12742: 8.3182529823630205e+00
sample 12743: -1.2341430457901973e+01
receiver 35
sample 12739: -1.3745876401669841e+01
sample 12740: 1.0646388686273477e+01
sample 12741: -1.2177990262091692e+01
sample 12742: 1.0536427551839822e+01
sample 12743: -1.5443574217113330e+01
receiver 36
sample 12739: 4.8114900902770064e-01
sample 12740: -1.1507533844626998e+01
sample 12741: 2.0819832426036214e+01
sample 12742: -1.9081005961775237e+01
sample 12743: 1.6144227261685042e+01
receiver 37
sample 12739: 1.9655596540897314e+01
sample 12740: -1.9279847046853220e+01
sample 12741: 1.5279356435920327e+01
sample 12742: -1.8744122520229858e+01
sample 12743: 3.2824982626631311e+01
receiver 38
sample 12739: 1.4486759442897110e+01
sample 12740: -1.1032527799979080e+01
sample 12741: 5.1688807898049527e+00
sample 12742: -8.5447319416658942e+00
sample 12743: 1.4759135268163131e+01
receiver 39
sample 12739: -1.2136966370217841e+01
sample 12740: 1.5546568270886853e+01
sample 12741: -1.9104947975393767e+01
sample 12742: 2.0465593481999843e+01
sample 12743: -1.8252803387025509e+01
receiver 40
sample 12739: -3.5430646460733698e+01
sample 12740: 3.1182468945883873e+01
sample 12741: -2.9263771893501044e+01
sample 12742: 2.5299782512683649e+01
sample 12743: -1.2764882296955854e+01
receiver 41
sample 12739: 4.9940582702088875e+01
sample 12740: -3.9835412233099120e+01
sample 12741: 2.5953628121176354e+01
sample 12742: -1.7664384773951600e+01
sample 12743: 1.5880057153893475e+01
receiver 42
sample 12739: 3.4152407722106311e+01
sample 12740: -2.9603749728241066e+01
sample 12741: 2.4641414097527566e+01
sample 12742: -1.5066863243993335e+01
sample 12743: 5.0147912993460064e+00
receiver 43
sample 12739: 2.9946742066874741e+01
sample 12740: -3.1488110495045106e+01
sample 12741: 3.3452622665610505e+01
sample 12742: -2.4452555754581390e+01
sample 12743: 1.0625631641452259e+01
receiver 44
sample 12739: -4.7318250753222742e+01
sample 12740: 3.4370834075280079e+01
sample 12741: -2.0080166441325613e+01
sample 12742: 1.1494241417828134e+01
sample 12743: -8.9152036264198795e+00
receiver 45
sample 12739: -4.9149160495277727e+01
sample 12740: 3.9568888877084326e+01
sample 12741: -3.1144193986637241e+01
sample 12742: 2.0063710220965088e+01
sample 12743: -1.0670756522938667e+01
receiver 46
sample 12739: -3.3869284635767904e+01
sample 12740: 2.9223446539931835e+01
sample 12741: -2.3133177525427151e+01
sample 12742: 1.5794053721960358e+01
sample 12743: -9.7303164328621534e+00
receiver 47
sample 12739: 4.8330027312094188e+01
sample 12740: -3.5681943883680745e+01
sample 12741: 2.1222700117973108e+01
sample 12742: -1.3542197108048027e+01
sample 12743: 8.7236016922632551e+00
sim data freed
--Date and time: Sun Aug 23 18:55:42 2026
