--Date and time: Mon Aug 24 02:22:05 2026
read constant: l
l=0.5767729189204361
read constant: l2
l2=0.332667
read constant: Ts
Ts=7.847250597556954e-05
read constant: fcc_flag
fcc_flag=0
closed file sim_consts.h5
a2 (double): 0.332667
a2 (Real): 0.3326669931411743
a1 (double): 0.003997762058020715
a1 (Real): 0.003997762221843004
sl2 (double): 0.3326670396569966
sl2 (Real): 0.3326670527458191
l2=0.332667
NN=6
read constant: Nx
Nx=451
read constant: Ny
Ny=294
read constant: Nz
Nz=159
Npts=21082446
read constant: Nb
Nb=948636
read and closed dataset: bn_ixyz
read and closed dataset: adj_bn
read and closed dataset: mat_bn
read and closed dataset: saf_bn
closed file vox_out.h5
read constant: Nt
Nt=12744
read constant: Ns
Ns=8
read constant: Nr
Nr=48
read constant: Nr
Nr=48
read constant: diff
diff=1
read and closed dataset: in_ixyz
read and closed dataset: out_ixyz
read and closed dataset: out_reorder
read and closed dataset: in_sigs
closed file comms_out.h5
read constant: Nmat
Nm=8
read and closed dataset: Mb
Mb[0]=11
Mb[1]=11
Mb[2]=11
Mb[3]=11
Mb[4]=11
Mb[5]=11
Mb[6]=11
Mb[7]=11
read and closed dataset: mat_00_DEF
DEF[0,0]=[0.4927449021249079, 34.20637372680105, 4749.216068971031]
DEF[0,1]=[0.9113559866416477, 126.5327488637081, 35135.63694030289]
DEF[0,2]=[0.3802024035287842, 105.5746732303023, 58631.98929956938]
DEF[0,3]=[0.005975241926194749, 3.318412550657397, 3685.829625771584]
DEF[0,4]=[0.00148247242914719, 1.64661286543706, 3657.854102801185]
DEF[0,5]=[0.0008713725082830322, 1.935703024915471, 8600.101942738487]
DEF[0,6]=[0.0005552598732640941, 2.46695461716902, 21920.78115566248]
DEF[0,7]=[8.277321252999886e-05, 0.7355033873721764, 13071.0218028541]
DEF[0,8]=[0.000131622597723555, 2.339135174808259, 83140.03006561362]
DEF[0,9]=[5.81246764274046e-05, 2.065929065482333, 146858.8959436307]
DEF[0,10]=[1.857380653406131e-05, 1.320339970349366, 187715.7096586791]
read and closed dataset: mat_01_DEF
DEF[1,0]=[0.362709100428077, 25.17928240322926, 3495.893880761826]
DEF[1,1]=[0.2459023437939194, 34.14110399047366, 9480.308025572871]
DEF[1,2]=[0.1169756784167993, 32.48182786359359, 18039.11985191963]
DEF[1,3]=[0.05322883780403812, 29.561186912195, 32834.22324097539]
DEF[1,4]=[0.07209436498988685, 80.07670603773252, 177885.7154994824]
DEF[1,5]=[0.05307301439971381, 117.8985950765609, 523809.6564984942]
DEF[1,6]=[0.02310412702264262, 102.6489317499425, 912114.3749840045]
DEF[1,7]=[0.01382255870048944, 122.824020424194, 2182770.978954665]
DEF[1,8]=[0.008451034268542436, 150.1878238459954, 5338135.360676059]
DEF[1,9]=[0.003893270737619835, 138.3787690704192, 9836810.753701152]
DEF[1,10]=[0.001613673454454209, 114.7097961368588, 16308550.27507439]
read and closed dataset: mat_02_DEF
DEF[2,0]=[1.379071827807842, 95.73522959784893, 13291.8880675299]
DEF[2,1]=[0.48872079534597, 67.85404009893114, 18841.72231504092]
DEF[2,2]=[19.94192478525964, 5537.477336404218, 3075295.447293617]
DEF[2,3]=[0.1353694834844873, 75.17884606506742, 83502.70312323057]
DEF[2,4]=[0.06194584434987348, 68.80453373796666, 152845.2445061769]
DEF[2,5]=[0.004855839278049141, 10.78696273944188, 47925.21270961636]
DEF[2,6]=[0.001546680050819468, 6.871718408575727, 61060.48094657972]
DEF[2,7]=[0.0007486371954207925, 6.652214844811538, 118220.0473399079]
DEF[2,8]=[0.0003376161310883348, 5.999955793837603, 213256.8098091642]
DEF[2,9]=[0.0001857976798669831, 6.603818734643434, 469439.8973254063]
DEF[2,10]=[7.153382396822429e-05, 5.085062496154363, 722954.7969162628]
read and closed dataset: mat_03_DEF
DEF[3,0]=[0.4873760197509073, 33.83366566591938, 4697.469247577117]
DEF[3,1]=[0.347227381991873, 48.20908159728406, 13386.70663080361]
DEF[3,2]=[0.1633136284193689, 45.34895832957184, 25185.01415321368]
DEF[3,3]=[0.06721559583826109, 37.32887799099483, 41461.95878169657]
DEF[3,4]=[234.061429287882, 259976.882666023, 577523428.1562364]
DEF[3,5]=[0.05540309110583785, 123.0747240976802, 546806.5918121318]
DEF[3,6]=[0.02678122949463829, 118.985867584632, 1057280.561947464]
DEF[3,7]=[0.01516768352339887, 134.7764846749892, 2395184.576909889]
DEF[3,8]=[0.01402013695346875, 249.1593090448397, 8855885.144309167]
DEF[3,9]=[0.005853946682843732, 208.0671987047614, 14790691.31385266]
DEF[3,10]=[0.00213043914318709, 151.4446675208104, 21531229.7409048]
read and closed dataset: mat_04_DEF
DEF[4,0]=[0.2365401200038285, 16.42062598992096, 2279.841220140615]
DEF[4,1]=[0.1588402676738195, 22.05339734814127, 6123.791425405237]
DEF[4,2]=[0.07536900829470342, 20.92848006365338, 11622.84837454914]
DEF[4,3]=[0.03569480980087993, 19.82348268064218, 22018.35324417575]
DEF[4,4]=[0.03541107729858307, 39.33181778792044, 87373.33108835274]
DEF[4,5]=[0.02393783635436473, 53.17650235761705, 236256.9750355949]
DEF[4,6]=[0.02037355880299789, 90.51733679540551, 804315.8625116833]
DEF[4,7]=[0.01938458068085195, 172.2468455406228, 3061090.28481613]
DEF[4,8]=[0.02008467813706338, 356.9354952542449, 12686580.97510553]
DEF[4,9]=[0.006853024907587366, 243.5774994935537, 17314981.06590701]
DEF[4,10]=[0.002965610576455967, 210.8137701017314, 29971868.87404233]
read and closed dataset: mat_05_DEF
DEF[5,0]=[0.169929878706983, 11.79653998110274, 1637.832694104512]
DEF[5,1]=[0.1155611855238518, 16.04452560866484, 4455.246817348874]
DEF[5,2]=[0.05347885806159263, 14.85001912712768, 8247.112076405119]
DEF[5,3]=[0.03446729594866543, 19.14177013684757, 21261.16098678735]
DEF[5,4]=[0.01065298899745405, 11.83249576429435, 26285.19677350726]
DEF[5,5]=[0.003414629022742783, 7.585398512642142, 33701.03763094962]
DEF[5,6]=[0.001534623139215896, 6.818150961725335, 60584.49315527511]
DEF[5,7]=[0.0005185400129063532, 4.607625152188111, 81884.55669634361]
DEF[5,8]=[0.0002051246610392528, 3.645379426907256, 129567.9524713582]
DEF[5,9]=[0.0001116982834097587, 3.970099180662356, 282218.9746009806]
DEF[5,10]=[4.337583480789613e-05, 3.083420102342039, 438376.7860438391]
read and closed dataset: mat_06_DEF
DEF[6,0]=[7.802156282370684, 541.6260473092159, 75199.41013913348]
DEF[6,1]=[5.034835511524991, 699.0370247058821, 194108.729387922]
DEF[6,2]=[2.42779510083332, 674.1505894273015, 374396.5189394955]
DEF[6,3]=[1.248733602182671, 693.4971519303033, 770281.6659931412]
DEF[6,4]=[0.5430810908809721, 603.211428177876, 1339998.881176813]
DEF[6,5]=[2.45343527925058, 5450.162871029103, 24214435.62987942]
DEF[6,6]=[0.4601523362610855, 2044.402963728088, 18166086.09253583]
DEF[6,7]=[0.2419639646921425, 2150.035140759746, 38209417.77328958]
DEF[6,8]=[0.1153149286286844, 2049.322915677326, 72839214.53471799]
DEF[6,9]=[0.06160591725376645, 2189.66302925084, 155654664.2075956]
DEF[6,10]=[0.02414864537655372, 1716.633672370039, 244057678.5293114]
read and closed dataset: mat_07_DEF
DEF[7,0]=[0.4873760197509073, 33.83366566591938, 4697.469247577117]
DEF[7,1]=[0.347227381991873, 48.20908159728406, 13386.70663080361]
DEF[7,2]=[0.1633136284193689, 45.34895832957184, 25185.01415321368]
DEF[7,3]=[0.06721559583826109, 37.32887799099483, 41461.95878169657]
DEF[7,4]=[234.061429287882, 259976.882666023, 577523428.1562364]
DEF[7,5]=[0.05540309110583785, 123.0747240976802, 546806.5918121318]
DEF[7,6]=[0.02678122949463829, 118.985867584632, 1057280.561947464]
DEF[7,7]=[0.01516768352339887, 134.7764846749892, 2395184.576909889]
DEF[7,8]=[0.01402013695346875, 249.1593090448397, 8855885.144309167]
DEF[7,9]=[0.005853946682843732, 208.0671987047614, 14790691.31385266]
DEF[7,10]=[0.00213043914318709, 151.4446675208104, 21531229.7409048]
closed file sim_mats.h5
bn_ixyz checked
checked adj_bn against mat_bn.
adj_bn filled
adj_bn double checked
K_bn calculated
bn_mask_raw filled
bn_mask double checked
Nbl = 496145
separated non-rigid bn
ABC nodes
max_in = 2.5037753351790007e+05, pow2 = 2, norm1 = 4.0000000000000000e+00, inv_infac = 1.5975874287914216e-05, infac = 6.2594383379475024e+04
gid=0, Nx[0]=451, Nx=451
Nxcc[0]=451
gid=0, Nb[0]=948636, Nb=948636
gid=0, Nbl[0]=496145, Nbl=496145
gid=0, Nba[0]=491306, Nbl=491306
gid=0, Ns[0]=8, Ns=8
gid=0, Nr[0]=48, Nr=48
Device Number: 0 [NVIDIA GeForce RTX 4090]
  Compute: 8.9
  Peak Memory Bandwidth: 1008.096 GB/s
  Total global memory: [ 25.251 GB | 23.516 GiB | 24080 MiB ]
  Registers per block: 65536
  Concurrent Kernels: 1
  Async Engine: 2
a1 = 0.003997762221843004
a2 = 0.3326669931411743
GPU 0 -- Nx=451 Ns=8 Nr=48 Nb=948636 Nbl=496145 Nba=491306
---------
GPU 0
---------
Nx to read = 451
Nb to read = 948636
Nbl to read = 496145
Nba to read = 491306
Ns to read = 8
Nr to read = 48
Nx=451 Ns=8 Nr=48 Nb=948636, Npts=21082446
Nx_read = 451
Nb_read = 948636
Nbl_read = 496145
Ns_read = 8
Nr_read = 48
Global memory allocation done
Constant memory loaded
Boundary loop: 3.361969s, 3595.93 Mvox/s
Air update: 4.872537s, 55140.62 Mvox/s
Combined (total): 8.627953s, 31140.03 Mvox/s
wrote output dataset
RAW OUTPUTS
receiver 0
sample 12739: -1.0045770929552530e+01
sample 12740: -5.7883798640466033e-01
sample 12741: 6.8546959880537495e+00
sample 12742: -1.2133568197243314e+01
sample 12743: 2.0776562081103350e+01
receiver 1
sample 12739: 1.2308899387762064e+01
sample 12740: -4.7388111897593115e+00
sample 12741: -5.2088269030650451e+00
sample 12742: 1.2285593915002137e+01
sample 12743: -1.1129012691863471e+01
receiver 2
sample 12739: 1.1331526920902288e+01
sample 12740: -1.4587082504144033e-01
sample 12741: -6.2392478761704915e+00
sample 12742: 8.9878813607586334e+00
sample 12743: -1.5290222797251106e+01
receiver 3
sample 12739: 9.7254659625751749e+00
sample 12740: -7.1187130600303883e-01
sample 12741: -1.0042763242885867e+01
sample 12742: 2.2537346748681308e+01
sample 12743: -3.0215367813953314e+01
receiver 4
sample 12739: -1.2629013072425670e+01
sample 12740: 6.3255007149126055e+00
sample 12741: -1.7485113453342527e-01
sample 12742: -4.5831615830231032e+00
sample 12743: 1.1174367550189704e+01
receiver 5
sample 12739: -1.4193322566870320e+01
sample 12740: -2.7237835779324709e-01
sample 12741: 8.6579139043324655e+00
sample 12742: -1.4901152749349107e+01
sample 12743: 2.4518736397837948e+01
receiver 6
sample 12739: -1.2276910608826089e+01
sample 12740: -6.3359072697901964e-01
sample 12741: 1.0293564414860244e+01
sample 12742: -1.8557567007016537e+01
sample 12743: 2.4093073132447589e+01
receiver 7
sample 12739: 1.1457205777112575e+01
sample 12740: -6.4289958325028786e+00
sample 12741: -3.7710656884900802e+00
sample 12742: 1.3834745652384411e+01
sample 12743: -1.9330074294114702e+01
receiver 8
sample 12739: -9.7082860781960232e+00
sample 12740: -7.6555608781652182e+00
sample 12741: 2.9257099895896271e+01
sample 12742: -4.6414875683051122e+01
sample 12743: 5.6464429448075080e+01
receiver 9
sample 12739: 7.3385099876919986e+00
sample 12740: 6.1370297957415332e+00
sample 12741: -2.2792939998049182e+01
sample 12742: 4.1287405702364374e+01
sample 12743: -5.6686848879029895e+01
receiver 10
sample 12739: 6.9652658186482572e+00
sample 12740: 1.1797533447998658e+01
sample 12741: -2.9733380104977289e+01
sample 12742: 4.5820523277769908e+01
sample 12743: -5.9140581965076962e+01
receiver 11
sample 12739: 4.6526900853249403e-01
sample 12740: 1.8239169397967711e+01
sample 12741: -4.1891395092785899e+01
sample 12742: 6.3553129743785632e+01
sample 12743: -7.5227406334013338e+01
receiver 12
sample 12739: -5.9492839276263867e+00
sample 12740: -6.8944458191530540e+00
sample 12741: 2.2895685926577272e+01
sample 12742: -4.4709406217136760e+01
sample 12743: 5.9573189689324579e+01
receiver 13
sample 12739: 1.1344208255152735e+00
sample 12740: -1.4944425363059958e+01
sample 12741: 3.7416055706550523e+01
sample 12742: -5.7953327256626388e+01
sample 12743: 6.9563686406280738e+01
receiver 14
sample 12739: -6.2805577967120518e-01
sample 12740: -2.3809277583087813e+01
sample 12741: 4.3988250033466784e+01
sample 12742: -5.9708715941220298e+01
sample 12743: 7.6282541437489243e+01
receiver 15
sample 12739: 1.7631037379151275e+00
sample 12740: 1.8273975492124759e+01
sample 12741: -3.8435929281789029e+01
sample 12742: 5.5671985078675299e+01
sample 12743: -7.2100942459192282e+01
receiver 16
sample 12739: 4.9541703905136465e+01
sample 12740: -3.7295132493007301e+01
sample 12741: 2.7804731544062079e+01
sample 12742: -2.0270072018604225e+01
sample 12743: 9.9903181867966655e+00
receiver 17
sample 12739: -3.9452753270425475e+01
sample 12740: 3.6985867248137751e+01
sample 12741: -2.6540674254036755e+01
sample 12742: 1.8822817280624260e+01
sample 12743: -1.4613095247865369e+01
receiver 18
sample 12739: -4.0823165348631619e+01
sample 12740: 3.4524140383112297e+01
sample 12741: -2.9871504152867356e+01
sample 12742: 2.4844900068824991e+01
sample 12743: -1.5634538248944777e+01
receiver 19
sample 12739: -4.8289879574509477e+01
sample 12740: 4.2829035490475505e+01
sample 12741: -2.8219311365672922e+01
sample 12742: 1.1094342317062365e+01
sample 12743: -1.7714775766335749e+00
receiver 20
sample 12739: 2.9908396135112433e+01
sample 12740: -3.1871703229542657e+01
sample 12741: 3.0219951302538007e+01
sample 12742: -2.3079448112791553e+01
sample 12743: 1.5865753022859407e+01
receiver 21
sample 12739: 3.5684670219727636e+01
sample 12740: -3.2550682573899117e+01
sample 12741: 2.1395537074504876e+01
sample 12742: -1.0923696632362308e+01
sample 12743: 7.4030313338558926e+00
receiver 22
sample 12739: 4.3424109303339996e+01
sample 12740: -3.7356681676362804e+01
sample 12741: 2.9680393082332465e+01
sample 12742: -1.8111655142413593e+01
sample 12743: 5.4296154245781088e+00
receiver 23
sample 12739: -3.2000846117368120e+01
sample 12740: 2.6624659941926861e+01
sample 12741: -2.1874635509675130e+01
sample 12742: 1.6138248341817416e+01
sample 12743: -8.2781647703190142e+00
receiver 24
sample 12739: 5.8799235943587203e+00
sample 12740: -1.3900882878665405e+01
sample 12741: 1.4398106679365627e+01
sample 12742: -1.4471080882060910e+01
sample 12743: 7.9606370403636628e+00
receiver 25
sample 12739: 5.0058126074059972e+00
sample 12740: -7.6967477176465626e-01
sample 12741: -5.3929839506269941e+00
sample 12742: 5.8522864880605381e+00
sample 12743: 4.8607163191797751e+00
receiver 26
sample 12739: -1.4804977823732379e+00
sample 12740: 7.8750709962147249e+00
sample 12741: -1.7559579771943575e+01
sample 12742: 1.5245424479371065e+01
sample 12743: -3.2981374742404759e+00
receiver 27
sample 12739: -7.8504538733033753e+00
sample 12740: 1.6988341557108537e+01
sample 12741: -2.0427619419153270e+01
sample 12742: 1.6955096690978944e+01
sample 12743: -8.4548121653299884e+00
receiver 28
sample 12739: -1.8980670732875304e+00
sample 12740: 6.6396516288791640e-01
sample 12741: -4.2069237319106684e-01
sample 12742: 5.0035120960076040e-01
sample 12743: 5.5448376281619638e-01
receiver 29
sample 12739: -6.6327178727227984e+00
sample 12740: -3.4911054633794930e-01
sample 12741: 7.4158395064977167e+00
sample 12742: -2.3553734431468776e+00
sample 12743: -5.2639089224795015e+00
receiver 30
sample 12739: 6.2352341356203231e+00
sample 12740: -1.2592863447731572e+01
sample 12741: 1.6965912339519214e+01
sample 12742: -1.7364896276482380e+01
sample 12743: 1.0329335118399486e+01
receiver 31
sample 12739: -1.2522485674728392e+00
sample 12740: -1.8866997802174297e+00
sample 12741: 4.4743178475931407e+00
sample 12742: 4.8807316222846975e-01
sample 12743: -4.4353486305075647e+00
receiver 32
sample 12739: 6.5627846033820463e+00
sample 12740: -3.4774992563703671e+00
sample 12741: 5.8582963961849028e+00
sample 12742: -1.1200592355404707e+01
sample 12743: 1.7424742136377347e+01
receiver 33
sample 12739: -1.6044345121393498e+01
sample 12740: 1.2021085998945395e+01
sample 12741: -9.3425670464619870e+00
sample 12742: 2.1540651124660233e+01
sample 12743: -3.2521126723820402e+01
receiver 34
sample 12739: -1.7695152250398452e+00
sample 12740: 4.8805277016752182e+00
sample 12741: -6.8462281021977089e+00
sample 12742: 8.2364961954391731e+00
sample 12743: -1.2270633816330635e+01
receiver 35
sample 12739: -1.3678952583912890e+01
sample 12740: 1.0566332083398304e+01
sample 12741: -1.2112747572825805e+01
sample 12742: 1.0469052274702635e+01
sample 12743: -1.5379061590701475e+01
receiver 36
sample 12739: 3.5786501408905336e-01
sample 12740: -1.1390215067364995e+01
sample 12741: 2.0707849830532030e+01
sample 12742: -1.8993064005069925e+01
sample 12743: 1.6047797311722590e+01
receiver 37
sample 12739: 1.9537755878229227e+01
sample 12740: -1.9183442737603603e+01
sample 12741: 1.5179162464152055e+01
sample 12742: -1.8647772102707972e+01
sample 12743: 3.2727285336370215e+01
receiver 38
sample 12739: 1.4405095770762754e+01
sample 12740: -1.0972268677032169e+01
sample 12741: 5.0985020960057676e+00
sample 12742: -8.4772851045910258e+00
sample 12743: 1.4691929976306660e+01
receiver 39
sample 12739: -1.2028519594004949e+01
sample 12740: 1.5434790326510035e+01
sample 12741: -1.9008541476856710e+01
sample 12742: 2.0371854248618284e+01
sample 12743: -1.8175352152892046e+01
receiver 40
sample 12739: -3.5407547690513226e+01
sample 12740: 3.1160522873968777e+01
sample 12741: -2.9261592297664894e+01
sample 12742: 2.5304456738475373e+01
sample 12743: -1.2792888274087170e+01
receiver 41
sample 12739: 4.9910507136462662e+01
sample 12740: -3.9835787905894605e+01
sample 12741: 2.5957609327003063e+01
sample 12742: -1.7677546307437130e+01
sample 12743: 1.5890131498312650e+01
receiver 42
sample 12739: 3.4123591574649026e+01
sample 12740: -2.9594904461977187e+01
sample 12741: 2.4635874043305257e+01
sample 12742: -1.5082418245934884e+01
sample 12743: 5.0222715396359465e+00
receiver 43
sample 12739: 2.9922587461056295e+01
sample 12740: -3.1476149622072725e+01
sample 12741: 3.3451028385616610e+01
sample 12742: -2.4480279544092774e+01
sample 12743: 1.0649587255023521e+01
receiver 44
sample 12739: -4.7302644227205533e+01
sample 12740: 3.4366771512722750e+01
sample 12741: -2.0092398075176128e+01
sample 12742: 1.1497938890391366e+01
sample 12743: -8.9287241171931608e+00
receiver 45
sample 12739: -4.9137293015671787e+01
sample 12740: 3.9563809960051884e+01
sample 12741: -3.1162246236528841e+01
sample 12742: 2.0084497204750129e+01
sample 12743: -1.0699885394857928e+01
receiver 46
sample 12739: -3.3857650862975490e+01
sample 12740: 2.9212886355375407e+01
sample 12741: -2.3145529776114746e+01
sample 12742: 1.5803136302019558e+01
sample 12743: -9.7531991654643129e+00
receiver 47
sample 12739: 4.8310170073657453e+01
sample 12740: -3.5695403890133448e+01
sample 12741: 2.1232819586275639e+01
sample 12742: -1.3562282213812027e+01
sample 12743: 8.7390057640759959e+00
sim data freed
--Date and time: Mon Aug 24 02:22:14 2026
