--Date and time: Sun Aug 23 21:18:02 2026
read constant: l
l=0.999
read constant: l2
l2=0.998001
read constant: Ts
Ts=0.0001853432282003711
read constant: fcc_flag
fcc_flag=2
closed file sim_consts.h5
a2 (double): 0.24950025
a2 (Real): 0.2495002448558807
a1 (double): -0.9940033569129693
a1 (Real): -0.9940033555030823
sl2 (double): 0.2495002797427474
sl2 (Real): 0.2495002746582031
l2=0.998001
NN=12
read constant: Nx
Nx=334
read constant: Ny
Ny=110
read constant: Nz
Nz=120
Npts=4408800
read constant: Nb
Nb=276833
read and closed dataset: bn_ixyz
read and closed dataset: adj_bn
read and closed dataset: mat_bn
read and closed dataset: saf_bn
closed file vox_out.h5
read constant: Nt
Nt=5396
read constant: Ns
Ns=8
read constant: Nr
Nr=48
read constant: Nr
Nr=48
read constant: diff
diff=1
read and closed dataset: in_ixyz
read and closed dataset: out_ixyz
read and closed dataset: out_reorder
read and closed dataset: in_sigs
closed file comms_out.h5
read constant: Nmat
Nm=8
read and closed dataset: Mb
Mb[0]=11
Mb[1]=11
Mb[2]=11
Mb[3]=11
Mb[4]=11
Mb[5]=11
Mb[6]=11
Mb[7]=11
read and closed dataset: mat_00_DEF
DEF[0,0]=[0.4927449021249079, 34.20637372680105, 4749.216068971031]
DEF[0,1]=[0.9113559866416477, 126.5327488637081, 35135.63694030289]
DEF[0,2]=[0.3802024035287842, 105.5746732303023, 58631.98929956938]
DEF[0,3]=[0.005975241926194749, 3.318412550657397, 3685.829625771584]
DEF[0,4]=[0.00148247242914719, 1.64661286543706, 3657.854102801185]
DEF[0,5]=[0.0008713725082830322, 1.935703024915471, 8600.101942738487]
DEF[0,6]=[0.0005552598732640941, 2.46695461716902, 21920.78115566248]
DEF[0,7]=[8.277321252999886e-05, 0.7355033873721764, 13071.0218028541]
DEF[0,8]=[0.000131622597723555, 2.339135174808259, 83140.03006561362]
DEF[0,9]=[5.81246764274046e-05, 2.065929065482333, 146858.8959436307]
DEF[0,10]=[1.857380653406131e-05, 1.320339970349366, 187715.7096586791]
read and closed dataset: mat_01_DEF
DEF[1,0]=[0.362709100428077, 25.17928240322926, 3495.893880761826]
DEF[1,1]=[0.2459023437939194, 34.14110399047366, 9480.308025572871]
DEF[1,2]=[0.1169756784167993, 32.48182786359359, 18039.11985191963]
DEF[1,3]=[0.05322883780403812, 29.561186912195, 32834.22324097539]
DEF[1,4]=[0.07209436498988685, 80.07670603773252, 177885.7154994824]
DEF[1,5]=[0.05307301439971381, 117.8985950765609, 523809.6564984942]
DEF[1,6]=[0.02310412702264262, 102.6489317499425, 912114.3749840045]
DEF[1,7]=[0.01382255870048944, 122.824020424194, 2182770.978954665]
DEF[1,8]=[0.008451034268542436, 150.1878238459954, 5338135.360676059]
DEF[1,9]=[0.003893270737619835, 138.3787690704192, 9836810.753701152]
DEF[1,10]=[0.001613673454454209, 114.7097961368588, 16308550.27507439]
read and closed dataset: mat_02_DEF
DEF[2,0]=[1.379071827807842, 95.73522959784893, 13291.8880675299]
DEF[2,1]=[0.48872079534597, 67.85404009893114, 18841.72231504092]
DEF[2,2]=[19.94192478525964, 5537.477336404218, 3075295.447293617]
DEF[2,3]=[0.1353694834844873, 75.17884606506742, 83502.70312323057]
DEF[2,4]=[0.06194584434987348, 68.80453373796666, 152845.2445061769]
DEF[2,5]=[0.004855839278049141, 10.78696273944188, 47925.21270961636]
DEF[2,6]=[0.001546680050819468, 6.871718408575727, 61060.48094657972]
DEF[2,7]=[0.0007486371954207925, 6.652214844811538, 118220.0473399079]
DEF[2,8]=[0.0003376161310883348, 5.999955793837603, 213256.8098091642]
DEF[2,9]=[0.0001857976798669831, 6.603818734643434, 469439.8973254063]
DEF[2,10]=[7.153382396822429e-05, 5.085062496154363, 722954.7969162628]
read and closed dataset: mat_03_DEF
DEF[3,0]=[0.4873760197509073, 33.83366566591938, 4697.469247577117]
DEF[3,1]=[0.347227381991873, 48.20908159728406, 13386.70663080361]
DEF[3,2]=[0.1633136284193689, 45.34895832957184, 25185.01415321368]
DEF[3,3]=[0.06721559583826109, 37.32887799099483, 41461.95878169657]
DEF[3,4]=[234.061429287882, 259976.882666023, 577523428.1562364]
DEF[3,5]=[0.05540309110583785, 123.0747240976802, 546806.5918121318]
DEF[3,6]=[0.02678122949463829, 118.985867584632, 1057280.561947464]
DEF[3,7]=[0.01516768352339887, 134.7764846749892, 2395184.576909889]
DEF[3,8]=[0.01402013695346875, 249.1593090448397, 8855885.144309167]
DEF[3,9]=[0.005853946682843732, 208.0671987047614, 14790691.31385266]
DEF[3,10]=[0.00213043914318709, 151.4446675208104, 21531229.7409048]
read and closed dataset: mat_04_DEF
DEF[4,0]=[0.2365401200038285, 16.42062598992096, 2279.841220140615]
DEF[4,1]=[0.1588402676738195, 22.05339734814127, 6123.791425405237]
DEF[4,2]=[0.07536900829470342, 20.92848006365338, 11622.84837454914]
DEF[4,3]=[0.03569480980087993, 19.82348268064218, 22018.35324417575]
DEF[4,4]=[0.03541107729858307, 39.33181778792044, 87373.33108835274]
DEF[4,5]=[0.02393783635436473, 53.17650235761705, 236256.9750355949]
DEF[4,6]=[0.02037355880299789, 90.51733679540551, 804315.8625116833]
DEF[4,7]=[0.01938458068085195, 172.2468455406228, 3061090.28481613]
DEF[4,8]=[0.02008467813706338, 356.9354952542449, 12686580.97510553]
DEF[4,9]=[0.006853024907587366, 243.5774994935537, 17314981.06590701]
DEF[4,10]=[0.002965610576455967, 210.8137701017314, 29971868.87404233]
read and closed dataset: mat_05_DEF
DEF[5,0]=[0.169929878706983, 11.79653998110274, 1637.832694104512]
DEF[5,1]=[0.1155611855238518, 16.04452560866484, 4455.246817348874]
DEF[5,2]=[0.05347885806159263, 14.85001912712768, 8247.112076405119]
DEF[5,3]=[0.03446729594866543, 19.14177013684757, 21261.16098678735]
DEF[5,4]=[0.01065298899745405, 11.83249576429435, 26285.19677350726]
DEF[5,5]=[0.003414629022742783, 7.585398512642142, 33701.03763094962]
DEF[5,6]=[0.001534623139215896, 6.818150961725335, 60584.49315527511]
DEF[5,7]=[0.0005185400129063532, 4.607625152188111, 81884.55669634361]
DEF[5,8]=[0.0002051246610392528, 3.645379426907256, 129567.9524713582]
DEF[5,9]=[0.0001116982834097587, 3.970099180662356, 282218.9746009806]
DEF[5,10]=[4.337583480789613e-05, 3.083420102342039, 438376.7860438391]
read and closed dataset: mat_06_DEF
DEF[6,0]=[7.802156282370684, 541.6260473092159, 75199.41013913348]
DEF[6,1]=[5.034835511524991, 699.0370247058821, 194108.729387922]
DEF[6,2]=[2.42779510083332, 674.1505894273015, 374396.5189394955]
DEF[6,3]=[1.248733602182671, 693.4971519303033, 770281.6659931412]
DEF[6,4]=[0.5430810908809721, 603.211428177876, 1339998.881176813]
DEF[6,5]=[2.45343527925058, 5450.162871029103, 24214435.62987942]
DEF[6,6]=[0.4601523362610855, 2044.402963728088, 18166086.09253583]
DEF[6,7]=[0.2419639646921425, 2150.035140759746, 38209417.77328958]
DEF[6,8]=[0.1153149286286844, 2049.322915677326, 72839214.53471799]
DEF[6,9]=[0.06160591725376645, 2189.66302925084, 155654664.2075956]
DEF[6,10]=[0.02414864537655372, 1716.633672370039, 244057678.5293114]
read and closed dataset: mat_07_DEF
DEF[7,0]=[0.4873760197509073, 33.83366566591938, 4697.469247577117]
DEF[7,1]=[0.347227381991873, 48.20908159728406, 13386.70663080361]
DEF[7,2]=[0.1633136284193689, 45.34895832957184, 25185.01415321368]
DEF[7,3]=[0.06721559583826109, 37.32887799099483, 41461.95878169657]
DEF[7,4]=[234.061429287882, 259976.882666023, 577523428.1562364]
DEF[7,5]=[0.05540309110583785, 123.0747240976802, 546806.5918121318]
DEF[7,6]=[0.02678122949463829, 118.985867584632, 1057280.561947464]
DEF[7,7]=[0.01516768352339887, 134.7764846749892, 2395184.576909889]
DEF[7,8]=[0.01402013695346875, 249.1593090448397, 8855885.144309167]
DEF[7,9]=[0.005853946682843732, 208.0671987047614, 14790691.31385266]
DEF[7,10]=[0.00213043914318709, 151.4446675208104, 21531229.7409048]
closed file sim_mats.h5
bn_ixyz checked
checked adj_bn against mat_bn.
adj_bn filled
adj_bn double checked
K_bn calculated
bn_mask_raw filled
bn_mask double checked
Nbl = 150480
separated non-rigid bn
ABC nodes
sorted ABC nodes for FCC/GPU
max_in = 3.0677612681832255e+04, pow2 = 2, norm1 = 4.0000000000000000e+00, inv_infac = 1.3038824244524284e-04, infac = 7.6694031704580630e+03
ENGINE: fcc_flag=2
fcc=true
Air update: 6.998554s, 3399.26 Mvox/s
Boundary loop: 1.427871s, 1046.17 Mvox/s
Combined (total): 11.106764s, 2141.93 Mvox/s
wrote output dataset
RAW OUTPUTS
receiver 0
sample 5391: -6.7716685050835736e+02
sample 5392: 5.1767502052076475e+02
sample 5393: -3.4451188511930621e+02
sample 5394: 1.6543707517024035e+02
sample 5395: 1.1391353056586830e+01
receiver 1
sample 5391: -4.0539596024842757e+02
sample 5392: 2.5593055040265992e+02
sample 5393: -8.9323652884273372e+01
sample 5394: -9.2545519584051704e+01
sample 5395: 2.8621317744959669e+02
receiver 2
sample 5391: -7.9372186684998928e+02
sample 5392: 7.3630693828981646e+02
sample 5393: -6.6087323565115855e+02
sample 5394: 5.7055388487427422e+02
sample 5395: -4.7095912477486104e+02
receiver 3
sample 5391: 1.7394285982774659e+02
sample 5392: -2.6058844030107849e+02
sample 5393: 3.4667446257248110e+02
sample 5394: -4.2552522729695670e+02
sample 5395: 4.9064680226153064e+02
receiver 4
sample 5391: -2.4451399169187556e+02
sample 5392: 1.9456860085508220e+02
sample 5393: -1.3549578291209346e+02
sample 5394: 6.6562005201899268e+01
sample 5395: 7.7221371096658338e+00
receiver 5
sample 5391: 4.1504078941016735e+02
sample 5392: -5.2213360084467945e+02
sample 5393: 6.1163279957946099e+02
sample 5394: -6.8437690865093907e+02
sample 5395: 7.4764627025463119e+02
receiver 6
sample 5391: -2.5359980906734155e+01
sample 5392: 6.2582742119478922e+01
sample 5393: -9.4192973499251892e+01
sample 5394: 1.1366385611044338e+02
sample 5395: -1.1527901078912168e+02
receiver 7
sample 5391: 4.7992528426447279e+02
sample 5392: -4.8337497415047449e+02
sample 5393: 4.7109086451798566e+02
sample 5394: -4.4808737969493092e+02
sample 5395: 4.1987481800222361e+02
receiver 8
sample 5391: -2.3831305754753417e-02
sample 5392: 2.6528571141147477e+01
sample 5393: -7.3064072936854942e+01
sample 5394: 1.3248045418738513e+02
sample 5395: -1.9575197288294575e+02
receiver 9
sample 5391: -3.1092902179649252e+02
sample 5392: 2.9707849204764045e+02
sample 5393: -2.8650517054756534e+02
sample 5394: 2.8472184127271112e+02
sample 5395: -2.9654667604709357e+02
receiver 10
sample 5391: 1.4245918974207603e+02
sample 5392: -1.5803502156598051e+02
sample 5393: 1.8094455146705187e+02
sample 5394: -2.0231747483275123e+02
sample 5395: 2.1319471772026688e+02
receiver 11
sample 5391: 3.5676428121571428e+02
sample 5392: -2.4867980750748444e+02
sample 5393: 1.1941712011678973e+02
sample 5394: 2.6160865547130140e+01
sample 5395: -1.8192331404568816e+02
receiver 12
sample 5391: 1.4354984967572156e+02
sample 5392: -1.6546841728652916e+02
sample 5393: 1.8334616612709124e+02
sample 5394: -1.9577610088404504e+02
sample 5395: 1.9954839743009697e+02
receiver 13
sample 5391: 3.1471741796198722e+02
sample 5392: -2.4408983028948384e+02
sample 5393: 1.5097834551209198e+02
sample 5394: -3.1990436678326638e+01
sample 5395: -1.1071266158403891e+02
receiver 14
sample 5391: 4.6114627101339971e+02
sample 5392: -3.9090395994814759e+02
sample 5393: 3.1778111697190701e+02
sample 5394: -2.3507650048629614e+02
sample 5395: 1.3952594479138574e+02
receiver 15
sample 5391: 6.2306001518119865e+02
sample 5392: -5.2172783900736522e+02
sample 5393: 4.2027280859466038e+02
sample 5394: -3.2062944964400992e+02
sample 5395: 2.1945979819990200e+02
receiver 16
sample 5391: 4.9001755999248343e+02
sample 5392: -4.7751879829100841e+02
sample 5393: 4.6290582942157005e+02
sample 5394: -4.4243594185308172e+02
sample 5395: 4.1325500305053566e+02
receiver 17
sample 5391: -8.2769569235994618e+02
sample 5392: 6.9288425041449614e+02
sample 5393: -5.2644624176111620e+02
sample 5394: 3.3858813942846092e+02
sample 5395: -1.4099865283716801e+02
receiver 18
sample 5391: 5.3873486557261469e+02
sample 5392: -5.3958427406602073e+02
sample 5393: 5.3188028474166958e+02
sample 5394: -5.0920407789681752e+02
sample 5395: 4.6790311129755906e+02
receiver 19
sample 5391: 4.4594277324553519e+02
sample 5392: -2.9670664369440539e+02
sample 5393: 1.2905373518697709e+02
sample 5394: 5.5858979624866876e+01
sample 5395: -2.5264988509274266e+02
receiver 20
sample 5391: -7.8007436087356052e+02
sample 5392: 6.4662780095121809e+02
sample 5393: -4.9641500877181414e+02
sample 5394: 3.3265607964842690e+02
sample 5395: -1.5730666735399265e+02
receiver 21
sample 5391: -1.0168558496293655e+03
sample 5392: 9.6233542407850859e+02
sample 5393: -8.8517901930334187e+02
sample 5394: 7.9273417591096984e+02
sample 5395: -6.9051533498152389e+02
receiver 22
sample 5391: 2.7611341618424086e+02
sample 5392: -1.3906222718115276e+02
sample 5393: -1.2027168384548094e+01
sample 5394: 1.7576960236212759e+02
sample 5395: -3.4680011674516862e+02
receiver 23
sample 5391: -1.1903030640301490e+03
sample 5392: 1.1413242217749880e+03
sample 5393: -1.0602120819326824e+03
sample 5394: 9.4980692022292544e+02
sample 5395: -8.1528112866822789e+02
receiver 24
sample 5391: 1.2343829363711716e+03
sample 5392: -1.2314064353000972e+03
sample 5393: 1.1709664925298725e+03
sample 5394: -1.0635780595117321e+03
sample 5395: 9.2956094164746855e+02
receiver 25
sample 5391: 9.6139476059929905e+02
sample 5392: -1.1109475683791848e+03
sample 5393: 1.2130708687098434e+03
sample 5394: -1.2622013645231277e+03
sample 5395: 1.2560560240702623e+03
receiver 26
sample 5391: 1.4344152366486555e+03
sample 5392: -1.4096466792620579e+03
sample 5393: 1.3125320605379254e+03
sample 5394: -1.1567840849115485e+03
sample 5395: 9.6954976783407426e+02
receiver 27
sample 5391: 1.4850122120835190e+03
sample 5392: -1.4785460792134331e+03
sample 5393: 1.4401291587278099e+03
sample 5394: -1.3827083445924725e+03
sample 5395: 1.3180433588352016e+03
receiver 28
sample 5391: 1.1284426976925456e+03
sample 5392: -1.2448224610338898e+03
sample 5393: 1.3041531728808720e+03
sample 5394: -1.3081522783514079e+03
sample 5395: 1.2602112401364243e+03
receiver 29
sample 5391: 8.9703491048648084e+02
sample 5392: -1.1034392887144311e+03
sample 5393: 1.2640813200853918e+03
sample 5394: -1.3715009523660551e+03
sample 5395: 1.4309539470368443e+03
receiver 30
sample 5391: 1.6243965745072937e+03
sample 5392: -1.6048828643370166e+03
sample 5393: 1.5481556338069911e+03
sample 5394: -1.4681708958869797e+03
sample 5395: 1.3758719347605791e+03
receiver 31
sample 5391: 9.8465581076268529e+02
sample 5392: -1.1719480693277017e+03
sample 5393: 1.3059994149543297e+03
sample 5394: -1.3824162372114909e+03
sample 5395: 1.4132430513951215e+03
receiver 32
sample 5391: -1.4383289727085523e+03
sample 5392: 1.5360107780257254e+03
sample 5393: -1.6315821189436076e+03
sample 5394: 1.7130639643326565e+03
sample 5395: -1.7668447502240010e+03
receiver 33
sample 5391: -1.8424518773347402e+03
sample 5392: 1.9686165522408910e+03
sample 5393: -2.0649610177410659e+03
sample 5394: 2.1329555247962703e+03
sample 5395: -2.1760738198667218e+03
receiver 34
sample 5391: -1.0577927105495130e+03
sample 5392: 1.1071571436902109e+03
sample 5393: -1.1586945540382580e+03
sample 5394: 1.2158903449211882e+03
sample 5395: -1.2777748249745143e+03
receiver 35
sample 5391: -1.0451343811912714e+03
sample 5392: 1.1446765996755021e+03
sample 5393: -1.2333186186720004e+03
sample 5394: 1.3051694917146240e+03
sample 5395: -1.3552998496078017e+03
receiver 36
sample 5391: -1.5908445675979640e+03
sample 5392: 1.6857552384182504e+03
sample 5393: -1.7632044934139826e+03
sample 5394: 1.8207362763548495e+03
sample 5395: -1.8590986838433175e+03
receiver 37
sample 5391: -1.1856607737629920e+03
sample 5392: 1.2081905269268079e+03
sample 5393: -1.2384014699539009e+03
sample 5394: 1.2841521599435741e+03
sample 5395: -1.3415349178356146e+03
receiver 38
sample 5391: -6.6286341717936830e+02
sample 5392: 7.1148815351904773e+02
sample 5393: -7.5564699542198650e+02
sample 5394: 7.9870597760874114e+02
sample 5395: -8.4145690993421408e+02
receiver 39
sample 5391: -8.5062897884232495e+02
sample 5392: 8.6912682731090194e+02
sample 5393: -8.8868545070525010e+02
sample 5394: 9.1781356218508142e+02
sample 5395: -9.5970188632915801e+02
receiver 40
sample 5391: 9.8259505947400760e+02
sample 5392: -1.0196540692003101e+03
sample 5393: 1.0401014715860097e+03
sample 5394: -1.0411649893040906e+03
sample 5395: 1.0125042953470351e+03
receiver 41
sample 5391: 1.5471721141979428e+03
sample 5392: -1.5401383376027648e+03
sample 5393: 1.4918147941435930e+03
sample 5394: -1.3985214565219183e+03
sample 5395: 1.2628996337319686e+03
receiver 42
sample 5391: 1.1229959692975599e+03
sample 5392: -1.0882076487546390e+03
sample 5393: 1.0366488674831789e+03
sample 5394: -9.6830431155945087e+02
sample 5395: 8.7985931647719849e+02
receiver 43
sample 5391: -2.8615635022143033e+02
sample 5392: 2.3999329855044780e+02
sample 5393: -1.7691291819396844e+02
sample 5394: 1.0581817727815668e+02
sample 5395: -3.6729456801874292e+01
receiver 44
sample 5391: 1.8044723179394991e+03
sample 5392: -1.7140774260910855e+03
sample 5393: 1.5758577218518114e+03
sample 5394: -1.3893847582063011e+03
sample 5395: 1.1595747618036414e+03
receiver 45
sample 5391: 2.5242586181669839e+02
sample 5392: -3.0277707163231247e+02
sample 5393: 3.6263768523937557e+02
sample 5394: -4.0886753533140029e+02
sample 5395: 4.2270343685460062e+02
receiver 46
sample 5391: -4.8036714524848797e+01
sample 5392: 9.9331630604890975e+01
sample 5393: -1.4314973056216945e+02
sample 5394: 1.7244585235634568e+02
sample 5395: -1.8527560623394274e+02
receiver 47
sample 5391: 6.1584058583155877e+02
sample 5392: -5.5883004771254537e+02
sample 5393: 4.8961636947568536e+02
sample 5394: -3.9975043655249607e+02
sample 5395: 2.8177342525205785e+02
sim data freed
--Date and time: Sun Aug 23 21:18:13 2026
