--Date and time: Sun Aug 23 21:17:51 2026
read constant: l
l=0.999
read constant: l2
l2=0.998001
read constant: Ts
Ts=0.0001853432282003711
read constant: fcc_flag
fcc_flag=2
closed file sim_consts.h5
a2 (double): 0.24950025
a2 (Real): 0.24950025
a1 (double): -0.9940030000000001
a1 (Real): -0.9940030000000001
sl2 (double): 0.24950025
sl2 (Real): 0.24950025
l2=0.998001
NN=12
read constant: Nx
Nx=334
read constant: Ny
Ny=110
read constant: Nz
Nz=120
Npts=4408800
read constant: Nb
Nb=276833
read and closed dataset: bn_ixyz
read and closed dataset: adj_bn
read and closed dataset: mat_bn
read and closed dataset: saf_bn
closed file vox_out.h5
read constant: Nt
Nt=5396
read constant: Ns
Ns=8
read constant: Nr
Nr=48
read constant: Nr
Nr=48
read constant: diff
diff=1
read and closed dataset: in_ixyz
read and closed dataset: out_ixyz
read and closed dataset: out_reorder
read and closed dataset: in_sigs
closed file comms_out.h5
read constant: Nmat
Nm=8
read and closed dataset: Mb
Mb[0]=11
Mb[1]=11
Mb[2]=11
Mb[3]=11
Mb[4]=11
Mb[5]=11
Mb[6]=11
Mb[7]=11
read and closed dataset: mat_00_DEF
DEF[0,0]=[0.4927449021249079, 34.20637372680105, 4749.216068971031]
DEF[0,1]=[0.9113559866416477, 126.5327488637081, 35135.63694030289]
DEF[0,2]=[0.3802024035287842, 105.5746732303023, 58631.98929956938]
DEF[0,3]=[0.005975241926194749, 3.318412550657397, 3685.829625771584]
DEF[0,4]=[0.00148247242914719, 1.64661286543706, 3657.854102801185]
DEF[0,5]=[0.0008713725082830322, 1.935703024915471, 8600.101942738487]
DEF[0,6]=[0.0005552598732640941, 2.46695461716902, 21920.78115566248]
DEF[0,7]=[8.277321252999886e-05, 0.7355033873721764, 13071.0218028541]
DEF[0,8]=[0.000131622597723555, 2.339135174808259, 83140.03006561362]
DEF[0,9]=[5.81246764274046e-05, 2.065929065482333, 146858.8959436307]
DEF[0,10]=[1.857380653406131e-05, 1.320339970349366, 187715.7096586791]
read and closed dataset: mat_01_DEF
DEF[1,0]=[0.362709100428077, 25.17928240322926, 3495.893880761826]
DEF[1,1]=[0.2459023437939194, 34.14110399047366, 9480.308025572871]
DEF[1,2]=[0.1169756784167993, 32.48182786359359, 18039.11985191963]
DEF[1,3]=[0.05322883780403812, 29.561186912195, 32834.22324097539]
DEF[1,4]=[0.07209436498988685, 80.07670603773252, 177885.7154994824]
DEF[1,5]=[0.05307301439971381, 117.8985950765609, 523809.6564984942]
DEF[1,6]=[0.02310412702264262, 102.6489317499425, 912114.3749840045]
DEF[1,7]=[0.01382255870048944, 122.824020424194, 2182770.978954665]
DEF[1,8]=[0.008451034268542436, 150.1878238459954, 5338135.360676059]
DEF[1,9]=[0.003893270737619835, 138.3787690704192, 9836810.753701152]
DEF[1,10]=[0.001613673454454209, 114.7097961368588, 16308550.27507439]
read and closed dataset: mat_02_DEF
DEF[2,0]=[1.379071827807842, 95.73522959784893, 13291.8880675299]
DEF[2,1]=[0.48872079534597, 67.85404009893114, 18841.72231504092]
DEF[2,2]=[19.94192478525964, 5537.477336404218, 3075295.447293617]
DEF[2,3]=[0.1353694834844873, 75.17884606506742, 83502.70312323057]
DEF[2,4]=[0.06194584434987348, 68.80453373796666, 152845.2445061769]
DEF[2,5]=[0.004855839278049141, 10.78696273944188, 47925.21270961636]
DEF[2,6]=[0.001546680050819468, 6.871718408575727, 61060.48094657972]
DEF[2,7]=[0.0007486371954207925, 6.652214844811538, 118220.0473399079]
DEF[2,8]=[0.0003376161310883348, 5.999955793837603, 213256.8098091642]
DEF[2,9]=[0.0001857976798669831, 6.603818734643434, 469439.8973254063]
DEF[2,10]=[7.153382396822429e-05, 5.085062496154363, 722954.7969162628]
read and closed dataset: mat_03_DEF
DEF[3,0]=[0.4873760197509073, 33.83366566591938, 4697.469247577117]
DEF[3,1]=[0.347227381991873, 48.20908159728406, 13386.70663080361]
DEF[3,2]=[0.1633136284193689, 45.34895832957184, 25185.01415321368]
DEF[3,3]=[0.06721559583826109, 37.32887799099483, 41461.95878169657]
DEF[3,4]=[234.061429287882, 259976.882666023, 577523428.1562364]
DEF[3,5]=[0.05540309110583785, 123.0747240976802, 546806.5918121318]
DEF[3,6]=[0.02678122949463829, 118.985867584632, 1057280.561947464]
DEF[3,7]=[0.01516768352339887, 134.7764846749892, 2395184.576909889]
DEF[3,8]=[0.01402013695346875, 249.1593090448397, 8855885.144309167]
DEF[3,9]=[0.005853946682843732, 208.0671987047614, 14790691.31385266]
DEF[3,10]=[0.00213043914318709, 151.4446675208104, 21531229.7409048]
read and closed dataset: mat_04_DEF
DEF[4,0]=[0.2365401200038285, 16.42062598992096, 2279.841220140615]
DEF[4,1]=[0.1588402676738195, 22.05339734814127, 6123.791425405237]
DEF[4,2]=[0.07536900829470342, 20.92848006365338, 11622.84837454914]
DEF[4,3]=[0.03569480980087993, 19.82348268064218, 22018.35324417575]
DEF[4,4]=[0.03541107729858307, 39.33181778792044, 87373.33108835274]
DEF[4,5]=[0.02393783635436473, 53.17650235761705, 236256.9750355949]
DEF[4,6]=[0.02037355880299789, 90.51733679540551, 804315.8625116833]
DEF[4,7]=[0.01938458068085195, 172.2468455406228, 3061090.28481613]
DEF[4,8]=[0.02008467813706338, 356.9354952542449, 12686580.97510553]
DEF[4,9]=[0.006853024907587366, 243.5774994935537, 17314981.06590701]
DEF[4,10]=[0.002965610576455967, 210.8137701017314, 29971868.87404233]
read and closed dataset: mat_05_DEF
DEF[5,0]=[0.169929878706983, 11.79653998110274, 1637.832694104512]
DEF[5,1]=[0.1155611855238518, 16.04452560866484, 4455.246817348874]
DEF[5,2]=[0.05347885806159263, 14.85001912712768, 8247.112076405119]
DEF[5,3]=[0.03446729594866543, 19.14177013684757, 21261.16098678735]
DEF[5,4]=[0.01065298899745405, 11.83249576429435, 26285.19677350726]
DEF[5,5]=[0.003414629022742783, 7.585398512642142, 33701.03763094962]
DEF[5,6]=[0.001534623139215896, 6.818150961725335, 60584.49315527511]
DEF[5,7]=[0.0005185400129063532, 4.607625152188111, 81884.55669634361]
DEF[5,8]=[0.0002051246610392528, 3.645379426907256, 129567.9524713582]
DEF[5,9]=[0.0001116982834097587, 3.970099180662356, 282218.9746009806]
DEF[5,10]=[4.337583480789613e-05, 3.083420102342039, 438376.7860438391]
read and closed dataset: mat_06_DEF
DEF[6,0]=[7.802156282370684, 541.6260473092159, 75199.41013913348]
DEF[6,1]=[5.034835511524991, 699.0370247058821, 194108.729387922]
DEF[6,2]=[2.42779510083332, 674.1505894273015, 374396.5189394955]
DEF[6,3]=[1.248733602182671, 693.4971519303033, 770281.6659931412]
DEF[6,4]=[0.5430810908809721, 603.211428177876, 1339998.881176813]
DEF[6,5]=[2.45343527925058, 5450.162871029103, 24214435.62987942]
DEF[6,6]=[0.4601523362610855, 2044.402963728088, 18166086.09253583]
DEF[6,7]=[0.2419639646921425, 2150.035140759746, 38209417.77328958]
DEF[6,8]=[0.1153149286286844, 2049.322915677326, 72839214.53471799]
DEF[6,9]=[0.06160591725376645, 2189.66302925084, 155654664.2075956]
DEF[6,10]=[0.02414864537655372, 1716.633672370039, 244057678.5293114]
read and closed dataset: mat_07_DEF
DEF[7,0]=[0.4873760197509073, 33.83366566591938, 4697.469247577117]
DEF[7,1]=[0.347227381991873, 48.20908159728406, 13386.70663080361]
DEF[7,2]=[0.1633136284193689, 45.34895832957184, 25185.01415321368]
DEF[7,3]=[0.06721559583826109, 37.32887799099483, 41461.95878169657]
DEF[7,4]=[234.061429287882, 259976.882666023, 577523428.1562364]
DEF[7,5]=[0.05540309110583785, 123.0747240976802, 546806.5918121318]
DEF[7,6]=[0.02678122949463829, 118.985867584632, 1057280.561947464]
DEF[7,7]=[0.01516768352339887, 134.7764846749892, 2395184.576909889]
DEF[7,8]=[0.01402013695346875, 249.1593090448397, 8855885.144309167]
DEF[7,9]=[0.005853946682843732, 208.0671987047614, 14790691.31385266]
DEF[7,10]=[0.00213043914318709, 151.4446675208104, 21531229.7409048]
closed file sim_mats.h5
bn_ixyz checked
checked adj_bn against mat_bn.
adj_bn filled
adj_bn double checked
K_bn calculated
bn_mask_raw filled
bn_mask double checked
Nbl = 150480
separated non-rigid bn
ABC nodes
sorted ABC nodes for FCC/GPU
max_in = 3.0677612681832255e+04, pow2 = 2, norm1 = 4.0000000000000000e+00, inv_infac = 1.3038824244524284e-04, infac = 7.6694031704580630e+03
ENGINE: fcc_flag=2
fcc=true
Air update: 7.224856s, 3292.78 Mvox/s
Boundary loop: 1.385919s, 1077.83 Mvox/s
Combined (total): 11.617837s, 2047.70 Mvox/s
wrote output dataset
RAW OUTPUTS
receiver 0
sample 5391: -6.6867797175576652e+02
sample 5392: 5.0918052852266925e+02
sample 5393: -3.3606495886954161e+02
sample 5394: 1.5729355403558662e+02
sample 5395: 1.9168011355789236e+01
receiver 1
sample 5391: -3.9520838256987849e+02
sample 5392: 2.4593794408693762e+02
sample 5393: -7.9571571143789981e+01
sample 5394: -1.0180257715570988e+02
sample 5395: 2.9490233746423030e+02
receiver 2
sample 5391: -7.8756359095025982e+02
sample 5392: 7.2990299062872180e+02
sample 5393: -6.5418532908463942e+02
sample 5394: 5.6375748543125712e+02
sample 5395: -4.6404488602840962e+02
receiver 3
sample 5391: 1.7895564968415371e+02
sample 5392: -2.6510431433304154e+02
sample 5393: 3.5071452792696044e+02
sample 5394: -4.2891666744867030e+02
sample 5395: 4.9341704707075456e+02
receiver 4
sample 5391: -2.3712777155946506e+02
sample 5392: 1.8740213334487547e+02
sample 5393: -1.2849544287055036e+02
sample 5394: 5.9885599718379737e+01
sample 5395: 1.4101629117020439e+01
receiver 5
sample 5391: 4.2173222243715151e+02
sample 5392: -5.2812900068785029e+02
sample 5393: 6.1694460009343538e+02
sample 5394: -6.8883426354955941e+02
sample 5395: 7.5128393926567060e+02
receiver 6
sample 5391: -2.2270077126919873e+01
sample 5392: 5.9713957179381005e+01
sample 5393: -9.1411135182817830e+01
sample 5394: 1.1104030542731483e+02
sample 5395: -1.1270348206998165e+02
receiver 7
sample 5391: 4.8456026016824643e+02
sample 5392: -4.8733595035842785e+02
sample 5393: 4.7448484543174123e+02
sample 5394: -4.5083141974981464e+02
sample 5395: 4.2209114082874186e+02
receiver 8
sample 5391: -2.4135580756976784e+00
sample 5392: 2.8982904280564014e+01
sample 5393: -7.5448530440228666e+01
sample 5394: 1.3484172054155630e+02
sample 5395: -1.9793375516249912e+02
receiver 9
sample 5391: -3.1398387346000391e+02
sample 5392: 2.9992318356881805e+02
sample 5393: -2.8905622472445577e+02
sample 5394: 2.8708853460394386e+02
sample 5395: -2.9862812934619535e+02
receiver 10
sample 5391: 1.4218328544652627e+02
sample 5392: -1.5756065522030156e+02
sample 5393: 1.8034914586979605e+02
sample 5394: -2.0148120807646049e+02
sample 5395: 2.1220081575310223e+02
receiver 11
sample 5391: 3.4873330348386111e+02
sample 5392: -2.4031719428402653e+02
sample 5393: 1.1092995654059757e+02
sample 5394: 3.4746468484682403e+01
sample 5395: -1.9037187597781573e+02
receiver 12
sample 5391: 1.4208988031265014e+02
sample 5392: -1.6380337791476529e+02
sample 5393: 1.8155674399306102e+02
sample 5394: -1.9375211968553182e+02
sample 5395: 1.9738086861187975e+02
receiver 13
sample 5391: 3.0623591706517209e+02
sample 5392: -2.3529385298476478e+02
sample 5393: 1.4204043019323561e+02
sample 5394: -2.2909447538176465e+01
sample 5395: -1.1971624495055603e+02
receiver 14
sample 5391: 4.5497368117771919e+02
sample 5392: -3.8429407751178150e+02
sample 5393: 3.1089437269789397e+02
sample 5394: -2.2788212277142111e+02
sample 5395: 1.3220268056772440e+02
receiver 15
sample 5391: 6.1557504233155635e+02
sample 5392: -5.1367153334401041e+02
sample 5393: 4.1183796309446615e+02
sample 5394: -3.1180958255539048e+02
sample 5395: 2.1044612186500626e+02
receiver 16
sample 5391: 4.8538237351188218e+02
sample 5392: -4.7233926907329936e+02
sample 5393: 4.5729435170672309e+02
sample 5394: -4.3631189420743624e+02
sample 5395: 4.0674202007285822e+02
receiver 17
sample 5391: -8.2258492227643876e+02
sample 5392: 6.8717585094951028e+02
sample 5393: -5.2017853878557548e+02
sample 5394: 3.3202992616466258e+02
sample 5395: -1.3422884080175274e+02
receiver 18
sample 5391: 5.3439727666917327e+02
sample 5392: -5.3464251174919536e+02
sample 5393: 5.2643815765359511e+02
sample 5394: -5.0317936117275815e+02
sample 5395: 4.6142422184369320e+02
receiver 19
sample 5391: 4.3426814755288274e+02
sample 5392: -2.8461343575561432e+02
sample 5393: 1.1678364516224656e+02
sample 5394: 6.8247475377861193e+01
sample 5395: -2.6488469307278041e+02
receiver 20
sample 5391: -7.7461736535120895e+02
sample 5392: 6.4062951984743802e+02
sample 5393: -4.8990374326082161e+02
sample 5394: 3.2587710261189767e+02
sample 5395: -1.5031592643365340e+02
receiver 21
sample 5391: -1.0168517583886970e+03
sample 5392: 9.6151341831556772e+02
sample 5393: -8.8350401481325218e+02
sample 5394: 7.9038512917596870e+02
sample 5395: -6.8747840928760832e+02
receiver 22
sample 5391: 2.6478630949317181e+02
sample 5392: -1.2745358739012848e+02
sample 5393: -2.3691054178449033e+01
sample 5394: 1.8744428928689419e+02
sample 5395: -3.5822984141991651e+02
receiver 23
sample 5391: -1.1899335326116507e+03
sample 5392: 1.1399843767552306e+03
sample 5393: -1.0578637071905273e+03
sample 5394: 9.4663680412304996e+02
sample 5395: -8.1129849651903100e+02
receiver 24
sample 5391: 1.2350142433175756e+03
sample 5392: -1.2304095529844378e+03
sample 5393: 1.1684699488813060e+03
sample 5394: -1.0595648776179419e+03
sample 5395: 9.2424429444747784e+02
receiver 25
sample 5391: 9.7039258381804075e+02
sample 5392: -1.1185719964973046e+03
sample 5393: 1.2193054673257848e+03
sample 5394: -1.2668773401968217e+03
sample 5395: 1.2592550914916376e+03
receiver 26
sample 5391: 1.4347410697123969e+03
sample 5392: -1.4081465047027623e+03
sample 5393: 1.3093622250641242e+03
sample 5394: -1.1519698500138179e+03
sample 5395: 9.6335610001635257e+02
receiver 27
sample 5391: 1.4897366300238127e+03
sample 5392: -1.4816470119288379e+03
sample 5393: 1.4417293634120222e+03
sample 5394: -1.3827556376652356e+03
sample 5395: 1.3166957773595925e+03
receiver 28
sample 5391: 1.1371983936017825e+03
sample 5392: -1.2520429348227717e+03
sample 5393: 1.3098604665980315e+03
sample 5394: -1.3122243492539831e+03
sample 5395: 1.2627741667551286e+03
receiver 29
sample 5391: 9.1089939155655156e+02
sample 5392: -1.1161449117309503e+03
sample 5393: 1.2755541754403673e+03
sample 5394: -1.3815209997847380e+03
sample 5395: 1.4395513170408396e+03
receiver 30
sample 5391: 1.6289559779686592e+03
sample 5392: -1.6076778352849867e+03
sample 5393: 1.5493217346940753e+03
sample 5394: -1.4676760764112498e+03
sample 5395: 1.3739000440149607e+03
receiver 31
sample 5391: 9.9839166124532210e+02
sample 5392: -1.1844335030433510e+03
sample 5393: 1.3171863270774627e+03
sample 5394: -1.3921168866500891e+03
sample 5395: 1.4215170175101230e+03
receiver 32
sample 5391: -1.4417173641346139e+03
sample 5392: 1.5383397849728415e+03
sample 5393: -1.6326671204673780e+03
sample 5394: 1.7129242461756576e+03
sample 5395: -1.7653144738720212e+03
receiver 33
sample 5391: -1.8536260243027832e+03
sample 5392: 1.9783077302249721e+03
sample 5393: -2.0729689108131824e+03
sample 5394: 2.1393026178607820e+03
sample 5395: -2.1806106158893076e+03
receiver 34
sample 5391: -1.0602740870973992e+03
sample 5392: 1.1088128600508903e+03
sample 5393: -1.1593804617025608e+03
sample 5394: 1.2156595272203558e+03
sample 5395: -1.2764749906793886e+03
receiver 35
sample 5391: -1.0474471850468751e+03
sample 5392: 1.1464608198518492e+03
sample 5393: -1.2343908878941565e+03
sample 5394: 1.3055581503140247e+03
sample 5395: -1.3548508875722544e+03
receiver 36
sample 5391: -1.6005375500162795e+03
sample 5392: 1.6940996841593997e+03
sample 5393: -1.7700262848596760e+03
sample 5394: 1.8260728634111301e+03
sample 5395: -1.8628078179310382e+03
receiver 37
sample 5391: -1.1947597698496559e+03
sample 5392: 1.2166007134210513e+03
sample 5393: -1.2460059458798398e+03
sample 5394: 1.2910140236994514e+03
sample 5395: -1.3475042572767486e+03
receiver 38
sample 5391: -6.6394997447022865e+02
sample 5392: 7.1225937938882817e+02
sample 5393: -7.5596291779310366e+02
sample 5394: 7.9862877451533006e+02
sample 5395: -8.4084935664380146e+02
receiver 39
sample 5391: -8.5793545424150432e+02
sample 5392: 8.7591780769388208e+02
sample 5393: -8.9485063767029658e+02
sample 5394: 9.2343376579540097e+02
sample 5395: -9.6464906783111030e+02
receiver 40
sample 5391: 9.8616326016761150e+02
sample 5392: -1.0222670094047897e+03
sample 5393: 1.0418339168228690e+03
sample 5394: -1.0419017389795856e+03
sample 5395: 1.0123563252880716e+03
receiver 41
sample 5391: 1.5465966102284031e+03
sample 5392: -1.5381124022256961e+03
sample 5393: 1.4884611798347066e+03
sample 5394: -1.3938040332002213e+03
sample 5395: 1.2570249715558357e+03
receiver 42
sample 5391: 1.1209531377819076e+03
sample 5392: -1.0851160630721599e+03
sample 5393: 1.0326472884375235e+03
sample 5394: -9.6334369656826550e+02
sample 5395: 8.7411049882836198e+02
receiver 43
sample 5391: -2.8572848900093459e+02
sample 5392: 2.3937393738600827e+02
sample 5393: -1.7605112436065968e+02
sample 5394: 1.0488108715000277e+02
sample 5395: -3.5682548005193240e+01
receiver 44
sample 5391: 1.7974851611272859e+03
sample 5392: -1.7054435720328258e+03
sample 5393: 1.5657798299792835e+03
sample 5394: -1.3779120859394038e+03
sample 5395: 1.1469984582565992e+03
receiver 45
sample 5391: 2.4931668561458687e+02
sample 5392: -2.9937532322469292e+02
sample 5393: 3.5898863523014910e+02
sample 5394: -4.0481607787075109e+02
sample 5395: 4.1832005015727805e+02
receiver 46
sample 5391: -5.3728832283527517e+01
sample 5392: 1.0500510181941642e+02
sample 5393: -1.4866034729283302e+02
sample 5394: 1.7786058095550538e+02
sample 5395: -1.9047251372534797e+02
receiver 47
sample 5391: 6.0576409913021268e+02
sample 5392: -5.4817796642011308e+02
sample 5393: 4.7854247056141122e+02
sample 5394: -3.8822244710787419e+02
sample 5395: 2.6998433951667056e+02
sim data freed
--Date and time: Sun Aug 23 21:18:02 2026
