--Date and time: Mon Aug 24 04:27:21 2026
read constant: l
l=0.999
read constant: l2
l2=0.998001
read constant: Ts
Ts=0.0001853432282003711
read constant: fcc_flag
fcc_flag=2
closed file sim_consts.h5
a2 (double): 0.24950025
a2 (Real): 0.2495002448558807
a1 (double): -0.9940033569129691
a1 (Real): -0.9940033555030823
sl2 (double): 0.2495002797427474
sl2 (Real): 0.2495002746582031
l2=0.998001
NN=12
read constant: Nx
Nx=334
read constant: Ny
Ny=110
read constant: Nz
Nz=120
Npts=4408800
read constant: Nb
Nb=276833
read and closed dataset: bn_ixyz
read and closed dataset: adj_bn
read and closed dataset: mat_bn
read and closed dataset: saf_bn
closed file vox_out.h5
read constant: Nt
Nt=5396
read constant: Ns
Ns=8
read constant: Nr
Nr=48
read constant: Nr
Nr=48
read constant: diff
diff=1
read and closed dataset: in_ixyz
read and closed dataset: out_ixyz
read and closed dataset: out_reorder
read and closed dataset: in_sigs
closed file comms_out.h5
read constant: Nmat
Nm=8
read and closed dataset: Mb
Mb[0]=11
Mb[1]=11
Mb[2]=11
Mb[3]=11
Mb[4]=11
Mb[5]=11
Mb[6]=11
Mb[7]=11
read and closed dataset: mat_00_DEF
DEF[0,0]=[0.4927449021249079, 34.20637372680105, 4749.216068971031]
DEF[0,1]=[0.9113559866416477, 126.5327488637081, 35135.63694030289]
DEF[0,2]=[0.3802024035287842, 105.5746732303023, 58631.98929956938]
DEF[0,3]=[0.005975241926194749, 3.318412550657397, 3685.829625771584]
DEF[0,4]=[0.00148247242914719, 1.64661286543706, 3657.854102801185]
DEF[0,5]=[0.0008713725082830322, 1.935703024915471, 8600.101942738487]
DEF[0,6]=[0.0005552598732640941, 2.46695461716902, 21920.78115566248]
DEF[0,7]=[8.277321252999886e-05, 0.7355033873721764, 13071.0218028541]
DEF[0,8]=[0.000131622597723555, 2.339135174808259, 83140.03006561362]
DEF[0,9]=[5.81246764274046e-05, 2.065929065482333, 146858.8959436307]
DEF[0,10]=[1.857380653406131e-05, 1.320339970349366, 187715.7096586791]
read and closed dataset: mat_01_DEF
DEF[1,0]=[0.362709100428077, 25.17928240322926, 3495.893880761826]
DEF[1,1]=[0.2459023437939194, 34.14110399047366, 9480.308025572871]
DEF[1,2]=[0.1169756784167993, 32.48182786359359, 18039.11985191963]
DEF[1,3]=[0.05322883780403812, 29.561186912195, 32834.22324097539]
DEF[1,4]=[0.07209436498988685, 80.07670603773252, 177885.7154994824]
DEF[1,5]=[0.05307301439971381, 117.8985950765609, 523809.6564984942]
DEF[1,6]=[0.02310412702264262, 102.6489317499425, 912114.3749840045]
DEF[1,7]=[0.01382255870048944, 122.824020424194, 2182770.978954665]
DEF[1,8]=[0.008451034268542436, 150.1878238459954, 5338135.360676059]
DEF[1,9]=[0.003893270737619835, 138.3787690704192, 9836810.753701152]
DEF[1,10]=[0.001613673454454209, 114.7097961368588, 16308550.27507439]
read and closed dataset: mat_02_DEF
DEF[2,0]=[1.379071827807842, 95.73522959784893, 13291.8880675299]
DEF[2,1]=[0.48872079534597, 67.85404009893114, 18841.72231504092]
DEF[2,2]=[19.94192478525964, 5537.477336404218, 3075295.447293617]
DEF[2,3]=[0.1353694834844873, 75.17884606506742, 83502.70312323057]
DEF[2,4]=[0.06194584434987348, 68.80453373796666, 152845.2445061769]
DEF[2,5]=[0.004855839278049141, 10.78696273944188, 47925.21270961636]
DEF[2,6]=[0.001546680050819468, 6.871718408575727, 61060.48094657972]
DEF[2,7]=[0.0007486371954207925, 6.652214844811538, 118220.0473399079]
DEF[2,8]=[0.0003376161310883348, 5.999955793837603, 213256.8098091642]
DEF[2,9]=[0.0001857976798669831, 6.603818734643434, 469439.8973254063]
DEF[2,10]=[7.153382396822429e-05, 5.085062496154363, 722954.7969162628]
read and closed dataset: mat_03_DEF
DEF[3,0]=[0.4873760197509073, 33.83366566591938, 4697.469247577117]
DEF[3,1]=[0.347227381991873, 48.20908159728406, 13386.70663080361]
DEF[3,2]=[0.1633136284193689, 45.34895832957184, 25185.01415321368]
DEF[3,3]=[0.06721559583826109, 37.32887799099483, 41461.95878169657]
DEF[3,4]=[234.061429287882, 259976.882666023, 577523428.1562364]
DEF[3,5]=[0.05540309110583785, 123.0747240976802, 546806.5918121318]
DEF[3,6]=[0.02678122949463829, 118.985867584632, 1057280.561947464]
DEF[3,7]=[0.01516768352339887, 134.7764846749892, 2395184.576909889]
DEF[3,8]=[0.01402013695346875, 249.1593090448397, 8855885.144309167]
DEF[3,9]=[0.005853946682843732, 208.0671987047614, 14790691.31385266]
DEF[3,10]=[0.00213043914318709, 151.4446675208104, 21531229.7409048]
read and closed dataset: mat_04_DEF
DEF[4,0]=[0.2365401200038285, 16.42062598992096, 2279.841220140615]
DEF[4,1]=[0.1588402676738195, 22.05339734814127, 6123.791425405237]
DEF[4,2]=[0.07536900829470342, 20.92848006365338, 11622.84837454914]
DEF[4,3]=[0.03569480980087993, 19.82348268064218, 22018.35324417575]
DEF[4,4]=[0.03541107729858307, 39.33181778792044, 87373.33108835274]
DEF[4,5]=[0.02393783635436473, 53.17650235761705, 236256.9750355949]
DEF[4,6]=[0.02037355880299789, 90.51733679540551, 804315.8625116833]
DEF[4,7]=[0.01938458068085195, 172.2468455406228, 3061090.28481613]
DEF[4,8]=[0.02008467813706338, 356.9354952542449, 12686580.97510553]
DEF[4,9]=[0.006853024907587366, 243.5774994935537, 17314981.06590701]
DEF[4,10]=[0.002965610576455967, 210.8137701017314, 29971868.87404233]
read and closed dataset: mat_05_DEF
DEF[5,0]=[0.169929878706983, 11.79653998110274, 1637.832694104512]
DEF[5,1]=[0.1155611855238518, 16.04452560866484, 4455.246817348874]
DEF[5,2]=[0.05347885806159263, 14.85001912712768, 8247.112076405119]
DEF[5,3]=[0.03446729594866543, 19.14177013684757, 21261.16098678735]
DEF[5,4]=[0.01065298899745405, 11.83249576429435, 26285.19677350726]
DEF[5,5]=[0.003414629022742783, 7.585398512642142, 33701.03763094962]
DEF[5,6]=[0.001534623139215896, 6.818150961725335, 60584.49315527511]
DEF[5,7]=[0.0005185400129063532, 4.607625152188111, 81884.55669634361]
DEF[5,8]=[0.0002051246610392528, 3.645379426907256, 129567.9524713582]
DEF[5,9]=[0.0001116982834097587, 3.970099180662356, 282218.9746009806]
DEF[5,10]=[4.337583480789613e-05, 3.083420102342039, 438376.7860438391]
read and closed dataset: mat_06_DEF
DEF[6,0]=[7.802156282370684, 541.6260473092159, 75199.41013913348]
DEF[6,1]=[5.034835511524991, 699.0370247058821, 194108.729387922]
DEF[6,2]=[2.42779510083332, 674.1505894273015, 374396.5189394955]
DEF[6,3]=[1.248733602182671, 693.4971519303033, 770281.6659931412]
DEF[6,4]=[0.5430810908809721, 603.211428177876, 1339998.881176813]
DEF[6,5]=[2.45343527925058, 5450.162871029103, 24214435.62987942]
DEF[6,6]=[0.4601523362610855, 2044.402963728088, 18166086.09253583]
DEF[6,7]=[0.2419639646921425, 2150.035140759746, 38209417.77328958]
DEF[6,8]=[0.1153149286286844, 2049.322915677326, 72839214.53471799]
DEF[6,9]=[0.06160591725376645, 2189.66302925084, 155654664.2075956]
DEF[6,10]=[0.02414864537655372, 1716.633672370039, 244057678.5293114]
read and closed dataset: mat_07_DEF
DEF[7,0]=[0.4873760197509073, 33.83366566591938, 4697.469247577117]
DEF[7,1]=[0.347227381991873, 48.20908159728406, 13386.70663080361]
DEF[7,2]=[0.1633136284193689, 45.34895832957184, 25185.01415321368]
DEF[7,3]=[0.06721559583826109, 37.32887799099483, 41461.95878169657]
DEF[7,4]=[234.061429287882, 259976.882666023, 577523428.1562364]
DEF[7,5]=[0.05540309110583785, 123.0747240976802, 546806.5918121318]
DEF[7,6]=[0.02678122949463829, 118.985867584632, 1057280.561947464]
DEF[7,7]=[0.01516768352339887, 134.7764846749892, 2395184.576909889]
DEF[7,8]=[0.01402013695346875, 249.1593090448397, 8855885.144309167]
DEF[7,9]=[0.005853946682843732, 208.0671987047614, 14790691.31385266]
DEF[7,10]=[0.00213043914318709, 151.4446675208104, 21531229.7409048]
closed file sim_mats.h5
bn_ixyz checked
checked adj_bn against mat_bn.
adj_bn filled
adj_bn double checked
K_bn calculated
bn_mask_raw filled
bn_mask double checked
Nbl = 150480
separated non-rigid bn
ABC nodes
sorted ABC nodes for FCC/GPU
max_in = 3.0677612681832255e+04, pow2 = 2, norm1 = 4.0000000000000000e+00, inv_infac = 1.3038824244524284e-04, infac = 7.6694031704580630e+03
gid=0, Nx[0]=334, Nx=334
Nxcc[0]=334
gid=0, Nb[0]=276833, Nb=276833
gid=0, Nbl[0]=150480, Nbl=150480
gid=0, Nba[0]=135048, Nbl=135048
gid=0, Ns[0]=8, Ns=8
gid=0, Nr[0]=48, Nr=48
Device Number: 0 [NVIDIA GeForce RTX 4090]
  Compute: 8.9
  Peak Memory Bandwidth: 1008.096 GB/s
  Total global memory: [ 25.251 GB | 23.516 GiB | 24080 MiB ]
  Registers per block: 65536
  Concurrent Kernels: 1
  Async Engine: 2
a1 = -0.9940033555030823
a2 = 0.2495002448558807
GPU 0 -- Nx=334 Ns=8 Nr=48 Nb=276833 Nbl=150480 Nba=135048
---------
GPU 0
---------
Nx to read = 334
Nb to read = 276833
Nbl to read = 150480
Nba to read = 135048
Ns to read = 8
Nr to read = 48
Nx=334 Ns=8 Nr=48 Nb=276833, Npts=4408800
Nx_read = 334
Nb_read = 276833
Nbl_read = 150480
Ns_read = 8
Nr_read = 48
Global memory allocation done
Constant memory loaded
Boundary loop: 0.252739s, 5910.42 Mvox/s
Air update: 0.338943s, 70188.53 Mvox/s
Combined (total): 0.745334s, 31918.43 Mvox/s
wrote output dataset
RAW OUTPUTS
receiver 0
sample 5391: -6.7424937661344768e+02
sample 5392: 5.1474554690950026e+02
sample 5393: -3.4159369695556597e+02
sample 5394: 1.6260584209394315e+02
sample 5395: 1.4104893379150143e+01
receiver 1
sample 5391: -4.0211452352817321e+02
sample 5392: 2.5267248455854434e+02
sample 5393: -8.6107900325685364e+01
sample 5394: -9.5641617828129640e+01
sample 5395: 2.8915625073939668e+02
receiver 2
sample 5391: -7.9172825683139240e+02
sample 5392: 7.3419333110767082e+02
sample 5393: -6.5863397429632539e+02
sample 5394: 5.6824839651346349e+02
sample 5395: -4.6859520922370325e+02
receiver 3
sample 5391: 1.7572031781281291e+02
sample 5392: -2.6221257333895801e+02
sample 5393: 3.4814705633525045e+02
sample 5394: -4.2679499728257537e+02
sample 5395: 4.9170814860236641e+02
receiver 4
sample 5391: -2.4228018735090853e+02
sample 5392: 1.9232512531414818e+02
sample 5393: -1.3322675083239889e+02
sample 5394: 6.4314965459500343e+01
sample 5395: 9.9490835770226074e+00
receiver 5
sample 5391: 4.1718445302470667e+02
sample 5392: -5.2408658325218914e+02
sample 5393: 6.1340092921359917e+02
sample 5394: -6.8590572965605702e+02
sample 5395: 7.4893258270636773e+02
receiver 6
sample 5391: -2.4307612925099644e+01
sample 5392: 6.1580351527924819e+01
sample 5393: -9.3204882569687342e+01
sample 5394: 1.1271034293497048e+02
sample 5395: -1.1433016893180123e+02
receiver 7
sample 5391: 4.8131542283343219e+02
sample 5392: -4.8462048756660437e+02
sample 5393: 4.7222089494957646e+02
sample 5394: -4.4907261354917290e+02
sample 5395: 4.2074691167369099e+02
receiver 8
sample 5391: -8.6697414962371977e-01
sample 5392: 2.7375140415951673e+01
sample 5393: -7.3874360926406396e+01
sample 5394: 1.3326607847421434e+02
sample 5395: -1.9646525602260698e+02
receiver 9
sample 5391: -3.1197094002513467e+02
sample 5392: 2.9804726914802433e+02
sample 5393: -2.8737854990292789e+02
sample 5394: 2.8553176498515893e+02
sample 5395: -2.9726331625025881e+02
receiver 10
sample 5391: 1.4216222533304602e+02
sample 5392: -1.5767718716720273e+02
sample 5393: 1.8055194646159816e+02
sample 5394: -2.0186429983045861e+02
sample 5395: 2.1271295767937173e+02
receiver 11
sample 5391: 3.5397946132803258e+02
sample 5392: -2.4579604710138139e+02
sample 5393: 1.1649800340356964e+02
sample 5394: 2.9106369136626423e+01
sample 5395: -1.8481883131674365e+02
receiver 12
sample 5391: 1.4293500706630019e+02
sample 5392: -1.6478574770894951e+02
sample 5393: 1.8262239752099612e+02
sample 5394: -1.9498741952662067e+02
sample 5395: 1.9872288837176441e+02
receiver 13
sample 5391: 3.1180340112821796e+02
sample 5392: -2.4105910192878679e+02
sample 5393: 1.4789368985468101e+02
sample 5394: -2.8861308857847494e+01
sample 5395: -1.1381572394921565e+02
receiver 14
sample 5391: 4.5885252523216474e+02
sample 5392: -3.8846981748556055e+02
sample 5393: 3.1526137653265516e+02
sample 5394: -2.3246861927334240e+02
sample 5395: 1.3688550720513109e+02
receiver 15
sample 5391: 6.2042144897928029e+02
sample 5392: -5.1888870611780101e+02
sample 5393: 4.1729670751413124e+02
sample 5394: -3.1752458017869162e+02
sample 5395: 2.1629198736522707e+02
receiver 16
sample 5391: 4.8835085653229731e+02
sample 5392: -4.7568338453302334e+02
sample 5393: 4.6093690453376030e+02
sample 5394: -4.4031244919031985e+02
sample 5395: 4.1101617025700091e+02
receiver 17
sample 5391: -8.2666057397057182e+02
sample 5392: 6.9166982197787604e+02
sample 5393: -5.2505907455049226e+02
sample 5394: 3.3710511734076414e+02
sample 5395: -1.3943900398931933e+02
receiver 18
sample 5391: 5.3704199130247366e+02
sample 5392: -5.3771323257876293e+02
sample 5393: 5.2986438953555648e+02
sample 5394: -5.0702190090692972e+02
sample 5395: 4.6559625154059341e+02
receiver 19
sample 5391: 4.4197103855658986e+02
sample 5392: -2.9262082598782905e+02
sample 5393: 1.2492828984567642e+02
sample 5394: 6.0007110144228911e+01
sample 5395: -2.5673844559162870e+02
receiver 20
sample 5391: -7.7903958533322486e+02
sample 5392: 6.4542280086316259e+02
sample 5393: -4.9503812703235155e+02
sample 5394: 3.3117694318316882e+02
sample 5395: -1.5574129007012218e+02
receiver 21
sample 5391: -1.0174896632189289e+03
sample 5392: 9.6273461464258094e+02
sample 5393: -8.8532501585232615e+02
sample 5394: 7.9266526325418897e+02
sample 5395: -6.9021197072377129e+02
receiver 22
sample 5391: 2.7216116674899558e+02
sample 5392: -1.3503796516240160e+02
sample 5393: -1.6051200944437394e+01
sample 5394: 1.7977440769793191e+02
sample 5395: -3.5070136738590566e+02
receiver 23
sample 5391: -1.1909000784895575e+03
sample 5392: 1.1416335858909181e+03
sample 5393: -1.0602149390080049e+03
sample 5394: 9.4954446928379230e+02
sample 5395: -8.1473971289459712e+02
receiver 24
sample 5391: 1.2342041977389904e+03
sample 5392: -1.2307496508249403e+03
sample 5393: 1.1698746326245916e+03
sample 5394: -1.0620513527423529e+03
sample 5395: 9.2765967230329773e+02
receiver 25
sample 5391: 9.6363847899163545e+02
sample 5392: -1.1127772394157714e+03
sample 5393: 1.2144902637301061e+03
sample 5394: -1.2631760843401823e+03
sample 5395: 1.2566164679655415e+03
receiver 26
sample 5391: 1.4341193579282483e+03
sample 5392: -1.4088117275697844e+03
sample 5393: 1.3112144916821599e+03
sample 5394: -1.1549990985330071e+03
sample 5395: 9.6736947651389937e+02
receiver 27
sample 5391: 1.4862814392248263e+03
sample 5392: -1.4793221751540614e+03
sample 5393: 1.4404504082770820e+03
sample 5394: -1.3825610337888397e+03
sample 5395: 1.3174732008838257e+03
receiver 28
sample 5391: 1.1306132749566236e+03
sample 5392: -1.2465324777559663e+03
sample 5393: 1.3054120002680054e+03
sample 5394: -1.3089366026689652e+03
sample 5395: 1.2605665460235416e+03
receiver 29
sample 5391: 9.0091527590660974e+02
sample 5392: -1.1069768050958492e+03
sample 5393: 1.2672612449194346e+03
sample 5394: -1.3742590585994706e+03
sample 5395: 1.4332966345183552e+03
receiver 30
sample 5391: 1.6255736895402008e+03
sample 5392: -1.6055271919637671e+03
sample 5393: 1.5483063731010111e+03
sample 5394: -1.4678216469995461e+03
sample 5395: 1.3750801820471829e+03
receiver 31
sample 5391: 9.8846646354494305e+02
sample 5392: -1.1753858166388547e+03
sample 5393: 1.3090604854549529e+03
sample 5394: -1.3850516034890479e+03
sample 5395: 1.4154675702412901e+03
receiver 32
sample 5391: -1.4389743288824191e+03
sample 5392: 1.5363619697243782e+03
sample 5393: -1.6315836046227753e+03
sample 5394: 1.7127244295013197e+03
sample 5395: -1.7661187102430245e+03
receiver 33
sample 5391: -1.8454163786894596e+03
sample 5392: 1.9711575207497897e+03
sample 5393: -2.0670215404637179e+03
sample 5394: 2.1345388016570369e+03
sample 5395: -2.1771336805283900e+03
receiver 34
sample 5391: -1.0582193290366822e+03
sample 5392: 1.1073634245285020e+03
sample 5393: -1.1586361554186642e+03
sample 5394: 1.2155840664466066e+03
sample 5395: -1.2771776962320930e+03
receiver 35
sample 5391: -1.0454318598738596e+03
sample 5392: 1.1448648237977545e+03
sample 5393: -1.2333462751611230e+03
sample 5394: 1.3050525801924234e+03
sample 5395: -1.3550031709063039e+03
receiver 36
sample 5391: -1.5934506774242177e+03
sample 5392: 1.6879758716419803e+03
sample 5393: -1.7649970224713757e+03
sample 5394: 1.8221113295661055e+03
sample 5395: -1.8600135193616109e+03
receiver 37
sample 5391: -1.1879756904723672e+03
sample 5392: 1.2103376761732409e+03
sample 5393: -1.2403538809463460e+03
sample 5394: 1.2859310893224315e+03
sample 5395: -1.3431004808293810e+03
receiver 38
sample 5391: -6.6281216124808111e+02
sample 5392: 7.1139729852378935e+02
sample 5393: -7.5547905653452472e+02
sample 5394: 7.9848569710136951e+02
sample 5395: -8.4115200285578726e+02
receiver 39
sample 5391: -8.5245156433211150e+02
sample 5392: 8.7084587239099790e+02
sample 5393: -8.9027398458461016e+02
sample 5394: 9.1929324149465083e+02
sample 5395: -9.6103911186314303e+02
receiver 40
sample 5391: 9.8348292420125563e+02
sample 5392: -1.0202507408106799e+03
sample 5393: 1.0404236353993849e+03
sample 5394: -1.0411830460201293e+03
sample 5395: 1.0122551583789051e+03
receiver 41
sample 5391: 1.5467572668611026e+03
sample 5392: -1.5393160713249233e+03
sample 5393: 1.4906204223757372e+03
sample 5394: -1.3969466366041065e+03
sample 5395: 1.2610035642648850e+03
receiver 42
sample 5391: 1.1223975834419966e+03
sample 5392: -1.0872817277840941e+03
sample 5393: 1.0354304962826136e+03
sample 5394: -9.6678011901635546e+02
sample 5395: 8.7807793001356367e+02
receiver 43
sample 5391: -2.8634543146627936e+02
sample 5392: 2.4009972460621427e+02
sample 5393: -1.7691747522910796e+02
sample 5394: 1.0576596422663634e+02
sample 5395: -3.6611698871109589e+01
receiver 44
sample 5391: 1.8023495109748146e+03
sample 5392: -1.7114787446606706e+03
sample 5393: 1.5728412217262207e+03
sample 5394: -1.3859655247432381e+03
sample 5395: 1.1558346216403454e+03
receiver 45
sample 5391: 2.5114106361488285e+02
sample 5392: -3.0145835994641777e+02
sample 5393: 3.6130437389858247e+02
sample 5394: -4.0748231093199570e+02
sample 5395: 4.2128772746150406e+02
receiver 46
sample 5391: -4.9904034671498891e+01
sample 5392: 1.0117612271971358e+02
sample 5393: -1.4493165987011562e+02
sample 5394: 1.7418421126562237e+02
sample 5395: -1.8693590984540626e+02
receiver 47
sample 5391: 6.1262940459348692e+02
sample 5392: -5.5549446941492795e+02
sample 5393: 4.8620325015381280e+02
sample 5394: -3.9625234781052973e+02
sample 5395: 2.7824867999733175e+02
sim data freed
--Date and time: Mon Aug 24 04:27:22 2026
